Component: ARM Compiler 5.06 update 3 (build 300) Tool: armlink [4d35c9]

==============================================================================

Section Cross References

    system_stm32f4xx.o(i.SystemCoreClockUpdate) refers to system_stm32f4xx.o(.data) for SystemCoreClock
    system_stm32f4xx.o(i.SystemCoreClockUpdate) refers to system_stm32f4xx.o(.constdata) for AHBPrescTable
    startup_stm32f429xx.o(RESET) refers to startup_stm32f429xx.o(STACK) for __initial_sp
    startup_stm32f429xx.o(RESET) refers to startup_stm32f429xx.o(.text) for Reset_Handler
    startup_stm32f429xx.o(RESET) refers to stm32f4xx_it.o(i.NMI_Handler) for NMI_Handler
    startup_stm32f429xx.o(RESET) refers to stm32f4xx_it.o(i.HardFault_Handler) for HardFault_Handler
    startup_stm32f429xx.o(RESET) refers to stm32f4xx_it.o(i.MemManage_Handler) for MemManage_Handler
    startup_stm32f429xx.o(RESET) refers to stm32f4xx_it.o(i.BusFault_Handler) for BusFault_Handler
    startup_stm32f429xx.o(RESET) refers to stm32f4xx_it.o(i.UsageFault_Handler) for UsageFault_Handler
    startup_stm32f429xx.o(RESET) refers to stm32f4xx_it.o(i.SVC_Handler) for SVC_Handler
    startup_stm32f429xx.o(RESET) refers to stm32f4xx_it.o(i.DebugMon_Handler) for DebugMon_Handler
    startup_stm32f429xx.o(RESET) refers to stm32f4xx_it.o(i.PendSV_Handler) for PendSV_Handler
    startup_stm32f429xx.o(RESET) refers to stm32f4xx_it.o(i.SysTick_Handler) for SysTick_Handler
    startup_stm32f429xx.o(RESET) refers to stm32f4xx_it.o(i.EXTI2_IRQHandler) for EXTI2_IRQHandler
    startup_stm32f429xx.o(RESET) refers to stm32f4xx_it.o(i.EXTI4_IRQHandler) for EXTI4_IRQHandler
    startup_stm32f429xx.o(RESET) refers to stm32f4xx_it.o(i.DMA1_Stream0_IRQHandler) for DMA1_Stream0_IRQHandler
    startup_stm32f429xx.o(RESET) refers to stm32f4xx_it.o(i.DMA1_Stream1_IRQHandler) for DMA1_Stream1_IRQHandler
    startup_stm32f429xx.o(RESET) refers to stm32f4xx_it.o(i.DMA1_Stream2_IRQHandler) for DMA1_Stream2_IRQHandler
    startup_stm32f429xx.o(RESET) refers to stm32f4xx_it.o(i.DMA1_Stream3_IRQHandler) for DMA1_Stream3_IRQHandler
    startup_stm32f429xx.o(RESET) refers to stm32f4xx_it.o(i.DMA1_Stream5_IRQHandler) for DMA1_Stream5_IRQHandler
    startup_stm32f429xx.o(RESET) refers to stm32f4xx_it.o(i.DMA1_Stream6_IRQHandler) for DMA1_Stream6_IRQHandler
    startup_stm32f429xx.o(RESET) refers to stm32f4xx_it.o(i.I2C1_EV_IRQHandler) for I2C1_EV_IRQHandler
    startup_stm32f429xx.o(RESET) refers to stm32f4xx_it.o(i.I2C1_ER_IRQHandler) for I2C1_ER_IRQHandler
    startup_stm32f429xx.o(RESET) refers to stm32f4xx_it.o(i.USART2_IRQHandler) for USART2_IRQHandler
    startup_stm32f429xx.o(RESET) refers to stm32f4xx_it.o(i.USART3_IRQHandler) for USART3_IRQHandler
    startup_stm32f429xx.o(RESET) refers to stm32f4xx_it.o(i.EXTI15_10_IRQHandler) for EXTI15_10_IRQHandler
    startup_stm32f429xx.o(RESET) refers to stm32f4xx_it.o(i.DMA1_Stream7_IRQHandler) for DMA1_Stream7_IRQHandler
    startup_stm32f429xx.o(RESET) refers to stm32f4xx_it.o(i.DMA2_Stream0_IRQHandler) for DMA2_Stream0_IRQHandler
    startup_stm32f429xx.o(RESET) refers to stm32f4xx_it.o(i.DMA2_Stream1_IRQHandler) for DMA2_Stream1_IRQHandler
    startup_stm32f429xx.o(RESET) refers to stm32f4xx_it.o(i.DMA2_Stream2_IRQHandler) for DMA2_Stream2_IRQHandler
    startup_stm32f429xx.o(RESET) refers to stm32f4xx_it.o(i.DMA2_Stream3_IRQHandler) for DMA2_Stream3_IRQHandler
    startup_stm32f429xx.o(RESET) refers to stm32f4xx_it.o(i.DMA2_Stream6_IRQHandler) for DMA2_Stream6_IRQHandler
    startup_stm32f429xx.o(RESET) refers to stm32f4xx_it.o(i.USART6_IRQHandler) for USART6_IRQHandler
    startup_stm32f429xx.o(.text) refers to system_stm32f4xx.o(i.SystemInit) for SystemInit
    startup_stm32f429xx.o(.text) refers to entry.o(.ARM.Collect$$$$00000000) for __main
    stm32f4xx_hal_dma_ex.o(i.HAL_DMAEx_MultiBufferStart) refers to stm32f4xx_hal_dma_ex.o(i.DMA_MultiBufferSetConfig) for DMA_MultiBufferSetConfig
    stm32f4xx_hal_dma_ex.o(i.HAL_DMAEx_MultiBufferStart_IT) refers to stm32f4xx_hal_dma_ex.o(i.DMA_MultiBufferSetConfig) for DMA_MultiBufferSetConfig
    stm32f4xx_hal_uart.o(i.HAL_HalfDuplex_Init) refers to stm32f4xx_hal_msp.o(i.HAL_UART_MspInit) for HAL_UART_MspInit
    stm32f4xx_hal_uart.o(i.HAL_HalfDuplex_Init) refers to stm32f4xx_hal_uart.o(i.UART_SetConfig) for UART_SetConfig
    stm32f4xx_hal_uart.o(i.HAL_LIN_Init) refers to stm32f4xx_hal_msp.o(i.HAL_UART_MspInit) for HAL_UART_MspInit
    stm32f4xx_hal_uart.o(i.HAL_LIN_Init) refers to stm32f4xx_hal_uart.o(i.UART_SetConfig) for UART_SetConfig
    stm32f4xx_hal_uart.o(i.HAL_MultiProcessor_Init) refers to stm32f4xx_hal_msp.o(i.HAL_UART_MspInit) for HAL_UART_MspInit
    stm32f4xx_hal_uart.o(i.HAL_MultiProcessor_Init) refers to stm32f4xx_hal_uart.o(i.UART_SetConfig) for UART_SetConfig
    stm32f4xx_hal_uart.o(i.HAL_UART_Abort) refers to stm32f4xx_hal_dma.o(i.HAL_DMA_Abort) for HAL_DMA_Abort
[...]
    _main_clock                              0x080041b5   Thumb Code     0  entry7b.o(.ARM.Collect$$$$00000008)
    _main_cpp_init                           0x080041b5   Thumb Code     0  entry8b.o(.ARM.Collect$$$$0000000A)
    _main_init                               0x080041b5   Thumb Code     0  entry9a.o(.ARM.Collect$$$$0000000B)
    __rt_final_cpp                           0x080041bd   Thumb Code     0  entry10a.o(.ARM.Collect$$$$0000000D)
    __rt_final_exit                          0x080041bd   Thumb Code     0  entry11a.o(.ARM.Collect$$$$0000000F)
    Reset_Handler                            0x080041c1   Thumb Code     8  startup_stm32f429xx.o(.text)
    ADC_IRQHandler                           0x080041db   Thumb Code     0  startup_stm32f429xx.o(.text)
    CAN1_RX0_IRQHandler                      0x080041db   Thumb Code     0  startup_stm32f429xx.o(.text)
    CAN1_RX1_IRQHandler                      0x080041db   Thumb Code     0  startup_stm32f429xx.o(.text)
    CAN1_SCE_IRQHandler                      0x080041db   Thumb Code     0  startup_stm32f429xx.o(.text)
    CAN1_TX_IRQHandler                       0x080041db   Thumb Code     0  startup_stm32f429xx.o(.text)
    CAN2_RX0_IRQHandler                      0x080041db   Thumb Code     0  startup_stm32f429xx.o(.text)
    CAN2_RX1_IRQHandler                      0x080041db   Thumb Code     0  startup_stm32f429xx.o(.text)
    CAN2_SCE_IRQHandler                      0x080041db   Thumb Code     0  startup_stm32f429xx.o(.text)
    CAN2_TX_IRQHandler                       0x080041db   Thumb Code     0  startup_stm32f429xx.o(.text)
    DCMI_IRQHandler                          0x080041db   Thumb Code     0  startup_stm32f429xx.o(.text)
    DMA1_Stream4_IRQHandler                  0x080041db   Thumb Code     0  startup_stm32f429xx.o(.text)
    DMA2D_IRQHandler                         0x080041db   Thumb Code     0  startup_stm32f429xx.o(.text)
    DMA2_Stream4_IRQHandler                  0x080041db   Thumb Code     0  startup_stm32f429xx.o(.text)
    DMA2_Stream5_IRQHandler                  0x080041db   Thumb Code     0  startup_stm32f429xx.o(.text)
    DMA2_Stream7_IRQHandler                  0x080041db   Thumb Code     0  startup_stm32f429xx.o(.text)
    ETH_IRQHandler                           0x080041db   Thumb Code     0  startup_stm32f429xx.o(.text)
    ETH_WKUP_IRQHandler                      0x080041db   Thumb Code     0  startup_stm32f429xx.o(.text)
    EXTI0_IRQHandler                         0x080041db   Thumb Code     0  startup_stm32f429xx.o(.text)
    EXTI1_IRQHandler                         0x080041db   Thumb Code     0  startup_stm32f429xx.o(.text)
    EXTI3_IRQHandler                         0x080041db   Thumb Code     0  startup_stm32f429xx.o(.text)
    EXTI9_5_IRQHandler                       0x080041db   Thumb Code     0  startup_stm32f429xx.o(.text)
    FLASH_IRQHandler                         0x080041db   Thumb Code     0  startup_stm32f429xx.o(.text)
    FMC_IRQHandler                           0x080041db   Thumb Code     0  startup_stm32f429xx.o(.text)
    FPU_IRQHandler                           0x080041db   Thumb Code     0  startup_stm32f429xx.o(.text)
    HASH_RNG_IRQHandler                      0x080041db   Thumb Code     0  startup_stm32f429xx.o(.text)
    I2C2_ER_IRQHandler                       0x080041db   Thumb Code     0  startup_stm32f429xx.o(.text)
    I2C2_EV_IRQHandler                       0x080041db   Thumb Code     0  startup_stm32f429xx.o(.text)
    I2C3_ER_IRQHandler                       0x080041db   Thumb Code     0  startup_stm32f429xx.o(.text)
    I2C3_EV_IRQHandler                       0x080041db   Thumb Code     0  startup_stm32f429xx.o(.text)
    LTDC_ER_IRQHandler                       0x080041db   Thumb Code     0  startup_stm32f429xx.o(.text)
    LTDC_IRQHandler                          0x080041db   Thumb Code     0  startup_stm32f429xx.o(.text)
    OTG_FS_IRQHandler                        0x080041db   Thumb Code     0  startup_stm32f429xx.o(.text)
    OTG_FS_WKUP_IRQHandler                   0x080041db   Thumb Code     0  startup_stm32f429xx.o(.text)
    OTG_HS_EP1_IN_IRQHandler                 0x080041db   Thumb Code     0  startup_stm32f429xx.o(.text)
    OTG_HS_EP1_OUT_IRQHandler                0x080041db   Thumb Code     0  startup_stm32f429xx.o(.text)
    OTG_HS_IRQHandler                        0x080041db   Thumb Code     0  startup_stm32f429xx.o(.text)
    OTG_HS_WKUP_IRQHandler                   0x080041db   Thumb Code     0  startup_stm32f429xx.o(.text)
    PVD_IRQHandler                           0x080041db   Thumb Code     0  startup_stm32f429xx.o(.text)
    RCC_IRQHandler                           0x080041db   Thumb Code     0  startup_stm32f429xx.o(.text)
    RTC_Alarm_IRQHandler                     0x080041db   Thumb Code     0  startup_stm32f429xx.o(.text)
    RTC_WKUP_IRQHandler                      0x080041db   Thumb Code     0  startup_stm32f429xx.o(.text)
    SAI1_IRQHandler                          0x080041db   Thumb Code     0  startup_stm32f429xx.o(.text)
    SDIO_IRQHandler                          0x080041db   Thumb Code     0  startup_stm32f429xx.o(.text)
    SPI1_IRQHandler                          0x080041db   Thumb Code     0  startup_stm32f429xx.o(.text)
    SPI2_IRQHandler                          0x080041db   Thumb Code     0  startup_stm32f429xx.o(.text)
    SPI3_IRQHandler                          0x080041db   Thumb Code     0  startup_stm32f429xx.o(.text)
    SPI4_IRQHandler                          0x080041db   Thumb Code     0  startup_stm32f429xx.o(.text)
    SPI5_IRQHandler                          0x080041db   Thumb Code     0  startup_stm32f429xx.o(.text)
    SPI6_IRQHandler                          0x080041db   Thumb Code     0  startup_stm32f429xx.o(.text)
    TAMP_STAMP_IRQHandler                    0x080041db   Thumb Code     0  startup_stm32f429xx.o(.text)
    TIM1_BRK_TIM9_IRQHandler                 0x080041db   Thumb Code     0  startup_stm32f429xx.o(.text)
    TIM1_CC_IRQHandler                       0x080041db   Thumb Code     0  startup_stm32f429xx.o(.text)
    TIM1_TRG_COM_TIM11_IRQHandler            0x080041db   Thumb Code     0  startup_stm32f429xx.o(.text)
    TIM1_UP_TIM10_IRQHandler                 0x080041db   Thumb Code     0  startup_stm32f429xx.o(.text)
    TIM2_IRQHandler                          0x080041db   Thumb Code     0  startup_stm32f429xx.o(.text)
    TIM3_IRQHandler                          0x080041db   Thumb Code     0  startup_stm32f429xx.o(.text)
    TIM4_IRQHandler                          0x080041db   Thumb Code     0  startup_stm32f429xx.o(.text)
    TIM5_IRQHandler                          0x080041db   Thumb Code     0  startup_stm32f429xx.o(.text)
    TIM6_DAC_IRQHandler                      0x080041db   Thumb Code     0  startup_stm32f429xx.o(.text)
    TIM7_IRQHandler                          0x080041db   Thumb Code     0  startup_stm32f429xx.o(.text)
    TIM8_BRK_TIM12_IRQHandler                0x080041db   Thumb Code     0  startup_stm32f429xx.o(.text)
    TIM8_CC_IRQHandler                       0x080041db   Thumb Code     0  startup_stm32f429xx.o(.text)
    TIM8_TRG_COM_TIM14_IRQHandler            0x080041db   Thumb Code     0  startup_stm32f429xx.o(.text)
    TIM8_UP_TIM13_IRQHandler                 0x080041db   Thumb Code     0  startup_stm32f429xx.o(.text)
    UART4_IRQHandler                         0x080041db   Thumb Code     0  startup_stm32f429xx.o(.text)
    UART5_IRQHandler                         0x080041db   Thumb Code     0  startup_stm32f429xx.o(.text)
    UART7_IRQHandler                         0x080041db   Thumb Code     0  startup_stm32f429xx.o(.text)
    UART8_IRQHandler                         0x080041db   Thumb Code     0  startup_stm32f429xx.o(.text)
    USART1_IRQHandler                        0x080041db   Thumb Code     0  startup_stm32f429xx.o(.text)
    WWDG_IRQHandler                          0x080041db   Thumb Code     0  startup_stm32f429xx.o(.text)
    __aeabi_memcpy                           0x080041e5   Thumb Code    36  memcpya.o(.text)
    __aeabi_memcpy4                          0x080041e5   Thumb Code     0  memcpya.o(.text)
    __aeabi_memcpy8                          0x080041e5   Thumb Code     0  memcpya.o(.text)
    __aeabi_memset                           0x08004209   Thumb Code    14  memseta.o(.text)
    __aeabi_memset4                          0x08004209   Thumb Code     0  memseta.o(.text)
    __aeabi_memset8                          0x08004209   Thumb Code     0  memseta.o(.text)
    __aeabi_memclr                           0x08004217   Thumb Code     4  memseta.o(.text)
    __aeabi_memclr4                          0x08004217   Thumb Code     0  memseta.o(.text)
    __aeabi_memclr8                          0x08004217   Thumb Code     0  memseta.o(.text)
    _memset$wrapper                          0x0800421b   Thumb Code    18  memseta.o(.text)
    strcmp                                   0x0800422d   Thumb Code    28  strcmp.o(.text)
    __0sscanf                                0x08004249   Thumb Code    48  __0sscanf.o(.text)
    _scanf_int                               0x08004281   Thumb Code   332  _scanf_int.o(.text)
    __aeabi_dadd                             0x080043cd   Thumb Code   322  dadd.o(.text)
    __aeabi_dsub                             0x0800450f   Thumb Code     6  dadd.o(.text)
    __aeabi_drsub                            0x08004515   Thumb Code     6  dadd.o(.text)
    __aeabi_dmul                             0x0800451b   Thumb Code   228  dmul.o(.text)
    __aeabi_i2d                              0x080045ff   Thumb Code    34  dflti.o(.text)
    __aeabi_d2iz                             0x08004621   Thumb Code    62  dfixi.o(.text)
    __aeabi_f2d                              0x0800465f   Thumb Code    38  f2d.o(.text)
    __aeabi_uidiv                            0x08004685   Thumb Code     0  uidiv.o(.text)
    __aeabi_uidivmod                         0x08004685   Thumb Code    44  uidiv.o(.text)
    __aeabi_uldivmod                         0x080046b1   Thumb Code    98  uldiv.o(.text)
    __aeabi_llsl                             0x08004713   Thumb Code    30  llshl.o(.text)
    _ll_shift_l                              0x08004713   Thumb Code     0  llshl.o(.text)
    __aeabi_llsr                             0x08004731   Thumb Code    32  llushr.o(.text)
    _ll_ushift_r                             0x08004731   Thumb Code     0  llushr.o(.text)
    __aeabi_lasr                             0x08004751   Thumb Code    36  llsshr.o(.text)
    _ll_sshift_r                             0x08004751   Thumb Code     0  llsshr.o(.text)
    _chval                                   0x08004775   Thumb Code    28  _chval.o(.text)
    __vfscanf_char                           0x0800479d   Thumb Code    20  scanf_char.o(.text)
    _sgetc                                   0x080047b9   Thumb Code    30  _sgetc.o(.text)
    _sbackspace                              0x080047d7   Thumb Code    34  _sgetc.o(.text)
    __I$use$fp                               0x080047f9   Thumb Code     0  iusefp.o(.text)
    _double_round                            0x080047f9   Thumb Code    30  depilogue.o(.text)
    _double_epilogue                         0x08004817   Thumb Code   156  depilogue.o(.text)
    __aeabi_ddiv                             0x080048b3   Thumb Code   222  ddiv.o(.text)
    __ARM_scalbn                             0x08004991   Thumb Code    46  dscalb.o(.text)
    scalbn                                   0x08004991   Thumb Code     0  dscalb.o(.text)
    __aeabi_d2ulz                            0x080049bf   Thumb Code    48  dfixul.o(.text)
    __aeabi_cdrcmple                         0x080049f1   Thumb Code    48  cdrcmple.o(.text)
    __scatterload                            0x08004a21   Thumb Code    28  init.o(.text)
    __scatterload_rt2                        0x08004a21   Thumb Code     0  init.o(.text)
    isspace                                  0x08004a45   Thumb Code    10  isspace_c.o(.text)
    __vfscanf                                0x08004a51   Thumb Code   808  _scanf.o(.text)
    _dsqrt                                   0x08004d7d   Thumb Code   162  dsqrt.o(.text)
    __ctype_lookup                           0x08004e21   Thumb Code    34  ctype_c.o(.text)
    __decompress                             0x08004e49   Thumb Code     0  __dczerorl2.o(.text)
    __decompress1                            0x08004e49   Thumb Code    86  __dczerorl2.o(.text)
    ApPacketsetting                          0x08004ea1   Thumb Code   402  rf.o(i.ApPacketsetting)
    BusFault_Handler                         0x08005041   Thumb Code     4  stm32f4xx_it.o(i.BusFault_Handler)
    CC2520_Reg_Init                          0x08005045   Thumb Code   536  rf_hal.o(i.CC2520_Reg_Init)
    CC2520_get_data                          0x08005261   Thumb Code   176  rf_hal.o(i.CC2520_get_data)
    CC2520_get_reg                           0x0800532d   Thumb Code   200  rf_hal.o(i.CC2520_get_reg)
    CC2520_send_cmd                          0x08005411   Thumb Code   166  rf_hal.o(i.CC2520_send_cmd)
    CC2520_set_reg                           0x080054d5   Thumb Code   190  rf_hal.o(i.CC2520_set_reg)
    DMA1_Stream0_IRQHandler                  0x080055b1   Thumb Code    10  stm32f4xx_it.o(i.DMA1_Stream0_IRQHandler)
    DMA1_Stream1_IRQHandler                  0x080055c1   Thumb Code    10  stm32f4xx_it.o(i.DMA1_Stream1_IRQHandler)
    DMA1_Stream2_IRQHandler                  0x080055d1   Thumb Code    10  stm32f4xx_it.o(i.DMA1_Stream2_IRQHandler)
    DMA1_Stream3_IRQHandler                  0x080055e1   Thumb Code    10  stm32f4xx_it.o(i.DMA1_Stream3_IRQHandler)
    DMA1_Stream5_IRQHandler                  0x080055f1   Thumb Code    10  stm32f4xx_it.o(i.DMA1_Stream5_IRQHandler)
    DMA1_Stream6_IRQHandler                  0x08005601   Thumb Code    10  stm32f4xx_it.o(i.DMA1_Stream6_IRQHandler)
    DMA1_Stream7_IRQHandler                  0x08005611   Thumb Code    10  stm32f4xx_it.o(i.DMA1_Stream7_IRQHandler)
    DMA2_Stream0_IRQHandler                  0x08005621   Thumb Code    10  stm32f4xx_it.o(i.DMA2_Stream0_IRQHandler)
    DMA2_Stream1_IRQHandler                  0x08005631   Thumb Code    10  stm32f4xx_it.o(i.DMA2_Stream1_IRQHandler)
    DMA2_Stream2_IRQHandler                  0x08005641   Thumb Code    10  stm32f4xx_it.o(i.DMA2_Stream2_IRQHandler)
    DMA2_Stream3_IRQHandler                  0x08005651   Thumb Code    10  stm32f4xx_it.o(i.DMA2_Stream3_IRQHandler)
    DMA2_Stream6_IRQHandler                  0x08005661   Thumb Code    10  stm32f4xx_it.o(i.DMA2_Stream6_IRQHandler)
    DebugMon_Handler                         0x0800577b   Thumb Code     2  stm32f4xx_it.o(i.DebugMon_Handler)
    EXTI15_10_IRQHandler                     0x0800577d   Thumb Code    20  stm32f4xx_it.o(i.EXTI15_10_IRQHandler)
    EXTI2_IRQHandler                         0x08005791   Thumb Code    10  stm32f4xx_it.o(i.EXTI2_IRQHandler)
    EXTI4_IRQHandler                         0x0800579b   Thumb Code    10  stm32f4xx_it.o(i.EXTI4_IRQHandler)
    FLASH_Erase_Sector                       0x080057a5   Thumb Code   104  stm32f4xx_hal_flash_ex.o(i.FLASH_Erase_Sector)
    FLASH_FlushCaches                        0x08005811   Thumb Code   114  stm32f4xx_hal_flash_ex.o(i.FLASH_FlushCaches)
    FLASH_WaitForLastOperation               0x08005a31   Thumb Code    90  stm32f4xx_hal_flash.o(i.FLASH_WaitForLastOperation)
    HAL_CRC_Calculate                        0x08005a95   Thumb Code    78  stm32f4xx_hal_crc.o(i.HAL_CRC_Calculate)
    HAL_CRC_Init                             0x08005ae3   Thumb Code    36  stm32f4xx_hal_crc.o(i.HAL_CRC_Init)
    HAL_CRC_MspInit                          0x08005b09   Thumb Code    44  stm32f4xx_hal_msp.o(i.HAL_CRC_MspInit)
    HAL_DMA_Abort                            0x08005b3d   Thumb Code   170  stm32f4xx_hal_dma.o(i.HAL_DMA_Abort)
    HAL_DMA_Abort_IT                         0x08005be7   Thumb Code    40  stm32f4xx_hal_dma.o(i.HAL_DMA_Abort_IT)
    HAL_DMA_IRQHandler                       0x08005c11   Thumb Code   574  stm32f4xx_hal_dma.o(i.HAL_DMA_IRQHandler)
    HAL_DMA_Init                             0x08005e59   Thumb Code   232  stm32f4xx_hal_dma.o(i.HAL_DMA_Init)
    HAL_DMA_Start_IT                         0x08005f45   Thumb Code   158  stm32f4xx_hal_dma.o(i.HAL_DMA_Start_IT)
    HAL_FLASHEx_Erase                        0x08005fe5   Thumb Code   166  stm32f4xx_hal_flash_ex.o(i.HAL_FLASHEx_Erase)
    HAL_FLASH_Lock                           0x08006095   Thumb Code    16  stm32f4xx_hal_flash.o(i.HAL_FLASH_Lock)
    HAL_FLASH_Program                        0x080060a9   Thumb Code   142  stm32f4xx_hal_flash.o(i.HAL_FLASH_Program)
    HAL_FLASH_Unlock                         0x08006141   Thumb Code    32  stm32f4xx_hal_flash.o(i.HAL_FLASH_Unlock)
    HAL_GPIO_EXTI_Callback                   0x0800616d   Thumb Code   184  rf_hal.o(i.HAL_GPIO_EXTI_Callback)
    HAL_GPIO_EXTI_IRQHandler                 0x08006245   Thumb Code    24  stm32f4xx_hal_gpio.o(i.HAL_GPIO_EXTI_IRQHandler)
    HAL_GPIO_Init                            0x08006261   Thumb Code   486  stm32f4xx_hal_gpio.o(i.HAL_GPIO_Init)
    HAL_GPIO_ReadPin                         0x0800647d   Thumb Code    16  stm32f4xx_hal_gpio.o(i.HAL_GPIO_ReadPin)
    HAL_GPIO_TogglePin                       0x0800648d   Thumb Code     8  stm32f4xx_hal_gpio.o(i.HAL_GPIO_TogglePin)
    HAL_GPIO_WritePin                        0x08006495   Thumb Code    12  stm32f4xx_hal_gpio.o(i.HAL_GPIO_WritePin)
    HAL_GetTick                              0x080064a1   Thumb Code     6  stm32f4xx_hal.o(i.HAL_GetTick)
    HAL_I2C_AbortCpltCallback                0x080064ad   Thumb Code     2  stm32f4xx_hal_i2c.o(i.HAL_I2C_AbortCpltCallback)
    HAL_I2C_AddrCallback                     0x080064af   Thumb Code     2  stm32f4xx_hal_i2c.o(i.HAL_I2C_AddrCallback)
    HAL_I2C_ER_IRQHandler                    0x080064b1   Thumb Code   224  stm32f4xx_hal_i2c.o(i.HAL_I2C_ER_IRQHandler)
    HAL_I2C_EV_IRQHandler                    0x08006595   Thumb Code   368  stm32f4xx_hal_i2c.o(i.HAL_I2C_EV_IRQHandler)
    HAL_I2C_ErrorCallback                    0x0800670d   Thumb Code     2  stm32f4xx_hal_i2c.o(i.HAL_I2C_ErrorCallback)
    HAL_I2C_Init                             0x08006711   Thumb Code   286  stm32f4xx_hal_i2c.o(i.HAL_I2C_Init)
    HAL_I2C_ListenCpltCallback               0x08006839   Thumb Code     2  stm32f4xx_hal_i2c.o(i.HAL_I2C_ListenCpltCallback)
    HAL_I2C_MasterRxCpltCallback             0x0800683b   Thumb Code     2  stm32f4xx_hal_i2c.o(i.HAL_I2C_MasterRxCpltCallback)
    HAL_I2C_MasterTxCpltCallback             0x0800683d   Thumb Code     2  stm32f4xx_hal_i2c.o(i.HAL_I2C_MasterTxCpltCallback)
    HAL_I2C_MemRxCpltCallback                0x08006841   Thumb Code    52  eeprom.o(i.HAL_I2C_MemRxCpltCallback)
    HAL_I2C_MemTxCpltCallback                0x08006881   Thumb Code   108  eeprom.o(i.HAL_I2C_MemTxCpltCallback)
    HAL_I2C_MspInit                          0x08006921   Thumb Code   248  stm32f4xx_hal_msp.o(i.HAL_I2C_MspInit)
    HAL_I2C_SlaveRxCpltCallback              0x08006a4d   Thumb Code     2  stm32f4xx_hal_i2c.o(i.HAL_I2C_SlaveRxCpltCallback)
    HAL_I2C_SlaveTxCpltCallback              0x08006a4f   Thumb Code     2  stm32f4xx_hal_i2c.o(i.HAL_I2C_SlaveTxCpltCallback)
    HAL_IncTick                              0x08006a51   Thumb Code    12  stm32f4xx_hal.o(i.HAL_IncTick)
    HAL_Init                                 0x08006a61   Thumb Code    54  stm32f4xx_hal.o(i.HAL_Init)
    HAL_InitTick                             0x08006a9d   Thumb Code    36  stm32f4xx_hal.o(i.HAL_InitTick)
    HAL_MspInit                              0x08006ac5   Thumb Code    86  stm32f4xx_hal_msp.o(i.HAL_MspInit)
    HAL_NVIC_EnableIRQ                       0x08006b1b   Thumb Code    26  stm32f4xx_hal_cortex.o(i.HAL_NVIC_EnableIRQ)
    HAL_NVIC_SetPriority                     0x08006b35   Thumb Code   124  stm32f4xx_hal_cortex.o(i.HAL_NVIC_SetPriority)
    HAL_NVIC_SetPriorityGrouping             0x08006bb1   Thumb Code    32  stm32f4xx_hal_cortex.o(i.HAL_NVIC_SetPriorityGrouping)
    HAL_RCC_ClockConfig                      0x08006bd9   Thumb Code   446  stm32f4xx_hal_rcc.o(i.HAL_RCC_ClockConfig)
    HAL_RCC_GetHCLKFreq                      0x08006da9   Thumb Code     6  stm32f4xx_hal_rcc.o(i.HAL_RCC_GetHCLKFreq)
    HAL_RCC_GetPCLK1Freq                     0x08006db5   Thumb Code    36  stm32f4xx_hal_rcc.o(i.HAL_RCC_GetPCLK1Freq)
    HAL_RCC_GetPCLK2Freq                     0x08006de1   Thumb Code    36  stm32f4xx_hal_rcc.o(i.HAL_RCC_GetPCLK2Freq)
    HAL_RCC_GetSysClockFreq                  0x08006e0d   Thumb Code   168  stm32f4xx_hal_rcc.o(i.HAL_RCC_GetSysClockFreq)
    HAL_RCC_OscConfig                        0x08006ec1   Thumb Code  1090  stm32f4xx_hal_rcc.o(i.HAL_RCC_OscConfig)
    HAL_SPI_Init                             0x0800730d   Thumb Code   140  stm32f4xx_hal_spi.o(i.HAL_SPI_Init)
    HAL_SPI_MspInit                          0x08007399   Thumb Code   572  stm32f4xx_hal_msp.o(i.HAL_SPI_MspInit)
    HAL_SPI_Receive                          0x0800762d   Thumb Code   364  stm32f4xx_hal_spi.o(i.HAL_SPI_Receive)
    HAL_SPI_Transmit                         0x08007799   Thumb Code   422  stm32f4xx_hal_spi.o(i.HAL_SPI_Transmit)
    HAL_SPI_TransmitReceive                  0x0800793f   Thumb Code   542  stm32f4xx_hal_spi.o(i.HAL_SPI_TransmitReceive)
    HAL_SYSTICK_CLKSourceConfig              0x08007b5d   Thumb Code    40  stm32f4xx_hal_cortex.o(i.HAL_SYSTICK_CLKSourceConfig)
    HAL_SYSTICK_Callback                     0x08007b85   Thumb Code   218  rf.o(i.HAL_SYSTICK_Callback)
    HAL_SYSTICK_Config                       0x08007c71   Thumb Code    52  stm32f4xx_hal_cortex.o(i.HAL_SYSTICK_Config)
    HAL_SYSTICK_IRQHandler                   0x08007ca5   Thumb Code     8  stm32f4xx_hal_cortex.o(i.HAL_SYSTICK_IRQHandler)
    HAL_TIMEx_MasterConfigSynchronization    0x08007cad   Thumb Code    98  stm32f4xx_hal_tim_ex.o(i.HAL_TIMEx_MasterConfigSynchronization)
    HAL_TIM_Base_Init                        0x08007d0f   Thumb Code    52  stm32f4xx_hal_tim.o(i.HAL_TIM_Base_Init)
    HAL_TIM_Base_MspInit                     0x08007d45   Thumb Code    44  stm32f4xx_hal_msp.o(i.HAL_TIM_Base_MspInit)
    HAL_TIM_Base_Start                       0x08007d75   Thumb Code    30  stm32f4xx_hal_tim.o(i.HAL_TIM_Base_Start)
    HAL_TIM_ConfigClockSource                0x08007d93   Thumb Code   306  stm32f4xx_hal_tim.o(i.HAL_TIM_ConfigClockSource)
    HAL_UART_ErrorCallback                   0x08007ec5   Thumb Code     2  stm32f4xx_hal_uart.o(i.HAL_UART_ErrorCallback)
    HAL_UART_IRQHandler                      0x08007ec9   Thumb Code   326  stm32f4xx_hal_uart.o(i.HAL_UART_IRQHandler)
    HAL_UART_Init                            0x08008015   Thumb Code   114  stm32f4xx_hal_uart.o(i.HAL_UART_Init)
    HAL_UART_MspInit                         0x08008089   Thumb Code   706  stm32f4xx_hal_msp.o(i.HAL_UART_MspInit)
    HAL_UART_Receive_DMA                     0x080083a1   Thumb Code   182  stm32f4xx_hal_uart.o(i.HAL_UART_Receive_DMA)
    HAL_UART_RxCpltCallback                  0x08008465   Thumb Code     2  stm32f4xx_hal_uart.o(i.HAL_UART_RxCpltCallback)
    HAL_UART_RxHalfCpltCallback              0x08008467   Thumb Code     2  stm32f4xx_hal_uart.o(i.HAL_UART_RxHalfCpltCallback)
    HAL_UART_Transmit_DMA                    0x08008469   Thumb Code   142  stm32f4xx_hal_uart.o(i.HAL_UART_Transmit_DMA)
    HAL_UART_TxCpltCallback                  0x08008505   Thumb Code    22  to_n1.o(i.HAL_UART_TxCpltCallback)
    HAL_UART_TxHalfCpltCallback              0x08008525   Thumb Code     2  stm32f4xx_hal_uart.o(i.HAL_UART_TxHalfCpltCallback)
    HardFault_Handler                        0x08008527   Thumb Code     4  stm32f4xx_it.o(i.HardFault_Handler)
    I2C1_ER_IRQHandler                       0x0800852d   Thumb Code    10  stm32f4xx_it.o(i.I2C1_ER_IRQHandler)
    I2C1_EV_IRQHandler                       0x0800853d   Thumb Code    10  stm32f4xx_it.o(i.I2C1_EV_IRQHandler)
    MX_I2C1_Init                             0x08009635   Thumb Code    54  main.o(i.MX_I2C1_Init)
    MemManage_Handler                        0x0800995d   Thumb Code     4  stm32f4xx_it.o(i.MemManage_Handler)
    NMI_Handler                              0x08009961   Thumb Code     2  stm32f4xx_it.o(i.NMI_Handler)
    PendSV_Handler                           0x0800999d   Thumb Code     2  stm32f4xx_it.o(i.PendSV_Handler)
    SVC_Handler                              0x08009a71   Thumb Code     2  stm32f4xx_it.o(i.SVC_Handler)
    SysTick_Handler                          0x08009a73   Thumb Code    12  stm32f4xx_it.o(i.SysTick_Handler)
    SystemClock_Config                       0x08009a81   Thumb Code   202  main.o(i.SystemClock_Config)
    SystemInit                               0x08009b65   Thumb Code    80  system_stm32f4xx.o(i.SystemInit)
    TIM_Base_SetConfig                       0x08009bc9   Thumb Code   184  stm32f4xx_hal_tim.o(i.TIM_Base_SetConfig)
    USART2_IRQHandler                        0x0800a2e9   Thumb Code    26  stm32f4xx_it.o(i.USART2_IRQHandler)
    USART3_IRQHandler                        0x0800a309   Thumb Code    26  stm32f4xx_it.o(i.USART3_IRQHandler)
    USART6_IRQHandler                        0x0800a329   Thumb Code    26  stm32f4xx_it.o(i.USART6_IRQHandler)
    UsageFault_Handler                       0x0800a349   Thumb Code     4  stm32f4xx_it.o(i.UsageFault_Handler)
    _Error_Handler                           0x0800a34d   Thumb Code     4  main.o(i._Error_Handler)
    __0sprintf                               0x0800a351   Thumb Code    34  printfa.o(i.__0sprintf)
    __1sprintf                               0x0800a351   Thumb Code     0  printfa.o(i.__0sprintf)
    __2sprintf                               0x0800a351   Thumb Code     0  printfa.o(i.__0sprintf)
    __c89sprintf                             0x0800a351   Thumb Code     0  printfa.o(i.__0sprintf)
    sprintf                                  0x0800a351   Thumb Code     0  printfa.o(i.__0sprintf)
    __ARM_fpclassify                         0x0800a379   Thumb Code    48  fpclassify.o(i.__ARM_fpclassify)
    __hardfp_pow                             0x0800a3a9   Thumb Code  3072  pow.o(i.__hardfp_pow)
    __kernel_poly                            0x0800aff9   Thumb Code   248  poly.o(i.__kernel_poly)
    __mathlib_dbl_divzero                    0x0800b0f1   Thumb Code    28  dunder.o(i.__mathlib_dbl_divzero)
    __mathlib_dbl_infnan2                    0x0800b121   Thumb Code    20  dunder.o(i.__mathlib_dbl_infnan2)
    __mathlib_dbl_invalid                    0x0800b139   Thumb Code    24  dunder.o(i.__mathlib_dbl_invalid)
    __mathlib_dbl_overflow                   0x0800b159   Thumb Code    24  dunder.o(i.__mathlib_dbl_overflow)
    __mathlib_dbl_underflow                  0x0800b179   Thumb Code    24  dunder.o(i.__mathlib_dbl_underflow)
    __scatterload_copy                       0x0800b199   Thumb Code    14  handlers.o(i.__scatterload_copy)
    __scatterload_null                       0x0800b1a7   Thumb Code     2  handlers.o(i.__scatterload_null)
    __scatterload_zeroinit                   0x0800b1a9   Thumb Code    14  handlers.o(i.__scatterload_zeroinit)
    __set_errno                              0x0800b1b9   Thumb Code     6  errno.o(i.__set_errno)
    check_firmware_header                    0x0800ba81   Thumb Code    62  from_n1_store_s_rp_frimware.o(i.check_firmware_header)
    check_recode_data_if_repeat              0x0800bac5   Thumb Code    76  rf.o(i.check_recode_data_if_repeat)
    check_update_s_rp_list                   0x0800bb15   Thumb Code   174  update_s_rp.o(i.check_update_s_rp_list)
    clear_recode                             0x0800bbc9   Thumb Code    28  rf.o(i.clear_recode)
    close_tcp_conn                           0x0800bbe9   Thumb Code    34  gprs_comm.o(i.close_tcp_conn)
    crc16                                    0x0800bc25   Thumb Code    34  to_n1.o(i.crc16)
    crc16_byte                               0x0800bc49   Thumb Code    20  to_n1.o(i.crc16_byte)
    debug_cmd_handle                         0x0800bc61   Thumb Code    30  debug_uart.o(i.debug_cmd_handle)
    debug_insert_sensor_event                0x0800bc89   Thumb Code   444  debug.o(i.debug_insert_sensor_event)
    debug_sensor_event_to_str                0x0800be49   Thumb Code  1924  debug.o(i.debug_sensor_event_to_str)
    debug_uart_send_string                   0x0800c5dd   Thumb Code    44  debug_uart.o(i.debug_uart_send_string)
    enable_gprs_print_tx_rx_data             0x0800c60d   Thumb Code    46  debug_uart.o(i.enable_gprs_print_tx_rx_data)
    enable_rf_print_sensor_event             0x0800c685   Thumb Code    46  debug_uart.o(i.enable_rf_print_sensor_event)
    enable_rp_update                         0x0800c6f9   Thumb Code    16  update_s_rp.o(i.enable_rp_update)
    enable_sensor_update                     0x0800c70d   Thumb Code    16  update_s_rp.o(i.enable_sensor_update)
    fabs                                     0x0800c721   Thumb Code    24  fabs.o(i.fabs)
    from_n1_data_handle                      0x0800c739   Thumb Code   174  from_n1.o(i.from_n1_data_handle)
    get_ap_param                             0x0800c7fd   Thumb Code   114  debug_uart.o(i.get_ap_param)
    get_cmd                                  0x0800c87d   Thumb Code    58  debug_uart.o(i.get_cmd)
    get_from_n1_buff                         0x0800c8c5   Thumb Code    66  to_n1.o(i.get_from_n1_buff)
    get_gprs_stat                            0x0800c915   Thumb Code    14  debug_uart.o(i.get_gprs_stat)
    get_q_string                             0x0800c925   Thumb Code   144  debug_uart.o(i.get_q_string)
    get_rf_stat                              0x0800c9b9   Thumb Code    14  debug_uart.o(i.get_rf_stat)
    get_s_rp_input_update_stat               0x0800c9c9   Thumb Code    92  update_s_rp.o(i.get_s_rp_input_update_stat)
    get_sensor                               0x0800ca29   Thumb Code    16  debug_uart.o(i.get_sensor)
    get_slot_num                             0x0800ca3d   Thumb Code    50  rf.o(i.get_slot_num)
    get_str_param                            0x0800ca75   Thumb Code   106  debug_uart.o(i.get_str_param)
    gprs_at_get_CGREG                        0x0800cae5   Thumb Code    10  gprs_comm.o(i.gprs_at_get_CGREG)
    gprs_at_init                             0x0800cafd   Thumb Code    28  gprs_comm.o(i.gprs_at_init)
    gprs_at_tcp_close                        0x0800cb35   Thumb Code    30  gprs_comm.o(i.gprs_at_tcp_close)
    gprs_at_tcp_conn                         0x0800cb69   Thumb Code    54  gprs_comm.o(i.gprs_at_tcp_conn)
    gprs_data_handle                         0x0800cbcd   Thumb Code   248  gprs_comm.o(i.gprs_data_handle)
    gprs_get_cmd_param                       0x0800ccd1   Thumb Code   230  gprs_comm.o(i.gprs_get_cmd_param)
    gprs_main_call                           0x0800cdc1   Thumb Code   520  gprs_comm.o(i.gprs_main_call)
    gprs_reboot                              0x0800d039   Thumb Code    10  gprs_comm.o(i.gprs_reboot)
    gprs_str_cmd_handle                      0x0800d049   Thumb Code   666  gprs_comm.o(i.gprs_str_cmd_handle)
    gprs_str_copy_to_queue                   0x0800d40d   Thumb Code    50  gprs_comm.o(i.gprs_str_copy_to_queue)
    gprs_str_read_queue                      0x0800d445   Thumb Code    54  gprs_comm.o(i.gprs_str_read_queue)
    gprs_str_to_int                          0x0800d489   Thumb Code   164  gprs_comm.o(i.gprs_str_to_int)
    gprs_str_write_queue                     0x0800d535   Thumb Code    66  gprs_comm.o(i.gprs_str_write_queue)
    gprs_uart_send_string                    0x0800d585   Thumb Code    44  gprs_comm.o(i.gprs_uart_send_string)
    grps_power_off                           0x0800d5b5   Thumb Code    16  gprs_hal.o(i.grps_power_off)
    grps_power_on                            0x0800d5c9   Thumb Code    14  gprs_hal.o(i.grps_power_on)
    help                                     0x0800d5dd   Thumb Code    12  debug_uart.o(i.help)
    init_ap_param                            0x0800d5ed   Thumb Code    52  ap_param.o(i.init_ap_param)
    insert_to_n1_buff                        0x0800d631   Thumb Code   296  to_n1.o(i.insert_to_n1_buff)
    led_1_close                              0x0800d769   Thumb Code    14  gprs_hal.o(i.led_1_close)
    main                                     0x0800d77d   Thumb Code   182  main.o(i.main)
    make_ack                                 0x0800d84d   Thumb Code    32  rf.o(i.make_ack)
    make_data_to_n1                          0x0800d871   Thumb Code   136  rf.o(i.make_data_to_n1)
    make_gprs_stat                           0x0800d905   Thumb Code    38  gprs_comm.o(i.make_gprs_stat)
    make_result_test_1000p                   0x0800d965   Thumb Code   128  rf.o(i.make_result_test_1000p)
    make_rf_stat                             0x0800da21   Thumb Code   174  rf_hal.o(i.make_rf_stat)
    n1_get_2g_stat                           0x0800dae9   Thumb Code    22  from_n1.o(i.n1_get_2g_stat)
    n1_get_ap_pram                           0x0800db09   Thumb Code    22  from_n1.o(i.n1_get_ap_pram)
    n1_send_2g_data                          0x0800db29   Thumb Code    24  from_n1.o(i.n1_send_2g_data)
    n1_set_ap_pram                           0x0800db45   Thumb Code   126  from_n1.o(i.n1_set_ap_pram)
    n1_set_rp_param                          0x0800dbe1   Thumb Code    24  from_n1.o(i.n1_set_rp_param)
    n1_set_s_param                           0x0800dc01   Thumb Code    24  from_n1.o(i.n1_set_s_param)
    print_version                            0x0800dc21   Thumb Code    22  debug_uart.o(i.print_version)
    re_start_sensor_event_record             0x0800dc5d   Thumb Code    14  debug.o(i.re_start_sensor_event_record)
    read_ap_param_flash                      0x0800dc71   Thumb Code   362  flash.o(i.read_ap_param_flash)
    read_firmware_rp_head                    0x0800ddf5   Thumb Code   180  from_n1_store_s_rp_frimware.o(i.read_firmware_rp_head)
    read_firmware_sensor_head                0x0800debd   Thumb Code   168  from_n1_store_s_rp_frimware.o(i.read_firmware_sensor_head)
    receive_rp_sensor_firmware               0x0800df79   Thumb Code   796  from_n1_store_s_rp_frimware.o(i.receive_rp_sensor_firmware)
    restart_sensor                           0x0800e2c1   Thumb Code    16  debug_uart.o(i.restart_sensor)
    rf_cmd_tx                                0x0800e2f1   Thumb Code    14  rf_hal.o(i.rf_cmd_tx)
    rf_cs_off                                0x0800e301   Thumb Code    76  rf_hal.o(i.rf_cs_off)
    rf_init                                  0x0800e369   Thumb Code   702  rf_hal.o(i.rf_init)
    rf_io_tx_4                               0x0800e651   Thumb Code   726  rf_hal.o(i.rf_io_tx_4)
    rf_manage                                0x0800e955   Thumb Code   202  rf_hal.o(i.rf_manage)
    rf_power_off                             0x0800ea31   Thumb Code   120  rf_hal.o(i.rf_power_off)
    rf_power_on                              0x0800eac9   Thumb Code    76  rf_hal.o(i.rf_power_on)
    rf_rev_1000p_test                        0x0800eb31   Thumb Code   148  rf.o(i.rf_rev_1000p_test)
    rf_rx                                    0x0800ec09   Thumb Code   338  rf_hal.o(i.rf_rx)
    rf_rx_data_handle                        0x0800ed85   Thumb Code   372  rf.o(i.rf_rx_data_handle)
    rf_rx_voerflow_check                     0x0800ef41   Thumb Code   244  rf_hal.o(i.rf_rx_voerflow_check)
    rf_satt_init                             0x0800f049   Thumb Code    24  rf_hal.o(i.rf_satt_init)
    rf_scan_channel                          0x0800f065   Thumb Code   168  rf_hal.o(i.rf_scan_channel)
    rf_send                                  0x0800f139   Thumb Code    70  debug_uart.o(i.rf_send)
    rf_send_1000p                            0x0800f199   Thumb Code   422  rf_hal.o(i.rf_send_1000p)
    rf_send_ack_packet                       0x0800f3b9   Thumb Code   424  rf.o(i.rf_send_ack_packet)
    rf_send_syn_packet                       0x0800f5b9   Thumb Code   604  rf.o(i.rf_send_syn_packet)
    rf_send_updata_packet                    0x0800f861   Thumb Code   388  rf.o(i.rf_send_updata_packet)
    rf_send_update_packet                    0x0800fa11   Thumb Code    92  update_s_rp.o(i.rf_send_update_packet)
    rf_set_channel                           0x0800fa71   Thumb Code    70  rf_hal.o(i.rf_set_channel)
    rf_write_buff                            0x0800fab9   Thumb Code   188  rf_hal.o(i.rf_write_buff)
    scan_channel_ebale                       0x0800fb91   Thumb Code    44  debug_uart.o(i.scan_channel_ebale)
    send_gprs_200                            0x0800fbfd   Thumb Code    14  debug_uart.o(i.send_gprs_200)
    send_gprs_200_                           0x0800fc21   Thumb Code    32  gprs_comm.o(i.send_gprs_200_)
    send_gprs_data                           0x0800fc49   Thumb Code   120  gprs_comm.o(i.send_gprs_data)
    set_rf_mode                              0x0800fcc9   Thumb Code    90  debug_uart.o(i.set_rf_mode)
    set_rp_ch                                0x0800fd65   Thumb Code    76  debug_uart.o(i.set_rp_ch)
    set_rp_slot                              0x0800fdb5   Thumb Code    78  debug_uart.o(i.set_rp_slot)
    setrfch                                  0x0800fe09   Thumb Code   106  debug_uart.o(i.setrfch)
    spi_to_index                             0x0800febd   Thumb Code    46  rf_hal.o(i.spi_to_index)
    sqrt                                     0x0800fefd   Thumb Code   110  sqrt.o(i.sqrt)
    start_from_debug_dma_receive             0x0800ff6d   Thumb Code    32  debug_uart.o(i.start_from_debug_dma_receive)
    start_from_gprs_dma_receive              0x0800ff95   Thumb Code    32  gprs_hal.o(i.start_from_gprs_dma_receive)
    start_from_n1_dma_receive                0x0800ffbd   Thumb Code    44  from_n1.o(i.start_from_n1_dma_receive)
    str_to_int                               0x0800fff5   Thumb Code   146  debug_uart.o(i.str_to_int)
    strhex_to_hex                            0x08010091   Thumb Code    54  from_n1_store_s_rp_frimware.o(i.strhex_to_hex)
    to_n1_buff_handle                        0x080100cd   Thumb Code   248  to_n1.o(i.to_n1_buff_handle)
    uart_form_n1_idle_callback               0x080101e1   Thumb Code    66  from_n1.o(i.uart_form_n1_idle_callback)
    uart_from_debug_idle_callback            0x08010231   Thumb Code    68  debug_uart.o(i.uart_from_debug_idle_callback)
    uart_from_gprs_idle_callback             0x08010285   Thumb Code    56  gprs_hal.o(i.uart_from_gprs_idle_callback)
    write_ap_param_flash                     0x080102c9   Thumb Code   342  flash.o(i.write_ap_param_flash)
    write_bin_flash                          0x0801043d   Thumb Code    90  flash.o(i.write_bin_flash)
    AHBPrescTable                            0x0801049c   Data          16  system_stm32f4xx.o(.constdata)
    APBPrescTable                            0x080104ac   Data           8  system_stm32f4xx.o(.constdata)
    crc16_table                              0x080104bc   Data         512  to_n1.o(.constdata)
    __mathlib_zero                           0x08010768   Data           8  qnan.o(.constdata)
    __ctype_categories                       0x08010770   Data          64  ctype_c.o(.constdata)
    Region$$Table$$Base                      0x08010d5c   Number         0  anon$$obj.o(Region$$Table)
    Region$$Table$$Limit                     0x08010d7c   Number         0  anon$$obj.o(Region$$Table)
    SystemCoreClock                          0x20000000   Data           4  system_stm32f4xx.o(.data)
    uwTick                                   0x20000004   Data           4  stm32f4xx_hal.o(.data)
    hcrc                                     0x20000008   Data           8  main.o(.data)
    core_freq                                0x20000010   Data           4  main.o(.data)
    data                                     0x20000014   Data          24  main.o(.data)
    iic_stat                                 0x2000002c   Data           1  main.o(.data)
    SectorError                              0x20000030   Data           4  main.o(.data)
    cmd_list                                 0x20000034   Data         136  debug_uart.o(.data)
    from_n1_data_index                       0x200000bc   Data           4  from_n1.o(.data)
    to_n1_buff_insert_ptr                    0x200000c0   Data           4  to_n1.o(.data)
    to_n1_buff_get_ptr                       0x200000c4   Data           4  to_n1.o(.data)
    send_to_n1_ack                           0x200000c8   Data          10  to_n1.o(.data)
    to_n1_lost_packet_count                  0x200000d4   Data           4  to_n1.o(.data)
    my_firmware_head                         0x200000e4   Data           8  from_n1_store_s_rp_frimware.o(.data)
    ee_write_packet_syn                      0x200000ec   Data           2  from_n1_store_s_rp_frimware.o(.data)
    ee_write_addr_add                        0x200000f0   Data           4  from_n1_store_s_rp_frimware.o(.data)
    gprs_str_queue_write                     0x20000100   Data           4  gprs_comm.o(.data)
    gprs_str_queue_read                      0x20000104   Data           4  gprs_comm.o(.data)
    gprs_receive_packet_flag                 0x20000108   Data           4  gprs_comm.o(.data)
    gprs_cmd_param_num                       0x2000010c   Data           4  gprs_comm.o(.data)
    gprs_sec_flag                            0x20000110   Data           1  gprs_comm.o(.data)
    gprs_print_rx_tx_data_enable             0x20000114   Data           4  gprs_comm.o(.data)
    gprs_str_cmd                             0x20000118   Data          76  gprs_comm.o(.data)
    rf_index                                 0x20000174   Data          16  rf_hal.o(.data)
    rf_sec_flag                              0x20000184   Data           1  rf_hal.o(.data)
    rf_scan_channel_enable                   0x20000185   Data           1  rf_hal.o(.data)
    rf_send_1000_p_enable                    0x20000186   Data           1  rf_hal.o(.data)
    rf_send_data                             0x20000187   Data          15  rf_hal.o(.data)
    syn_send_error                           0x20000198   Data           4  rf_hal.o(.data)
    test_1000p_data                          0x2000019c   Data          28  rf_hal.o(.data)
    channel                                  0x200001b8   Data           4  rf_hal.o(.data)
    str_power                                0x200001bc   Data          12  rf_hal.o(.data)
    str_init                                 0x200001c8   Data          12  rf_hal.o(.data)
    str_mode                                 0x200001d4   Data          12  rf_hal.o(.data)
    systerm_info                             0x200001e4   Data           8  rf.o(.data)
    uiIndex                                  0x200001ec   Data           4  rf.o(.data)
    g_sSnnDataMessage                        0x200001f0   Data          84  rf.o(.data)
    test                                     0x20000244   Data           4  rf.o(.data)
    enable_print_sensor_event                0x20000248   Data           4  rf.o(.data)
    ack_num                                  0x2000024c   Data           4  rf.o(.data)
    ee_data_read                             0x20000250   Data         256  eeprom.o(.data)
    ap_param_write_flash_flag                0x20000350   Data           1  flash.o(.data)
    pFlash                                   0x20000358   Data          32  stm32f4xx_hal_flash.o(.bss)
    hi2c1                                    0x20000378   Data          84  main.o(.bss)
    hdma_i2c1_rx                             0x200003cc   Data          96  main.o(.bss)
    hdma_i2c1_tx                             0x2000042c   Data          96  main.o(.bss)
    hspi1                                    0x2000048c   Data          88  main.o(.bss)
    hspi3                                    0x200004e4   Data          88  main.o(.bss)
    hspi4                                    0x2000053c   Data          88  main.o(.bss)
    hspi5                                    0x20000594   Data          88  main.o(.bss)
    hdma_spi1_rx                             0x200005ec   Data          96  main.o(.bss)
    hdma_spi3_rx                             0x2000064c   Data          96  main.o(.bss)
    hdma_spi4_rx                             0x200006ac   Data          96  main.o(.bss)
    hdma_spi5_rx                             0x2000070c   Data          96  main.o(.bss)
    htim2                                    0x2000076c   Data          60  main.o(.bss)
    huart2                                   0x200007a8   Data          64  main.o(.bss)
    huart3                                   0x200007e8   Data          64  main.o(.bss)
    huart6                                   0x20000828   Data          64  main.o(.bss)
    hdma_usart2_rx                           0x20000868   Data          96  main.o(.bss)
    hdma_usart2_tx                           0x200008c8   Data          96  main.o(.bss)
    hdma_usart3_rx                           0x20000928   Data          96  main.o(.bss)
    hdma_usart3_tx                           0x20000988   Data          96  main.o(.bss)
    hdma_usart6_rx                           0x200009e8   Data          96  main.o(.bss)
    hdma_usart6_tx                           0x20000a48   Data          96  main.o(.bss)
    EraseInit                                0x20000aa8   Data          20  main.o(.bss)
    debug_uart_dma_buff                      0x20000abc   Data         256  debug_uart.o(.bss)
    debug_uart_buff                          0x20000bbc   Data         257  debug_uart.o(.bss)
    debug_send_buff                          0x20000cbd   Data         256  debug_uart.o(.bss)
    cmd_param_int                            0x20000dc0   Data          44  debug_uart.o(.bss)
    cmd                                      0x20000dec   Data         100  debug_uart.o(.bss)
    param                                    0x20000e50   Data          32  debug_uart.o(.bss)
    sensor_event_list                        0x20000e70   Data        8192  debug.o(.bss)
    debug_sensor_event_str                   0x20002e70   Data       23808  debug.o(.bss)
    from_n1_data                             0x20008b70   Data         512  from_n1.o(.bss)
    send_to_n1_buff                          0x20008d70   Data       12800  to_n1.o(.bss)
    send_to_n1_data                          0x2000bf70   Data         256  to_n1.o(.bss)
    firmware_head                            0x2000c070   Data         190  from_n1_store_s_rp_frimware.o(.bss)
    firmware_struct_head                     0x2000c12e   Data         160  from_n1_store_s_rp_frimware.o(.bss)
    pheader_5xxRP                            0x2000c1ce   Data          56  from_n1_store_s_rp_frimware.o(.bss)
    pheader_5xx                              0x2000c206   Data         152  from_n1_store_s_rp_frimware.o(.bss)
    gprs_receive_dma_buff                    0x2000c29e   Data        1536  gprs_hal.o(.bss)
    n1_to_server_data                        0x2000c8a0   Data         256  gprs_comm.o(.bss)
    gprs_str_queue                           0x2000c9a0   Data        4096  gprs_comm.o(.bss)
    gprs_data_buff                           0x2000d9a0   Data        1536  gprs_comm.o(.bss)
    gprs_cmd_param                           0x2000dfa0   Data         500  gprs_comm.o(.bss)
    gprs_debug_buff                          0x2000e194   Data         256  gprs_comm.o(.bss)
    at_cmd_conn                              0x2000e294   Data          50  gprs_comm.o(.bss)
    gprs_stat                                0x2000e2c8   Data          76  gprs_comm.o(.bss)
    rf_stat                                  0x2000e314   Data          12  rf_hal.o(.bss)
    rf_rx_buff                               0x2000e320   Data        1024  rf_hal.o(.bss)
    syn_packet                               0x2000e720   Data          34  rf.o(.bss)
    ack_packet                               0x2000e742   Data          28  rf.o(.bss)
    upadate_packet                           0x2000e75e   Data          46  rf.o(.bss)
    s_sApAckPacket                           0x2000e78c   Data         112  rf.o(.bss)
    sensor_rp_data_recode                    0x2000e7fc   Data        1024  rf.o(.bss)
    test_1000p_manage                        0x2000ebfc   Data          12  rf.o(.bss)
    update_s_rp_manage                       0x2000ec08   Data         264  update_s_rp.o(.bss)
    ap_param                                 0x2000ed10   Data          26  ap_param.o(.bss)
    sensor_rp_param                          0x2000ed2a   Data          15  ap_param.o(.bss)
    ee_data_write                            0x2000ed3c   Data         256  eeprom.o(.bss)
    ee_task                                  0x2000ee3c   Data          12  eeprom.o(.bss)
    flash_buff                               0x2000ee48   Data         256  flash.o(.bss)
    __initial_sp                             0x2000f748   Data           0  startup_stm32f429xx.o(STACK)



==============================================================================

Memory Map of the image

  Image Entry point : 0x080041ad

  Load Region LR_IROM1 (Base: 0x08004000, Size: 0x0000d0d4, Max: 0x00200000, ABSOLUTE, COMPRESSED[0x0000ce90])

    Execution Region ER_IROM1 (Base: 0x08004000, Size: 0x0000cd7c, Max: 0x00200000, ABSOLUTE)

    Base Addr    Size         Type   Attr      Idx    E Section Name        Object

    0x08004000   0x000001ac   Data   RO          144    RESET               startup_stm32f429xx.o
    0x080041ac   0x00000000   Code   RO         4894  * .ARM.Collect$$$$00000000  mc_w.l(entry.o)
    0x080041ac   0x00000004   Code   RO         5217    .ARM.Collect$$$$00000001  mc_w.l(entry2.o)
    0x080041b0   0x00000004   Code   RO         5220    .ARM.Collect$$$$00000004  mc_w.l(entry5.o)
    0x080041b4   0x00000000   Code   RO         5222    .ARM.Collect$$$$00000008  mc_w.l(entry7b.o)
    0x080041b4   0x00000000   Code   RO         5224    .ARM.Collect$$$$0000000A  mc_w.l(entry8b.o)
    0x080041b4   0x00000008   Code   RO         5225    .ARM.Collect$$$$0000000B  mc_w.l(entry9a.o)
    0x080041bc   0x00000000   Code   RO         5227    .ARM.Collect$$$$0000000D  mc_w.l(entry10a.o)
    0x080041bc   0x00000000   Code   RO         5229    .ARM.Collect$$$$0000000F  mc_w.l(entry11a.o)
    0x080041bc   0x00000004   Code   RO         5218    .ARM.Collect$$$$00002712  mc_w.l(entry2.o)
    0x080041c0   0x00000024   Code   RO          145    .text               startup_stm32f429xx.o
    0x080041e4   0x00000024   Code   RO         4897    .text               mc_w.l(memcpya.o)
    0x08004208   0x00000024   Code   RO         4899    .text               mc_w.l(memseta.o)
    0x0800422c   0x0000001c   Code   RO         4901    .text               mc_w.l(strcmp.o)
    0x08004248   0x00000038   Code   RO         5166    .text               mc_w.l(__0sscanf.o)
    0x08004280   0x0000014c   Code   RO         5168    .text               mc_w.l(_scanf_int.o)
    0x080043cc   0x0000014e   Code   RO         5170    .text               mf_w.l(dadd.o)
    0x0800451a   0x000000e4   Code   RO         5172    .text               mf_w.l(dmul.o)
    0x080045fe   0x00000022   Code   RO         5174    .text               mf_w.l(dflti.o)
    0x08004620   0x0000003e   Code   RO         5176    .text               mf_w.l(dfixi.o)
    0x0800465e   0x00000026   Code   RO         5178    .text               mf_w.l(f2d.o)
    0x08004684   0x0000002c   Code   RO         5234    .text               mc_w.l(uidiv.o)
    0x080046b0   0x00000062   Code   RO         5236    .text               mc_w.l(uldiv.o)
    0x08004712   0x0000001e   Code   RO         5238    .text               mc_w.l(llshl.o)
    0x08004730   0x00000020   Code   RO         5240    .text               mc_w.l(llushr.o)
    0x08004750   0x00000024   Code   RO         5242    .text               mc_w.l(llsshr.o)
    0x08004774   0x0000001c   Code   RO         5251    .text               mc_w.l(_chval.o)
    0x08004790   0x00000028   Code   RO         5253    .text               mc_w.l(scanf_char.o)
    0x080047b8   0x00000040   Code   RO         5255    .text               mc_w.l(_sgetc.o)
    0x080047f8   0x00000000   Code   RO         5257    .text               mc_w.l(iusefp.o)
    0x080047f8   0x000000ba   Code   RO         5258    .text               mf_w.l(depilogue.o)
    0x080048b2   0x000000de   Code   RO         5260    .text               mf_w.l(ddiv.o)
    0x08004990   0x0000002e   Code   RO         5264    .text               mf_w.l(dscalb.o)
    0x080049be   0x00000030   Code   RO         5266    .text               mf_w.l(dfixul.o)
    0x080049ee   0x00000002   PAD
    0x080049f0   0x00000030   Code   RO         5268    .text               mf_w.l(cdrcmple.o)
    0x08004a20   0x00000024   Code   RO         5270    .text               mc_w.l(init.o)
    0x08004a44   0x0000000a   Code   RO         5273    .text               mc_w.l(isspace_c.o)
    0x08004a4e   0x00000002   PAD
    0x08004a50   0x0000032c   Code   RO         5275    .text               mc_w.l(_scanf.o)
    0x08004d7c   0x000000a2   Code   RO         5278    .text               mf_w.l(dsqrt.o)
    0x08004e1e   0x00000002   PAD
    0x08004e20   0x00000028   Code   RO         5282    .text               mc_w.l(ctype_c.o)
    0x08004e48   0x00000056   Code   RO         5293    .text               mc_w.l(__dczerorl2.o)
    0x08004e9e   0x00000002   PAD
    0x08004ea0   0x000001a0   Code   RO         4576    i.ApPacketsetting   rf.o
    0x08005040   0x00000004   Code   RO         3432    i.BusFault_Handler  stm32f4xx_it.o
    0x08005044   0x0000021c   Code   RO         4392    i.CC2520_Reg_Init   rf_hal.o
    0x08005260   0x000000cc   Code   RO         4393    i.CC2520_get_data   rf_hal.o
    0x0800532c   0x000000e4   Code   RO         4394    i.CC2520_get_reg    rf_hal.o
    0x08005410   0x000000c4   Code   RO         4395    i.CC2520_send_cmd   rf_hal.o
    0x080054d4   0x000000dc   Code   RO         4396    i.CC2520_set_reg    rf_hal.o
    0x080055b0   0x00000010   Code   RO         3433    i.DMA1_Stream0_IRQHandler  stm32f4xx_it.o
    0x080055c0   0x00000010   Code   RO         3434    i.DMA1_Stream1_IRQHandler  stm32f4xx_it.o
    0x080055d0   0x00000010   Code   RO         3435    i.DMA1_Stream2_IRQHandler  stm32f4xx_it.o
    0x080055e0   0x00000010   Code   RO         3436    i.DMA1_Stream3_IRQHandler  stm32f4xx_it.o
    0x080055f0   0x00000010   Code   RO         3437    i.DMA1_Stream5_IRQHandler  stm32f4xx_it.o
    0x08005600   0x00000010   Code   RO         3438    i.DMA1_Stream6_IRQHandler  stm32f4xx_it.o
    0x08005610   0x00000010   Code   RO         3439    i.DMA1_Stream7_IRQHandler  stm32f4xx_it.o
    0x08005620   0x00000010   Code   RO         3440    i.DMA2_Stream0_IRQHandler  stm32f4xx_it.o
    0x08005630   0x00000010   Code   RO         3441    i.DMA2_Stream1_IRQHandler  stm32f4xx_it.o
    0x08005640   0x00000010   Code   RO         3442    i.DMA2_Stream2_IRQHandler  stm32f4xx_it.o
    0x08005650   0x00000010   Code   RO         3443    i.DMA2_Stream3_IRQHandler  stm32f4xx_it.o
    0x08005660   0x00000010   Code   RO         3444    i.DMA2_Stream6_IRQHandler  stm32f4xx_it.o
    0x08005670   0x00000034   Code   RO         2283    i.DMA_CalcBaseAndBitshift  stm32f4xx_hal_dma.o
    0x080056a4   0x000000aa   Code   RO         2284    i.DMA_CheckFifoParam  stm32f4xx_hal_dma.o
    0x0800574e   0x0000002c   Code   RO         2285    i.DMA_SetConfig     stm32f4xx_hal_dma.o
    0x0800577a   0x00000002   Code   RO         3445    i.DebugMon_Handler  stm32f4xx_it.o
    0x0800577c   0x00000014   Code   RO         3446    i.EXTI15_10_IRQHandler  stm32f4xx_it.o
    0x08005790   0x0000000a   Code   RO         3447    i.EXTI2_IRQHandler  stm32f4xx_it.o
    0x0800579a   0x0000000a   Code   RO         3448    i.EXTI4_IRQHandler  stm32f4xx_it.o
    0x080057a4   0x0000006c   Code   RO         1160    i.FLASH_Erase_Sector  stm32f4xx_hal_flash_ex.o
    0x08005810   0x00000078   Code   RO         1161    i.FLASH_FlushCaches  stm32f4xx_hal_flash_ex.o
    0x08005888   0x00000054   Code   RO         1162    i.FLASH_MassErase   stm32f4xx_hal_flash_ex.o
    0x080058dc   0x00000024   Code   RO         2706    i.FLASH_Program_Byte  stm32f4xx_hal_flash.o
    0x08005900   0x0000002c   Code   RO         2707    i.FLASH_Program_DoubleWord  stm32f4xx_hal_flash.o
    0x0800592c   0x00000028   Code   RO         2708    i.FLASH_Program_HalfWord  stm32f4xx_hal_flash.o
    0x08005954   0x00000028   Code   RO         2709    i.FLASH_Program_Word  stm32f4xx_hal_flash.o
    0x0800597c   0x000000b4   Code   RO         2710    i.FLASH_SetErrorCode  stm32f4xx_hal_flash.o
    0x08005a30   0x00000064   Code   RO         2711    i.FLASH_WaitForLastOperation  stm32f4xx_hal_flash.o
    0x08005a94   0x0000004e   Code   RO         3288    i.HAL_CRC_Calculate  stm32f4xx_hal_crc.o
    0x08005ae2   0x00000024   Code   RO         3291    i.HAL_CRC_Init      stm32f4xx_hal_crc.o
    0x08005b06   0x00000002   PAD
    0x08005b08   0x00000034   Code   RO         3348    i.HAL_CRC_MspInit   stm32f4xx_hal_msp.o
    0x08005b3c   0x000000aa   Code   RO         2286    i.HAL_DMA_Abort     stm32f4xx_hal_dma.o
    0x08005be6   0x00000028   Code   RO         2287    i.HAL_DMA_Abort_IT  stm32f4xx_hal_dma.o
    0x08005c0e   0x00000002   PAD
    0x08005c10   0x00000248   Code   RO         2291    i.HAL_DMA_IRQHandler  stm32f4xx_hal_dma.o
    0x08005e58   0x000000ec   Code   RO         2292    i.HAL_DMA_Init      stm32f4xx_hal_dma.o
    0x08005f44   0x0000009e   Code   RO         2296    i.HAL_DMA_Start_IT  stm32f4xx_hal_dma.o
    0x08005fe2   0x00000002   PAD
    0x08005fe4   0x000000b0   Code   RO         1177    i.HAL_FLASHEx_Erase  stm32f4xx_hal_flash_ex.o
    0x08006094   0x00000014   Code   RO         2715    i.HAL_FLASH_Lock    stm32f4xx_hal_flash.o
    0x080060a8   0x00000098   Code   RO         2720    i.HAL_FLASH_Program  stm32f4xx_hal_flash.o
    0x08006140   0x0000002c   Code   RO         2722    i.HAL_FLASH_Unlock  stm32f4xx_hal_flash.o
    0x0800616c   0x000000d8   Code   RO         4397    i.HAL_GPIO_EXTI_Callback  rf_hal.o
    0x08006244   0x0000001c   Code   RO          530    i.HAL_GPIO_EXTI_IRQHandler  stm32f4xx_hal_gpio.o
    0x08006260   0x0000021c   Code   RO          531    i.HAL_GPIO_Init     stm32f4xx_hal_gpio.o
    0x0800647c   0x00000010   Code   RO          533    i.HAL_GPIO_ReadPin  stm32f4xx_hal_gpio.o
    0x0800648c   0x00000008   Code   RO          534    i.HAL_GPIO_TogglePin  stm32f4xx_hal_gpio.o
    0x08006494   0x0000000c   Code   RO          535    i.HAL_GPIO_WritePin  stm32f4xx_hal_gpio.o
    0x080064a0   0x0000000c   Code   RO          890    i.HAL_GetTick       stm32f4xx_hal.o
    0x080064ac   0x00000002   Code   RO         2824    i.HAL_I2C_AbortCpltCallback  stm32f4xx_hal_i2c.o
    0x080064ae   0x00000002   Code   RO         2825    i.HAL_I2C_AddrCallback  stm32f4xx_hal_i2c.o
    0x080064b0   0x000000e4   Code   RO         2828    i.HAL_I2C_ER_IRQHandler  stm32f4xx_hal_i2c.o
    0x08006594   0x00000178   Code   RO         2829    i.HAL_I2C_EV_IRQHandler  stm32f4xx_hal_i2c.o
    0x0800670c   0x00000002   Code   RO         2831    i.HAL_I2C_ErrorCallback  stm32f4xx_hal_i2c.o
    0x0800670e   0x00000002   PAD
    0x08006710   0x00000128   Code   RO         2835    i.HAL_I2C_Init      stm32f4xx_hal_i2c.o
    0x08006838   0x00000002   Code   RO         2837    i.HAL_I2C_ListenCpltCallback  stm32f4xx_hal_i2c.o
    0x0800683a   0x00000002   Code   RO         2838    i.HAL_I2C_MasterRxCpltCallback  stm32f4xx_hal_i2c.o
    0x0800683c   0x00000002   Code   RO         2839    i.HAL_I2C_MasterTxCpltCallback  stm32f4xx_hal_i2c.o
    0x0800683e   0x00000002   PAD
    0x08006840   0x00000040   Code   RO         4774    i.HAL_I2C_MemRxCpltCallback  eeprom.o
    0x08006880   0x000000a0   Code   RO         4775    i.HAL_I2C_MemTxCpltCallback  eeprom.o
    0x08006920   0x0000012c   Code   RO         3350    i.HAL_I2C_MspInit   stm32f4xx_hal_msp.o
    0x08006a4c   0x00000002   Code   RO         2859    i.HAL_I2C_SlaveRxCpltCallback  stm32f4xx_hal_i2c.o
    0x08006a4e   0x00000002   Code   RO         2860    i.HAL_I2C_SlaveTxCpltCallback  stm32f4xx_hal_i2c.o
    0x08006a50   0x00000010   Code   RO          892    i.HAL_IncTick       stm32f4xx_hal.o
    0x08006a60   0x0000003c   Code   RO          893    i.HAL_Init          stm32f4xx_hal.o
    0x08006a9c   0x00000028   Code   RO          894    i.HAL_InitTick      stm32f4xx_hal.o
    0x08006ac4   0x00000056   Code   RO         3351    i.HAL_MspInit       stm32f4xx_hal_msp.o
    0x08006b1a   0x0000001a   Code   RO         2148    i.HAL_NVIC_EnableIRQ  stm32f4xx_hal_cortex.o
    0x08006b34   0x0000007c   Code   RO         2154    i.HAL_NVIC_SetPriority  stm32f4xx_hal_cortex.o
    0x08006bb0   0x00000028   Code   RO         2155    i.HAL_NVIC_SetPriorityGrouping  stm32f4xx_hal_cortex.o
    0x08006bd8   0x000001d0   Code   RO         1311    i.HAL_RCC_ClockConfig  stm32f4xx_hal_rcc.o
    0x08006da8   0x0000000c   Code   RO         1316    i.HAL_RCC_GetHCLKFreq  stm32f4xx_hal_rcc.o
    0x08006db4   0x0000002c   Code   RO         1318    i.HAL_RCC_GetPCLK1Freq  stm32f4xx_hal_rcc.o
    0x08006de0   0x0000002c   Code   RO         1319    i.HAL_RCC_GetPCLK2Freq  stm32f4xx_hal_rcc.o
    0x08006e0c   0x000000b4   Code   RO         1320    i.HAL_RCC_GetSysClockFreq  stm32f4xx_hal_rcc.o
    0x08006ec0   0x0000044c   Code   RO         1323    i.HAL_RCC_OscConfig  stm32f4xx_hal_rcc.o
    0x0800730c   0x0000008c   Code   RO         2400    i.HAL_SPI_Init      stm32f4xx_hal_spi.o
    0x08007398   0x00000294   Code   RO         3353    i.HAL_SPI_MspInit   stm32f4xx_hal_msp.o
    0x0800762c   0x0000016c   Code   RO         2403    i.HAL_SPI_Receive   stm32f4xx_hal_spi.o
    0x08007798   0x000001a6   Code   RO         2408    i.HAL_SPI_Transmit  stm32f4xx_hal_spi.o
    0x0800793e   0x0000021e   Code   RO         2409    i.HAL_SPI_TransmitReceive  stm32f4xx_hal_spi.o
    0x08007b5c   0x00000028   Code   RO         2157    i.HAL_SYSTICK_CLKSourceConfig  stm32f4xx_hal_cortex.o
    0x08007b84   0x000000ec   Code   RO         4577    i.HAL_SYSTICK_Callback  rf.o
    0x08007c70   0x00000034   Code   RO         2159    i.HAL_SYSTICK_Config  stm32f4xx_hal_cortex.o
    0x08007ca4   0x00000008   Code   RO         2160    i.HAL_SYSTICK_IRQHandler  stm32f4xx_hal_cortex.o
    0x08007cac   0x00000062   Code   RO          611    i.HAL_TIMEx_MasterConfigSynchronization  stm32f4xx_hal_tim_ex.o
    0x08007d0e   0x00000034   Code   RO         1414    i.HAL_TIM_Base_Init  stm32f4xx_hal_tim.o
    0x08007d42   0x00000002   PAD
    0x08007d44   0x00000030   Code   RO         3355    i.HAL_TIM_Base_MspInit  stm32f4xx_hal_msp.o
    0x08007d74   0x0000001e   Code   RO         1417    i.HAL_TIM_Base_Start  stm32f4xx_hal_tim.o
    0x08007d92   0x00000132   Code   RO         1423    i.HAL_TIM_ConfigClockSource  stm32f4xx_hal_tim.o
    0x08007ec4   0x00000002   Code   RO          218    i.HAL_UART_ErrorCallback  stm32f4xx_hal_uart.o
    0x08007ec6   0x00000002   PAD
    0x08007ec8   0x0000014c   Code   RO          221    i.HAL_UART_IRQHandler  stm32f4xx_hal_uart.o
    0x08008014   0x00000072   Code   RO          222    i.HAL_UART_Init     stm32f4xx_hal_uart.o
    0x08008086   0x00000002   PAD
    0x08008088   0x00000318   Code   RO         3357    i.HAL_UART_MspInit  stm32f4xx_hal_msp.o
    0x080083a0   0x000000c4   Code   RO          226    i.HAL_UART_Receive_DMA  stm32f4xx_hal_uart.o
    0x08008464   0x00000002   Code   RO          228    i.HAL_UART_RxCpltCallback  stm32f4xx_hal_uart.o
    0x08008466   0x00000002   Code   RO          229    i.HAL_UART_RxHalfCpltCallback  stm32f4xx_hal_uart.o
    0x08008468   0x0000009c   Code   RO          231    i.HAL_UART_Transmit_DMA  stm32f4xx_hal_uart.o
    0x08008504   0x00000020   Code   RO         4055    i.HAL_UART_TxCpltCallback  to_n1.o
    0x08008524   0x00000002   Code   RO          234    i.HAL_UART_TxHalfCpltCallback  stm32f4xx_hal_uart.o
    0x08008526   0x00000004   Code   RO         3449    i.HardFault_Handler  stm32f4xx_it.o
    0x0800852a   0x00000002   PAD
    0x0800852c   0x00000010   Code   RO         3450    i.I2C1_ER_IRQHandler  stm32f4xx_it.o
    0x0800853c   0x00000010   Code   RO         3451    i.I2C1_EV_IRQHandler  stm32f4xx_it.o
    0x0800854c   0x00000068   Code   RO         2869    i.I2C_DMAAbort      stm32f4xx_hal_i2c.o
    0x080085b4   0x00000170   Code   RO         2872    i.I2C_ITError       stm32f4xx_hal_i2c.o
    0x08008724   0x000000f8   Code   RO         2874    i.I2C_MasterReceive_BTF  stm32f4xx_hal_i2c.o
    0x0800881c   0x000000c8   Code   RO         2875    i.I2C_MasterReceive_RXNE  stm32f4xx_hal_i2c.o
    0x080088e4   0x000000a0   Code   RO         2878    i.I2C_MasterTransmit_BTF  stm32f4xx_hal_i2c.o
    0x08008984   0x0000014a   Code   RO         2879    i.I2C_MasterTransmit_TXE  stm32f4xx_hal_i2c.o
    0x08008ace   0x0000000e   Code   RO         2880    i.I2C_Master_ADD10  stm32f4xx_hal_i2c.o
    0x08008adc   0x0000022e   Code   RO         2881    i.I2C_Master_ADDR   stm32f4xx_hal_i2c.o
    0x08008d0a   0x00000082   Code   RO         2882    i.I2C_Master_SB     stm32f4xx_hal_i2c.o
    0x08008d8c   0x0000001e   Code   RO         2885    i.I2C_SlaveReceive_BTF  stm32f4xx_hal_i2c.o
    0x08008daa   0x00000048   Code   RO         2886    i.I2C_SlaveReceive_RXNE  stm32f4xx_hal_i2c.o
    0x08008df2   0x0000001c   Code   RO         2887    i.I2C_SlaveTransmit_BTF  stm32f4xx_hal_i2c.o
    0x08008e0e   0x00000046   Code   RO         2888    i.I2C_SlaveTransmit_TXE  stm32f4xx_hal_i2c.o
    0x08008e54   0x00000036   Code   RO         2889    i.I2C_Slave_ADDR    stm32f4xx_hal_i2c.o
    0x08008e8a   0x00000002   PAD
    0x08008e8c   0x000000a4   Code   RO         2890    i.I2C_Slave_AF      stm32f4xx_hal_i2c.o
    0x08008f30   0x00000110   Code   RO         2891    i.I2C_Slave_STOPF   stm32f4xx_hal_i2c.o
    0x08009040   0x00000034   Code   RO         3628    i.MX_CRC_Init       main.o
    0x08009074   0x00000108   Code   RO         3629    i.MX_DMA_Init       main.o
    0x0800917c   0x000004b8   Code   RO         3630    i.MX_GPIO_Init      main.o
    0x08009634   0x00000054   Code   RO         3631    i.MX_I2C1_Init      main.o
    0x08009688   0x0000005c   Code   RO         3632    i.MX_SPI1_Init      main.o
    0x080096e4   0x0000005c   Code   RO         3633    i.MX_SPI3_Init      main.o
    0x08009740   0x0000005c   Code   RO         3634    i.MX_SPI4_Init      main.o
    0x0800979c   0x0000005c   Code   RO         3635    i.MX_SPI5_Init      main.o
    0x080097f8   0x00000080   Code   RO         3636    i.MX_TIM2_Init      main.o
    0x08009878   0x0000004c   Code   RO         3637    i.MX_USART2_UART_Init  main.o
    0x080098c4   0x0000004c   Code   RO         3638    i.MX_USART3_UART_Init  main.o
    0x08009910   0x0000004c   Code   RO         3639    i.MX_USART6_UART_Init  main.o
    0x0800995c   0x00000004   Code   RO         3452    i.MemManage_Handler  stm32f4xx_it.o
    0x08009960   0x00000002   Code   RO         3453    i.NMI_Handler       stm32f4xx_it.o
    0x08009962   0x00000002   PAD
    0x08009964   0x00000010   Code   RO         2161    i.NVIC_GetPriorityGrouping  stm32f4xx_hal_cortex.o
    0x08009974   0x00000028   Code   RO         2162    i.NVIC_SetPriority  stm32f4xx_hal_cortex.o
    0x0800999c   0x00000002   Code   RO         3454    i.PendSV_Handler    stm32f4xx_it.o
    0x0800999e   0x00000028   Code   RO         2424    i.SPI_CheckFlag_BSY  stm32f4xx_hal_spi.o
    0x080099c6   0x000000aa   Code   RO         2442    i.SPI_WaitFlagStateUntilTimeout  stm32f4xx_hal_spi.o
    0x08009a70   0x00000002   Code   RO         3455    i.SVC_Handler       stm32f4xx_it.o
    0x08009a72   0x0000000c   Code   RO         3456    i.SysTick_Handler   stm32f4xx_it.o
    0x08009a7e   0x00000002   PAD
    0x08009a80   0x000000e4   Code   RO         3640    i.SystemClock_Config  main.o
    0x08009b64   0x00000064   Code   RO            5    i.SystemInit        system_stm32f4xx.o
    0x08009bc8   0x000000e4   Code   RO         1498    i.TIM_Base_SetConfig  stm32f4xx_hal_tim.o
    0x08009cac   0x00000018   Code   RO         1505    i.TIM_ETR_SetConfig  stm32f4xx_hal_tim.o
    0x08009cc4   0x00000014   Code   RO         1506    i.TIM_ITRx_SetConfig  stm32f4xx_hal_tim.o
    0x08009cd8   0x0000002a   Code   RO         1512    i.TIM_TI1_ConfigInputStage  stm32f4xx_hal_tim.o
    0x08009d02   0x0000002c   Code   RO         1514    i.TIM_TI2_ConfigInputStage  stm32f4xx_hal_tim.o
    0x08009d2e   0x00000014   Code   RO          235    i.UART_DMAAbortOnError  stm32f4xx_hal_uart.o
    0x08009d42   0x00000050   Code   RO          236    i.UART_DMAError     stm32f4xx_hal_uart.o
    0x08009d92   0x00000046   Code   RO          237    i.UART_DMAReceiveCplt  stm32f4xx_hal_uart.o
    0x08009dd8   0x0000000e   Code   RO          239    i.UART_DMARxHalfCplt  stm32f4xx_hal_uart.o
    0x08009de6   0x00000036   Code   RO          241    i.UART_DMATransmitCplt  stm32f4xx_hal_uart.o
    0x08009e1c   0x0000000e   Code   RO          243    i.UART_DMATxHalfCplt  stm32f4xx_hal_uart.o
    0x08009e2a   0x00000020   Code   RO          245    i.UART_EndRxTransfer  stm32f4xx_hal_uart.o
    0x08009e4a   0x00000020   Code   RO          246    i.UART_EndTransmit_IT  stm32f4xx_hal_uart.o
    0x08009e6a   0x00000014   Code   RO          247    i.UART_EndTxTransfer  stm32f4xx_hal_uart.o
    0x08009e7e   0x0000009a   Code   RO          248    i.UART_Receive_IT   stm32f4xx_hal_uart.o
    0x08009f18   0x00000368   Code   RO          249    i.UART_SetConfig    stm32f4xx_hal_uart.o
    0x0800a280   0x00000068   Code   RO          250    i.UART_Transmit_IT  stm32f4xx_hal_uart.o
    0x0800a2e8   0x00000020   Code   RO         3457    i.USART2_IRQHandler  stm32f4xx_it.o
    0x0800a308   0x00000020   Code   RO         3458    i.USART3_IRQHandler  stm32f4xx_it.o
    0x0800a328   0x00000020   Code   RO         3459    i.USART6_IRQHandler  stm32f4xx_it.o
    0x0800a348   0x00000004   Code   RO         3460    i.UsageFault_Handler  stm32f4xx_it.o
    0x0800a34c   0x00000004   Code   RO         3641    i._Error_Handler    main.o
    0x0800a350   0x00000028   Code   RO         5140    i.__0sprintf        mc_w.l(printfa.o)
    0x0800a378   0x00000030   Code   RO         5200    i.__ARM_fpclassify  m_wm.l(fpclassify.o)
    0x0800a3a8   0x00000c50   Code   RO         4880    i.__hardfp_pow      m_wm.l(pow.o)
    0x0800aff8   0x000000f8   Code   RO         5202    i.__kernel_poly     m_wm.l(poly.o)
    0x0800b0f0   0x00000030   Code   RO         5180    i.__mathlib_dbl_divzero  m_wm.l(dunder.o)
    0x0800b120   0x00000014   Code   RO         5182    i.__mathlib_dbl_infnan2  m_wm.l(dunder.o)
    0x0800b134   0x00000004   PAD
    0x0800b138   0x00000020   Code   RO         5183    i.__mathlib_dbl_invalid  m_wm.l(dunder.o)
    0x0800b158   0x00000020   Code   RO         5184    i.__mathlib_dbl_overflow  m_wm.l(dunder.o)
    0x0800b178   0x00000020   Code   RO         5186    i.__mathlib_dbl_underflow  m_wm.l(dunder.o)
    0x0800b198   0x0000000e   Code   RO         5287    i.__scatterload_copy  mc_w.l(handlers.o)
    0x0800b1a6   0x00000002   Code   RO         5288    i.__scatterload_null  mc_w.l(handlers.o)
    0x0800b1a8   0x0000000e   Code   RO         5289    i.__scatterload_zeroinit  mc_w.l(handlers.o)
    0x0800b1b6   0x00000002   PAD
    0x0800b1b8   0x0000000c   Code   RO         5246    i.__set_errno       mc_w.l(errno.o)
    0x0800b1c4   0x00000184   Code   RO         5145    i._fp_digits        mc_w.l(printfa.o)
    0x0800b348   0x000006dc   Code   RO         5146    i._printf_core      mc_w.l(printfa.o)
    0x0800ba24   0x00000024   Code   RO         5147    i._printf_post_padding  mc_w.l(printfa.o)
    0x0800ba48   0x0000002e   Code   RO         5148    i._printf_pre_padding  mc_w.l(printfa.o)
    0x0800ba76   0x0000000a   Code   RO         5150    i._sputc            mc_w.l(printfa.o)
    0x0800ba80   0x00000044   Code   RO         4115    i.check_firmware_header  from_n1_store_s_rp_frimware.o
    0x0800bac4   0x00000050   Code   RO         4579    i.check_recode_data_if_repeat  rf.o
    0x0800bb14   0x000000b4   Code   RO         4686    i.check_update_s_rp_list  update_s_rp.o
    0x0800bbc8   0x00000020   Code   RO         4580    i.clear_recode      rf.o
    0x0800bbe8   0x0000003c   Code   RO         4242    i.close_tcp_conn    gprs_comm.o
    0x0800bc24   0x00000022   Code   RO         4056    i.crc16             to_n1.o
    0x0800bc46   0x00000002   PAD
    0x0800bc48   0x00000018   Code   RO         4057    i.crc16_byte        to_n1.o
    0x0800bc60   0x00000028   Code   RO         3751    i.debug_cmd_handle  debug_uart.o
    0x0800bc88   0x000001c0   Code   RO         3935    i.debug_insert_sensor_event  debug.o
    0x0800be48   0x00000794   Code   RO         3936    i.debug_sensor_event_to_str  debug.o
    0x0800c5dc   0x00000030   Code   RO         3752    i.debug_uart_send_string  debug_uart.o
    0x0800c60c   0x00000078   Code   RO         3753    i.enable_gprs_print_tx_rx_data  debug_uart.o
    0x0800c684   0x00000074   Code   RO         3754    i.enable_rf_print_sensor_event  debug_uart.o
    0x0800c6f8   0x00000014   Code   RO         4687    i.enable_rp_update  update_s_rp.o
    0x0800c70c   0x00000014   Code   RO         4688    i.enable_sensor_update  update_s_rp.o
    0x0800c720   0x00000018   Code   RO         5196    i.fabs              m_wm.l(fabs.o)
    0x0800c738   0x000000c4   Code   RO         3969    i.from_n1_data_handle  from_n1.o
    0x0800c7fc   0x00000080   Code   RO         3755    i.get_ap_param      debug_uart.o
    0x0800c87c   0x00000048   Code   RO         3756    i.get_cmd           debug_uart.o
    0x0800c8c4   0x00000050   Code   RO         4058    i.get_from_n1_buff  to_n1.o
    0x0800c914   0x0000000e   Code   RO         3757    i.get_gprs_stat     debug_uart.o
    0x0800c922   0x00000002   PAD
    0x0800c924   0x00000094   Code   RO         3758    i.get_q_string      debug_uart.o
    0x0800c9b8   0x0000000e   Code   RO         3759    i.get_rf_stat       debug_uart.o
    0x0800c9c6   0x00000002   PAD
    0x0800c9c8   0x00000060   Code   RO         4689    i.get_s_rp_input_update_stat  update_s_rp.o
    0x0800ca28   0x00000014   Code   RO         3760    i.get_sensor        debug_uart.o
    0x0800ca3c   0x00000038   Code   RO         4581    i.get_slot_num      rf.o
    0x0800ca74   0x00000070   Code   RO         3761    i.get_str_param     debug_uart.o
    0x0800cae4   0x00000018   Code   RO         4243    i.gprs_at_get_CGREG  gprs_comm.o
    0x0800cafc   0x00000038   Code   RO         4245    i.gprs_at_init      gprs_comm.o
    0x0800cb34   0x00000034   Code   RO         4246    i.gprs_at_tcp_close  gprs_comm.o
    0x0800cb68   0x00000064   Code   RO         4247    i.gprs_at_tcp_conn  gprs_comm.o
    0x0800cbcc   0x00000104   Code   RO         4248    i.gprs_data_handle  gprs_comm.o
    0x0800ccd0   0x000000f0   Code   RO         4249    i.gprs_get_cmd_param  gprs_comm.o
    0x0800cdc0   0x00000278   Code   RO         4250    i.gprs_main_call    gprs_comm.o
    0x0800d038   0x00000010   Code   RO         4251    i.gprs_reboot       gprs_comm.o
    0x0800d048   0x000003c4   Code   RO         4254    i.gprs_str_cmd_handle  gprs_comm.o
    0x0800d40c   0x00000038   Code   RO         4255    i.gprs_str_copy_to_queue  gprs_comm.o
    0x0800d444   0x00000044   Code   RO         4256    i.gprs_str_read_queue  gprs_comm.o
    0x0800d488   0x000000ac   Code   RO         4257    i.gprs_str_to_int   gprs_comm.o
    0x0800d534   0x00000050   Code   RO         4258    i.gprs_str_write_queue  gprs_comm.o
    0x0800d584   0x00000030   Code   RO         4259    i.gprs_uart_send_string  gprs_comm.o
    0x0800d5b4   0x00000014   Code   RO         4187    i.grps_power_off    gprs_hal.o
    0x0800d5c8   0x00000014   Code   RO         4188    i.grps_power_on     gprs_hal.o
    0x0800d5dc   0x00000010   Code   RO         3762    i.help              debug_uart.o
    0x0800d5ec   0x00000044   Code   RO         4737    i.init_ap_param     ap_param.o
    0x0800d630   0x00000138   Code   RO         4059    i.insert_to_n1_buff  to_n1.o
    0x0800d768   0x00000014   Code   RO         4189    i.led_1_close       gprs_hal.o
    0x0800d77c   0x000000d0   Code   RO         3642    i.main              main.o
    0x0800d84c   0x00000024   Code   RO         4582    i.make_ack          rf.o
    0x0800d870   0x00000094   Code   RO         4583    i.make_data_to_n1   rf.o
    0x0800d904   0x00000060   Code   RO         4260    i.make_gprs_stat    gprs_comm.o
    0x0800d964   0x000000bc   Code   RO         4584    i.make_result_test_1000p  rf.o
    0x0800da20   0x000000c8   Code   RO         4399    i.make_rf_stat      rf_hal.o
    0x0800dae8   0x00000020   Code   RO         3970    i.n1_get_2g_stat    from_n1.o
    0x0800db08   0x00000020   Code   RO         3971    i.n1_get_ap_pram    from_n1.o
    0x0800db28   0x0000001c   Code   RO         3972    i.n1_send_2g_data   from_n1.o
    0x0800db44   0x0000009c   Code   RO         3973    i.n1_set_ap_pram    from_n1.o
    0x0800dbe0   0x00000020   Code   RO         3974    i.n1_set_rp_param   from_n1.o
    0x0800dc00   0x00000020   Code   RO         3975    i.n1_set_s_param    from_n1.o
    0x0800dc20   0x0000003c   Code   RO         3764    i.print_version     debug_uart.o
    0x0800dc5c   0x00000014   Code   RO         3937    i.re_start_sensor_event_record  debug.o
    0x0800dc70   0x00000184   Code   RO         4842    i.read_ap_param_flash  flash.o
    0x0800ddf4   0x000000c8   Code   RO         4117    i.read_firmware_rp_head  from_n1_store_s_rp_frimware.o
    0x0800debc   0x000000bc   Code   RO         4118    i.read_firmware_sensor_head  from_n1_store_s_rp_frimware.o
    0x0800df78   0x00000348   Code   RO         4119    i.receive_rp_sensor_firmware  from_n1_store_s_rp_frimware.o
    0x0800e2c0   0x00000030   Code   RO         3765    i.restart_sensor    debug_uart.o
    0x0800e2f0   0x0000000e   Code   RO         4400    i.rf_cmd_tx         rf_hal.o
    0x0800e2fe   0x00000002   PAD
    0x0800e300   0x00000068   Code   RO         4401    i.rf_cs_off         rf_hal.o
    0x0800e368   0x000002e8   Code   RO         4402    i.rf_init           rf_hal.o
    0x0800e650   0x00000304   Code   RO         4404    i.rf_io_tx_4        rf_hal.o
    0x0800e954   0x000000dc   Code   RO         4405    i.rf_manage         rf_hal.o
    0x0800ea30   0x00000098   Code   RO         4406    i.rf_power_off      rf_hal.o
    0x0800eac8   0x00000068   Code   RO         4407    i.rf_power_on       rf_hal.o
    0x0800eb30   0x000000d8   Code   RO         4585    i.rf_rev_1000p_test  rf.o
    0x0800ec08   0x0000017c   Code   RO         4409    i.rf_rx             rf_hal.o
    0x0800ed84   0x000001bc   Code   RO         4586    i.rf_rx_data_handle  rf.o
    0x0800ef40   0x00000108   Code   RO         4410    i.rf_rx_voerflow_check  rf_hal.o
    0x0800f048   0x0000001c   Code   RO         4411    i.rf_satt_init      rf_hal.o
    0x0800f064   0x000000d4   Code   RO         4412    i.rf_scan_channel   rf_hal.o
    0x0800f138   0x00000060   Code   RO         3766    i.rf_send           debug_uart.o
    0x0800f198   0x00000220   Code   RO         4413    i.rf_send_1000p     rf_hal.o
    0x0800f3b8   0x00000200   Code   RO         4587    i.rf_send_ack_packet  rf.o
    0x0800f5b8   0x000002a8   Code   RO         4588    i.rf_send_syn_packet  rf.o
    0x0800f860   0x000001b0   Code   RO         4589    i.rf_send_updata_packet  rf.o
    0x0800fa10   0x00000060   Code   RO         4690    i.rf_send_update_packet  update_s_rp.o
    0x0800fa70   0x00000046   Code   RO         4414    i.rf_set_channel    rf_hal.o
    0x0800fab6   0x00000002   PAD
    0x0800fab8   0x000000d8   Code   RO         4416    i.rf_write_buff     rf_hal.o
    0x0800fb90   0x0000006c   Code   RO         3767    i.scan_channel_ebale  debug_uart.o
    0x0800fbfc   0x00000024   Code   RO         3768    i.send_gprs_200     debug_uart.o
    0x0800fc20   0x00000028   Code   RO         4261    i.send_gprs_200_    gprs_comm.o
    0x0800fc48   0x00000080   Code   RO         4262    i.send_gprs_data    gprs_comm.o
    0x0800fcc8   0x0000009c   Code   RO         3769    i.set_rf_mode       debug_uart.o
    0x0800fd64   0x00000050   Code   RO         3770    i.set_rp_ch         debug_uart.o
    0x0800fdb4   0x00000054   Code   RO         3771    i.set_rp_slot       debug_uart.o
    0x0800fe08   0x000000b4   Code   RO         3772    i.setrfch           debug_uart.o
    0x0800febc   0x00000040   Code   RO         4417    i.spi_to_index      rf_hal.o
    0x0800fefc   0x0000006e   Code   RO         5207    i.sqrt              m_wm.l(sqrt.o)
    0x0800ff6a   0x00000002   PAD
    0x0800ff6c   0x00000028   Code   RO         3773    i.start_from_debug_dma_receive  debug_uart.o
    0x0800ff94   0x00000028   Code   RO         4190    i.start_from_gprs_dma_receive  gprs_hal.o
    0x0800ffbc   0x00000038   Code   RO         3976    i.start_from_n1_dma_receive  from_n1.o
    0x0800fff4   0x0000009c   Code   RO         3774    i.str_to_int        debug_uart.o
    0x08010090   0x0000003c   Code   RO         4120    i.strhex_to_hex     from_n1_store_s_rp_frimware.o
    0x080100cc   0x00000114   Code   RO         4060    i.to_n1_buff_handle  to_n1.o
    0x080101e0   0x00000050   Code   RO         3977    i.uart_form_n1_idle_callback  from_n1.o
    0x08010230   0x00000054   Code   RO         3775    i.uart_from_debug_idle_callback  debug_uart.o
    0x08010284   0x00000044   Code   RO         4191    i.uart_from_gprs_idle_callback  gprs_hal.o
    0x080102c8   0x00000174   Code   RO         4843    i.write_ap_param_flash  flash.o
    0x0801043c   0x00000060   Code   RO         4844    i.write_bin_flash   flash.o
    0x0801049c   0x00000018   Data   RO            6    .constdata          system_stm32f4xx.o
    0x080104b4   0x00000008   Data   RO         2298    .constdata          stm32f4xx_hal_dma.o
    0x080104bc   0x00000200   Data   RO         4062    .constdata          to_n1.o
    0x080106bc   0x00000020   Data   RO         4419    .constdata          rf_hal.o
    0x080106dc   0x00000004   PAD
    0x080106e0   0x00000088   Data   RO         4883    .constdata          m_wm.l(pow.o)
    0x08010768   0x00000008   Data   RO         5204    .constdata          m_wm.l(qnan.o)
    0x08010770   0x00000040   Data   RO         5283    .constdata          mc_w.l(ctype_c.o)
    0x080107b0   0x000003b6   Data   RO         3777    .conststring        debug_uart.o
    0x08010b66   0x00000002   PAD
    0x08010b68   0x0000005e   Data   RO         3939    .conststring        debug.o
    0x08010bc6   0x00000002   PAD
    0x08010bc8   0x000000db   Data   RO         4264    .conststring        gprs_comm.o
    0x08010ca3   0x00000001   PAD
    0x08010ca4   0x000000b6   Data   RO         4420    .conststring        rf_hal.o
    0x08010d5a   0x00000002   PAD
    0x08010d5c   0x00000020   Data   RO         5285    Region$$Table       anon$$obj.o


    Execution Region RW_IRAM1 (Base: 0x20000000, Size: 0x0000f748, Max: 0x00030000, ABSOLUTE, COMPRESSED[0x00000114])

    Base Addr    Size         Type   Attr      Idx    E Section Name        Object

    0x20000000   0x00000004   Data   RW            7    .data               system_stm32f4xx.o
    0x20000004   0x00000004   Data   RW          899    .data               stm32f4xx_hal.o
    0x20000008   0x0000002c   Data   RW         3644    .data               main.o
    0x20000034   0x00000088   Data   RW         3778    .data               debug_uart.o
    0x200000bc   0x00000004   Data   RW         3979    .data               from_n1.o
    0x200000c0   0x00000024   Data   RW         4063    .data               to_n1.o
    0x200000e4   0x0000001c   Data   RW         4123    .data               from_n1_store_s_rp_frimware.o
    0x20000100   0x00000074   Data   RW         4265    .data               gprs_comm.o
    0x20000174   0x00000070   Data   RW         4421    .data               rf_hal.o
    0x200001e4   0x0000006c   Data   RW         4591    .data               rf.o
    0x20000250   0x00000100   Data   RW         4782    .data               eeprom.o
    0x20000350   0x00000001   Data   RW         4846    .data               flash.o
    0x20000351   0x00000003   PAD
    0x20000354   0x00000004   Data   RW         5247    .data               mc_w.l(errno.o)
    0x20000358   0x00000020   Zero   RW         2723    .bss                stm32f4xx_hal_flash.o
    0x20000378   0x00000744   Zero   RW         3643    .bss                main.o
    0x20000abc   0x000003b4   Zero   RW         3776    .bss                debug_uart.o
    0x20000e70   0x00007d00   Zero   RW         3938    .bss                debug.o
    0x20008b70   0x00000200   Zero   RW         3978    .bss                from_n1.o
    0x20008d70   0x00003300   Zero   RW         4061    .bss                to_n1.o
    0x2000c070   0x0000022e   Zero   RW         4122    .bss                from_n1_store_s_rp_frimware.o
    0x2000c29e   0x00000600   Zero   RW         4192    .bss                gprs_hal.o
    0x2000c89e   0x00000002   PAD
    0x2000c8a0   0x00001a74   Zero   RW         4263    .bss                gprs_comm.o
    0x2000e314   0x0000040c   Zero   RW         4418    .bss                rf_hal.o
    0x2000e720   0x000004e8   Zero   RW         4590    .bss                rf.o
    0x2000ec08   0x00000108   Zero   RW         4691    .bss                update_s_rp.o
    0x2000ed10   0x00000029   Zero   RW         4739    .bss                ap_param.o
    0x2000ed39   0x00000003   PAD
    0x2000ed3c   0x0000010c   Zero   RW         4781    .bss                eeprom.o
    0x2000ee48   0x00000100   Zero   RW         4845    .bss                flash.o
    0x2000ef48   0x00000800   Zero   RW          142    STACK               startup_stm32f429xx.o


==============================================================================

Image component sizes


      Code (inc. data)   RO Data    RW Data    ZI Data      Debug   Object Name

        68         16          0          0         41       1719   ap_param.o
      2408         70         94          0      32000       2966   debug.o
      1976        570        950        136        948      16905   debug_uart.o
       224         64          0        256        268       2829   eeprom.o
       856         62          0          1        256       3245   flash.o
       644        134          0          4        512       7291   from_n1.o
      1356         96          0         28        558       7068   from_n1_store_s_rp_frimware.o
      3092        714        219        116       6772      15248   gprs_comm.o
       168         36          0          0       1536       3117   gprs_hal.o
      2772        366          0         44       1860      12986   main.o
      3476        470          0        108       1256      19937   rf.o
      5692        650        214        112       1036      16782   rf_hal.o
        36          8        428          0       2048        788   startup_stm32f429xx.o
       128         20          0          4          0       3739   stm32f4xx_hal.o
       346         22          0          0          0      31958   stm32f4xx_hal_cortex.o
       114          0          0          0          0       1839   stm32f4xx_hal_crc.o
      1454         20          8          0          0       6914   stm32f4xx_hal_dma.o
       656         60          0          0         32       5850   stm32f4xx_hal_flash.o
       488         24          0          0          0       3226   stm32f4xx_hal_flash_ex.o
       604         58          0          0          0       4171   stm32f4xx_hal_gpio.o
      3718         42          0          0          0      20181   stm32f4xx_hal_i2c.o
      1938        238          0          0          0       5452   stm32f4xx_hal_msp.o
      1844         80          0          0          0       5372   stm32f4xx_hal_rcc.o
      1678          0          0          0          0       6598   stm32f4xx_hal_spi.o
       746         44          0          0          0       6138   stm32f4xx_hal_tim.o
        98          0          0          0          0       1140   stm32f4xx_hal_tim_ex.o
      2272         42          0          0          0      13512   stm32f4xx_hal_uart.o
       396        102          0          0          0      13657   stm32f4xx_it.o
       100         20         24          4          0     760527   system_stm32f4xx.o
       758         72        512         36      13056       5293   to_n1.o
       412         22          0          0        264       2973   update_s_rp.o

    ----------------------------------------------------------------------
     40552       4122       2492        852      62448    1009421   Object Totals
         0          0         32          0          0          0   (incl. Generated)
        34          0         11          3          5          0   (incl. Padding)

    ----------------------------------------------------------------------

      Code (inc. data)   RO Data    RW Data    ZI Data      Debug   Library Member Name

       164         44          0          0          0        620   dunder.o
        24          0          0          0          0        124   fabs.o
        48          0          0          0          0        124   fpclassify.o
       248          0          0          0          0        152   poly.o
      3152        296        136          0          0        352   pow.o
         0          0          8          0          0          0   qnan.o
       110          0          0          0          0        148   sqrt.o
        56          8          0          0          0         84   __0sscanf.o
        86          0          0          0          0          0   __dczerorl2.o
        28          0          0          0          0         68   _chval.o
       812          4          0          0          0        112   _scanf.o
       332          0          0          0          0         96   _scanf_int.o
        64          0          0          0          0         84   _sgetc.o
        40          6         64          0          0         68   ctype_c.o
         0          0          0          0          0          0   entry.o
         0          0          0          0          0          0   entry10a.o
         0          0          0          0          0          0   entry11a.o
         8          4          0          0          0          0   entry2.o
         4          0          0          0          0          0   entry5.o
         0          0          0          0          0          0   entry7b.o
         0          0          0          0          0          0   entry8b.o
         8          4          0          0          0          0   entry9a.o
        12          6          0          4          0         68   errno.o
        30          0          0          0          0          0   handlers.o
        36          8          0          0          0         68   init.o
        10          0          0          0          0         68   isspace_c.o
         0          0          0          0          0          0   iusefp.o
        30          0          0          0          0         68   llshl.o
        36          0          0          0          0         68   llsshr.o
        32          0          0          0          0         68   llushr.o
        36          0          0          0          0         68   memcpya.o
        36          0          0          0          0        108   memseta.o
      2276         86          0          0          0        520   printfa.o
        40          8          0          0          0         84   scanf_char.o
        28          0          0          0          0         76   strcmp.o
        44          0          0          0          0         80   uidiv.o
        98          0          0          0          0         92   uldiv.o
        48          0          0          0          0         68   cdrcmple.o
       334          0          0          0          0        148   dadd.o
       222          0          0          0          0        100   ddiv.o
       186          0          0          0          0        176   depilogue.o
        62          0          0          0          0         80   dfixi.o
        48          0          0          0          0         68   dfixul.o
        34          0          0          0          0         76   dflti.o
       228          0          0          0          0         96   dmul.o
        46          0          0          0          0         80   dscalb.o
       162          0          0          0          0        100   dsqrt.o
        38          0          0          0          0         68   f2d.o

    ----------------------------------------------------------------------
      9352        474        208          4          0       4528   Library Totals
        16          0          0          0          0          0   (incl. Padding)

    ----------------------------------------------------------------------

      Code (inc. data)   RO Data    RW Data    ZI Data      Debug   Library Name

      3746        340        144          0          0       1520   m_wm.l
      4182        134         64          4          0       1948   mc_w.l
      1408          0          0          0          0       1060   mf_w.l

    ----------------------------------------------------------------------
      9352        474        208          4          0       4528   Library Totals

    ----------------------------------------------------------------------

==============================================================================


      Code (inc. data)   RO Data    RW Data    ZI Data      Debug   

     49904       4596       2700        856      62448     984721   Grand Totals
     49904       4596       2700        276      62448     984721   ELF Image Totals (compressed)
     49904       4596       2700        276          0          0   ROM Totals

==============================================================================

    Total RO  Size (Code + RO Data)                52604 (  51.37kB)
    Total RW  Size (RW Data + ZI Data)             63304 (  61.82kB)
    Total ROM Size (Code + RO Data + RW Data)      52880 (  51.64kB)

==============================================================================

