<html>
<body>
<pre>
<h1>礦ision Build Log</h1>
<h2>Tool Versions:</h2>
IDE-Version: μVision V5.21.1.0
Copyright (C) 2016 ARM Ltd and ARM Germany GmbH. All rights reserved.
License Information: 55 Administrator, 55, LIC=03CX7-EH5ZD-ZWI2V-PP222-AZNPF-I3WIV
 
Tool Versions:
Toolchain:       MDK-ARM Plus  Version: 5.21a
Toolchain Path:  C:\Keil_v5\ARM\ARMCC\Bin
C Compiler:      Armcc.exe V5.06 update 3 (build 300)
Assembler:       Armasm.exe V5.06 update 3 (build 300)
Linker/Locator:  ArmLink.exe V5.06 update 3 (build 300)
Library Manager: ArmAr.exe V5.06 update 3 (build 300)
Hex Converter:   FromElf.exe V5.06 update 3 (build 300)
CPU DLL:         SARMCM3.DLL V5.21a
Dialog DLL:      DCM.DLL V1.13.8.0
Target DLL:      Segger\JL2CM3.dll V2.99.23.0
Dialog DLL:      TCM.DLL V1.14.14.0
 
<h2>Project:</h2>
E:\工作\AP_4RF\AP_RF4\MDK-ARM\AP_RF4.uvprojx
Project File Date:  12/29/2017

<h2>Output:</h2>
*** Using Compiler 'V5.06 update 3 (build 300)', folder: 'C:\Keil_v5\ARM\ARMCC\Bin'
Build target 'AP_RF4'
compiling main.c...
..\User\RF4\rf_hal.h(59): warning:  #1295-D: Deprecated declaration rf_satt_init - give arg types
  void rf_satt_init();
..\User\RF4\rf_hal.h(60): warning:  #1295-D: Deprecated declaration rf_io_tx_4 - give arg types
  void rf_io_tx_4();
..\User\RF4\rf_hal.h(62): warning:  #1295-D: Deprecated declaration rf_scan_channel - give arg types
  void rf_scan_channel();
..\User\Debug_uart\debug_uart.h(9): warning:  #1295-D: Deprecated declaration print_version - give arg types
  void print_version();
../Src/main.c(53): warning:  #1295-D: Deprecated declaration to_n1_buff_handle - give arg types
  extern void to_n1_buff_handle();
../Src/main.c(54): warning:  #1295-D: Deprecated declaration start_from_n1_dma_receive - give arg types
  extern void start_from_n1_dma_receive();
../Src/main.c(55): warning:  #1295-D: Deprecated declaration start_from_gprs_dma_receive - give arg types
  extern void start_from_gprs_dma_receive();
../Src/main.c(56): warning:  #1295-D: Deprecated declaration start_from_debug_dma_receive - give arg types
  extern void start_from_debug_dma_receive();
../Src/main.c(57): warning:  #1295-D: Deprecated declaration gprs_main_call - give arg types
  extern void gprs_main_call();
../Src/main.c(60): warning:  #1295-D: Deprecated declaration led_1_close - give arg types
  extern void led_1_close();
../Src/main.c(62): warning:  #1295-D: Deprecated declaration rf_manage - give arg types
  extern void rf_manage();
../Src/main.c(73): warning:  #1295-D: Deprecated declaration read_firmware_rp_head - give arg types
  extern void read_firmware_rp_head();
../Src/main.c(74): warning:  #1295-D: Deprecated declaration read_firmware_sensor_head - give arg types
  extern void read_firmware_sensor_head();
../Src/main.c(75): warning:  #1295-D: Deprecated declaration make_result_test_1000p - give arg types
  extern void make_result_test_1000p();
../Src/main.c(148): warning:  #177-D: variable "delay" was declared but never referenced
  int32_t delay;
../Src/main.c: 15 warnings, 0 errors
linking...
Program Size: Code=49904 RO-data=2700 RW-data=856 ZI-data=62448  
FromELF: creating hex file...
After Build - User command #1: C:/Keil_v5/ARM/ARMCC/bin/fromelf.exe --bin -o ./AP_RF4/AP_RF4.bin ./AP_RF4/AP_RF4.axf
"AP_RF4\AP_RF4.axf" - 0 Error(s), 15 Warning(s).

<h2>Software Packages used:</h2>

Package Vendor: ARM
                http://www.keil.com/pack/ARM.CMSIS.5.0.1.pack
                ARM::CMSIS:CORE:5.0.1
                CMSIS (Cortex Microcontroller Software Interface Standard)
   * Component: CORE Version: 5.0.1

<h2>Collection of Component include folders:</h2>
  E:\工作\AP_4RF\AP_RF4\MDK-ARM\RTE
  C:\Keil_v5\ARM\PACK\ARM\CMSIS\5.0.1\CMSIS\Include
  C:\Keil_v5\ARM\PACK\Keil\STM32F4xx_DFP\2.11.0\Drivers\CMSIS\Device\ST\STM32F4xx\Include

<h2>Collection of Component Files used:</h2>

   * Component: ARM::CMSIS:CORE:5.0.1
Build Time Elapsed:  00:00:17
</pre>
</body>
</html>
