<html>
<body>
<pre>
<h1>礦ision Build Log</h1>
<h2>Tool Versions:</h2>
IDE-Version: μVision V5.21.1.0
Copyright (C) 2016 ARM Ltd and ARM Germany GmbH. All rights reserved.
License Information: 55 Administrator, 55, LIC=03CX7-EH5ZD-ZWI2V-PP222-AZNPF-I3WIV
 
Tool Versions:
Toolchain:       MDK-ARM Plus  Version: 5.21a
Toolchain Path:  C:\Keil_v5\ARM\ARMCC\Bin
C Compiler:      Armcc.exe V5.06 update 3 (build 300)
Assembler:       Armasm.exe V5.06 update 3 (build 300)
Linker/Locator:  ArmLink.exe V5.06 update 3 (build 300)
Library Manager: ArmAr.exe V5.06 update 3 (build 300)
Hex Converter:   FromElf.exe V5.06 update 3 (build 300)
CPU DLL:         SARMCM3.DLL V5.21a
Dialog DLL:      DCM.DLL V1.13.8.0
Target DLL:      Segger\JL2CM3.dll V2.99.23.0
Dialog DLL:      TCM.DLL V1.14.14.0
 
<h2>Project:</h2>
E:\工作\AP_4RF\AP_RF4\MDK-ARM\AP_RF4.uvprojx
Project File Date:  11/13/2017

<h2>Output:</h2>
*** Using Compiler 'V5.06 update 3 (build 300)', folder: 'C:\Keil_v5\ARM\ARMCC\Bin'
Build target 'AP_RF4'
compiling update_s_rp.c...
..\User\RF4\rf_hal.h(46): warning:  #1295-D: Deprecated declaration rf_io_tx_4 - give arg types
  void rf_io_tx_4();
../Inc/debug.h(33): warning:  #1295-D: Deprecated declaration re_start_sensor_event_record - give arg types
  void re_start_sensor_event_record();
../Inc/debug.h(35): warning:  #1295-D: Deprecated declaration debug_sensor_event_to_str - give arg types
  void debug_sensor_event_to_str();
../Inc/update_s_rp.h(35): warning:  #1295-D: Deprecated declaration enable_sensor_update - give arg types
  void enable_sensor_update();
../Inc/update_s_rp.h(36): warning:  #1295-D: Deprecated declaration enable_rp_update - give arg types
  void enable_rp_update();
..\Src\update_s_rp.c: 5 warnings, 0 errors
linking...
Program Size: Code=46536 RO-data=2152 RW-data=756 ZI-data=62436  
FromELF: creating hex file...
After Build - User command #1: C:/Keil_v5/ARM/ARMCC/bin/fromelf.exe --bin -o ./AP_RF4/AP_RF4.bin ./AP_RF4/AP_RF4.axf
"AP_RF4\AP_RF4.axf" - 0 Error(s), 5 Warning(s).

<h2>Software Packages used:</h2>

Package Vendor: ARM
                http://www.keil.com/pack/ARM.CMSIS.5.0.1.pack
                ARM::CMSIS:CORE:5.0.1
                CMSIS (Cortex Microcontroller Software Interface Standard)
   * Component: CORE Version: 5.0.1

<h2>Collection of Component include folders:</h2>
  E:\工作\AP_4RF\AP_RF4\MDK-ARM\RTE
  C:\Keil_v5\ARM\PACK\ARM\CMSIS\5.0.1\CMSIS\Include
  C:\Keil_v5\ARM\PACK\Keil\STM32F4xx_DFP\2.11.0\Drivers\CMSIS\Device\ST\STM32F4xx\Include

<h2>Collection of Component Files used:</h2>

   * Component: ARM::CMSIS:CORE:5.0.1
Build Time Elapsed:  00:00:11
</pre>
</body>
</html>
