Component: ARM Compiler 5.06 update 3 (build 300) Tool: armlink [4d35c9]

==============================================================================

Section Cross References

    system_stm32f4xx.o(i.SystemCoreClockUpdate) refers to system_stm32f4xx.o(.data) for SystemCoreClock
    system_stm32f4xx.o(i.SystemCoreClockUpdate) refers to system_stm32f4xx.o(.constdata) for AHBPrescTable
    startup_stm32f429xx.o(RESET) refers to startup_stm32f429xx.o(STACK) for __initial_sp
    startup_stm32f429xx.o(RESET) refers to startup_stm32f429xx.o(.text) for Reset_Handler
    startup_stm32f429xx.o(RESET) refers to stm32f4xx_it.o(i.NMI_Handler) for NMI_Handler
    startup_stm32f429xx.o(RESET) refers to stm32f4xx_it.o(i.HardFault_Handler) for HardFault_Handler
    startup_stm32f429xx.o(RESET) refers to stm32f4xx_it.o(i.MemManage_Handler) for MemManage_Handler
    startup_stm32f429xx.o(RESET) refers to stm32f4xx_it.o(i.BusFault_Handler) for BusFault_Handler
    startup_stm32f429xx.o(RESET) refers to stm32f4xx_it.o(i.UsageFault_Handler) for UsageFault_Handler
    startup_stm32f429xx.o(RESET) refers to stm32f4xx_it.o(i.SVC_Handler) for SVC_Handler
    startup_stm32f429xx.o(RESET) refers to stm32f4xx_it.o(i.DebugMon_Handler) for DebugMon_Handler
    startup_stm32f429xx.o(RESET) refers to stm32f4xx_it.o(i.PendSV_Handler) for PendSV_Handler
    startup_stm32f429xx.o(RESET) refers to stm32f4xx_it.o(i.SysTick_Handler) for SysTick_Handler
    startup_stm32f429xx.o(RESET) refers to stm32f4xx_it.o(i.EXTI2_IRQHandler) for EXTI2_IRQHandler
    startup_stm32f429xx.o(RESET) refers to stm32f4xx_it.o(i.EXTI4_IRQHandler) for EXTI4_IRQHandler
    startup_stm32f429xx.o(RESET) refers to stm32f4xx_it.o(i.DMA1_Stream0_IRQHandler) for DMA1_Stream0_IRQHandler
    startup_stm32f429xx.o(RESET) refers to stm32f4xx_it.o(i.DMA1_Stream1_IRQHandler) for DMA1_Stream1_IRQHandler
    startup_stm32f429xx.o(RESET) refers to stm32f4xx_it.o(i.DMA1_Stream3_IRQHandler) for DMA1_Stream3_IRQHandler
    startup_stm32f429xx.o(RESET) refers to stm32f4xx_it.o(i.DMA1_Stream5_IRQHandler) for DMA1_Stream5_IRQHandler
    startup_stm32f429xx.o(RESET) refers to stm32f4xx_it.o(i.DMA1_Stream6_IRQHandler) for DMA1_Stream6_IRQHandler
    startup_stm32f429xx.o(RESET) refers to stm32f4xx_it.o(i.USART2_IRQHandler) for USART2_IRQHandler
    startup_stm32f429xx.o(RESET) refers to stm32f4xx_it.o(i.USART3_IRQHandler) for USART3_IRQHandler
    startup_stm32f429xx.o(RESET) refers to stm32f4xx_it.o(i.EXTI15_10_IRQHandler) for EXTI15_10_IRQHandler
    startup_stm32f429xx.o(RESET) refers to stm32f4xx_it.o(i.DMA2_Stream0_IRQHandler) for DMA2_Stream0_IRQHandler
    startup_stm32f429xx.o(RESET) refers to stm32f4xx_it.o(i.DMA2_Stream1_IRQHandler) for DMA2_Stream1_IRQHandler
    startup_stm32f429xx.o(RESET) refers to stm32f4xx_it.o(i.DMA2_Stream2_IRQHandler) for DMA2_Stream2_IRQHandler
    startup_stm32f429xx.o(RESET) refers to stm32f4xx_it.o(i.DMA2_Stream5_IRQHandler) for DMA2_Stream5_IRQHandler
    startup_stm32f429xx.o(RESET) refers to stm32f4xx_it.o(i.DMA2_Stream7_IRQHandler) for DMA2_Stream7_IRQHandler
    startup_stm32f429xx.o(RESET) refers to stm32f4xx_it.o(i.USART6_IRQHandler) for USART6_IRQHandler
    startup_stm32f429xx.o(.text) refers to system_stm32f4xx.o(i.SystemInit) for SystemInit
    startup_stm32f429xx.o(.text) refers to entry.o(.ARM.Collect$$$$00000000) for __main
    stm32f4xx_hal_dma_ex.o(i.HAL_DMAEx_MultiBufferStart) refers to stm32f4xx_hal_dma_ex.o(i.DMA_MultiBufferSetConfig) for DMA_MultiBufferSetConfig
    stm32f4xx_hal_dma_ex.o(i.HAL_DMAEx_MultiBufferStart_IT) refers to stm32f4xx_hal_dma_ex.o(i.DMA_MultiBufferSetConfig) for DMA_MultiBufferSetConfig
    stm32f4xx_hal_uart.o(i.HAL_HalfDuplex_Init) refers to stm32f4xx_hal_msp.o(i.HAL_UART_MspInit) for HAL_UART_MspInit
    stm32f4xx_hal_uart.o(i.HAL_HalfDuplex_Init) refers to stm32f4xx_hal_uart.o(i.UART_SetConfig) for UART_SetConfig
    stm32f4xx_hal_uart.o(i.HAL_LIN_Init) refers to stm32f4xx_hal_msp.o(i.HAL_UART_MspInit) for HAL_UART_MspInit
    stm32f4xx_hal_uart.o(i.HAL_LIN_Init) refers to stm32f4xx_hal_uart.o(i.UART_SetConfig) for UART_SetConfig
    stm32f4xx_hal_uart.o(i.HAL_MultiProcessor_Init) refers to stm32f4xx_hal_msp.o(i.HAL_UART_MspInit) for HAL_UART_MspInit
    stm32f4xx_hal_uart.o(i.HAL_MultiProcessor_Init) refers to stm32f4xx_hal_uart.o(i.UART_SetConfig) for UART_SetConfig
    stm32f4xx_hal_uart.o(i.HAL_UART_Abort) refers to stm32f4xx_hal_dma.o(i.HAL_DMA_Abort) for HAL_DMA_Abort
    stm32f4xx_hal_uart.o(i.HAL_UART_AbortReceive) refers to stm32f4xx_hal_dma.o(i.HAL_DMA_Abort) for HAL_DMA_Abort
    stm32f4xx_hal_uart.o(i.HAL_UART_AbortReceive_IT) refers to stm32f4xx_hal_dma.o(i.HAL_DMA_Abort_IT) for HAL_DMA_Abort_IT
    stm32f4xx_hal_uart.o(i.HAL_UART_AbortReceive_IT) refers to stm32f4xx_hal_uart.o(i.HAL_UART_AbortReceiveCpltCallback) for HAL_UART_AbortReceiveCpltCallback
[...]
    UART_DMATransmitCplt                     0x0800436b   Thumb Code    54  stm32f4xx_hal_uart.o(i.UART_DMATransmitCplt)
    i.UART_DMATxHalfCplt                     0x080043a0   Section        0  stm32f4xx_hal_uart.o(i.UART_DMATxHalfCplt)
    UART_DMATxHalfCplt                       0x080043a1   Thumb Code    14  stm32f4xx_hal_uart.o(i.UART_DMATxHalfCplt)
    i.UART_EndRxTransfer                     0x080043ae   Section        0  stm32f4xx_hal_uart.o(i.UART_EndRxTransfer)
    UART_EndRxTransfer                       0x080043af   Thumb Code    32  stm32f4xx_hal_uart.o(i.UART_EndRxTransfer)
    i.UART_EndTransmit_IT                    0x080043ce   Section        0  stm32f4xx_hal_uart.o(i.UART_EndTransmit_IT)
    UART_EndTransmit_IT                      0x080043cf   Thumb Code    32  stm32f4xx_hal_uart.o(i.UART_EndTransmit_IT)
    i.UART_EndTxTransfer                     0x080043ee   Section        0  stm32f4xx_hal_uart.o(i.UART_EndTxTransfer)
    UART_EndTxTransfer                       0x080043ef   Thumb Code    20  stm32f4xx_hal_uart.o(i.UART_EndTxTransfer)
    i.UART_Receive_IT                        0x08004402   Section        0  stm32f4xx_hal_uart.o(i.UART_Receive_IT)
    UART_Receive_IT                          0x08004403   Thumb Code   154  stm32f4xx_hal_uart.o(i.UART_Receive_IT)
    i.UART_SetConfig                         0x0800449c   Section        0  stm32f4xx_hal_uart.o(i.UART_SetConfig)
    UART_SetConfig                           0x0800449d   Thumb Code   864  stm32f4xx_hal_uart.o(i.UART_SetConfig)
    i.UART_Transmit_IT                       0x08004804   Section        0  stm32f4xx_hal_uart.o(i.UART_Transmit_IT)
    UART_Transmit_IT                         0x08004805   Thumb Code   104  stm32f4xx_hal_uart.o(i.UART_Transmit_IT)
    i.USART2_IRQHandler                      0x0800486c   Section        0  stm32f4xx_it.o(i.USART2_IRQHandler)
    i.USART3_IRQHandler                      0x0800488c   Section        0  stm32f4xx_it.o(i.USART3_IRQHandler)
    i.USART6_IRQHandler                      0x080048ac   Section        0  stm32f4xx_it.o(i.USART6_IRQHandler)
    i.UsageFault_Handler                     0x080048cc   Section        0  stm32f4xx_it.o(i.UsageFault_Handler)
    i._Error_Handler                         0x080048d0   Section        0  main.o(i._Error_Handler)
    i.__0sprintf$8                           0x080048d4   Section        0  printf8.o(i.__0sprintf$8)
    i.__ARM_fpclassify                       0x080048fc   Section        0  fpclassify.o(i.__ARM_fpclassify)
    i.__hardfp_pow                           0x08004930   Section        0  pow.o(i.__hardfp_pow)
    i.__kernel_poly                          0x08005580   Section        0  poly.o(i.__kernel_poly)
    i.__mathlib_dbl_divzero                  0x08005678   Section        0  dunder.o(i.__mathlib_dbl_divzero)
    i.__mathlib_dbl_infnan2                  0x080056a8   Section        0  dunder.o(i.__mathlib_dbl_infnan2)
    i.__mathlib_dbl_invalid                  0x080056c0   Section        0  dunder.o(i.__mathlib_dbl_invalid)
    i.__mathlib_dbl_overflow                 0x080056e0   Section        0  dunder.o(i.__mathlib_dbl_overflow)
    i.__mathlib_dbl_underflow                0x08005700   Section        0  dunder.o(i.__mathlib_dbl_underflow)
    i.__scatterload_copy                     0x08005720   Section       14  handlers.o(i.__scatterload_copy)
    i.__scatterload_null                     0x0800572e   Section        2  handlers.o(i.__scatterload_null)
    i.__scatterload_zeroinit                 0x08005730   Section       14  handlers.o(i.__scatterload_zeroinit)
    i.__set_errno                            0x08005740   Section        0  errno.o(i.__set_errno)
    i._printf_core                           0x0800574c   Section        0  printf8.o(i._printf_core)
    _printf_core                             0x0800574d   Thumb Code   996  printf8.o(i._printf_core)
    i._printf_post_padding                   0x08005b5c   Section        0  printf8.o(i._printf_post_padding)
    _printf_post_padding                     0x08005b5d   Thumb Code    36  printf8.o(i._printf_post_padding)
    i._printf_pre_padding                    0x08005b80   Section        0  printf8.o(i._printf_pre_padding)
    _printf_pre_padding                      0x08005b81   Thumb Code    46  printf8.o(i._printf_pre_padding)
    i._sputc                                 0x08005bae   Section        0  printf8.o(i._sputc)
    _sputc                                   0x08005baf   Thumb Code    10  printf8.o(i._sputc)
    i.check_recode_data_if_repeat            0x08005bb8   Section        0  rf.o(i.check_recode_data_if_repeat)
    i.clear_recode                           0x08005c08   Section        0  rf.o(i.clear_recode)
    i.close_tcp_conn                         0x08005c28   Section        0  gprs_comm.o(i.close_tcp_conn)
    i.crc16                                  0x08005c60   Section        0  to_n1.o(i.crc16)
    i.crc16_byte                             0x08005c84   Section        0  to_n1.o(i.crc16_byte)
    i.debug_cmd_handle                       0x08005c9c   Section        0  debug_uart.o(i.debug_cmd_handle)
    i.debug_uart_send_string                 0x08005cc4   Section        0  debug_uart.o(i.debug_uart_send_string)
    i.fabs                                   0x08005cf4   Section        0  fabs.o(i.fabs)
    i.from_n1_data_handle                    0x08005d0c   Section        0  from_n1.o(i.from_n1_data_handle)
    i.get_cmd                                0x08005dac   Section        0  debug_uart.o(i.get_cmd)
    i.get_from_n1_buff                       0x08005df4   Section        0  to_n1.o(i.get_from_n1_buff)
    i.get_gprs_stat                          0x08005e44   Section        0  debug_uart.o(i.get_gprs_stat)
    i.get_q_string                           0x08005e54   Section        0  debug_uart.o(i.get_q_string)
    i.get_rf_stat                            0x08005ee8   Section        0  debug_uart.o(i.get_rf_stat)
    i.get_slot_num                           0x08005ef8   Section        0  rf.o(i.get_slot_num)
    i.get_str_param                          0x08005f30   Section        0  debug_uart.o(i.get_str_param)
    i.gprs_at_get_CGREG                      0x08005fa0   Section        0  gprs_comm.o(i.gprs_at_get_CGREG)
    i.gprs_at_init                           0x08005fb8   Section        0  gprs_comm.o(i.gprs_at_init)
    i.gprs_at_tcp_close                      0x08005ff0   Section        0  gprs_comm.o(i.gprs_at_tcp_close)
    i.gprs_at_tcp_conn                       0x08006024   Section        0  gprs_comm.o(i.gprs_at_tcp_conn)
    i.gprs_data_handle                       0x08006088   Section        0  gprs_comm.o(i.gprs_data_handle)
    i.gprs_get_cmd_param                     0x08006184   Section        0  gprs_comm.o(i.gprs_get_cmd_param)
    i.gprs_main_call                         0x08006288   Section        0  gprs_comm.o(i.gprs_main_call)
    i.gprs_reboot                            0x080064a8   Section        0  gprs_comm.o(i.gprs_reboot)
    i.gprs_str_cmd_handle                    0x080064b8   Section        0  gprs_comm.o(i.gprs_str_cmd_handle)
    i.gprs_str_copy_to_queue                 0x0800685c   Section        0  gprs_comm.o(i.gprs_str_copy_to_queue)
    i.gprs_str_read_queue                    0x08006894   Section        0  gprs_comm.o(i.gprs_str_read_queue)
    i.gprs_str_to_int                        0x080068d8   Section        0  gprs_comm.o(i.gprs_str_to_int)
    i.gprs_str_write_queue                   0x08006984   Section        0  gprs_comm.o(i.gprs_str_write_queue)
    i.gprs_uart_send_string                  0x080069d4   Section        0  gprs_comm.o(i.gprs_uart_send_string)
    i.grps_power_off                         0x08006a04   Section        0  gprs_hal.o(i.grps_power_off)
    i.grps_power_on                          0x08006a18   Section        0  gprs_hal.o(i.grps_power_on)
    i.help                                   0x08006a2c   Section        0  debug_uart.o(i.help)
    i.insert_to_n1_buff                      0x08006a3c   Section        0  to_n1.o(i.insert_to_n1_buff)
    i.led_1_close                            0x08006b68   Section        0  gprs_hal.o(i.led_1_close)
    i.main                                   0x08006b7c   Section        0  main.o(i.main)
    i.make_ack                               0x08006c20   Section        0  rf.o(i.make_ack)
    i.make_data_to_n1                        0x08006c44   Section        0  rf.o(i.make_data_to_n1)
    i.make_gprs_stat                         0x08006cd4   Section        0  gprs_comm.o(i.make_gprs_stat)
    i.make_rf_stat                           0x08006d24   Section        0  rf_hal.o(i.make_rf_stat)
    i.n1_get_2g_stat                         0x08006dec   Section        0  from_n1.o(i.n1_get_2g_stat)
    i.n1_get_ap_pram                         0x08006e0c   Section        0  from_n1.o(i.n1_get_ap_pram)
    i.n1_send_2g_data                        0x08006e2c   Section        0  from_n1.o(i.n1_send_2g_data)
    i.n1_send_firmware                       0x08006e48   Section        0  from_n1.o(i.n1_send_firmware)
    i.n1_set_ap_pram                         0x08006e4c   Section        0  from_n1.o(i.n1_set_ap_pram)
    i.n1_set_rp_param                        0x08006edc   Section        0  from_n1.o(i.n1_set_rp_param)
    i.n1_set_s_param                         0x08006efc   Section        0  from_n1.o(i.n1_set_s_param)
    i.rf_cmd_tx                              0x08006f1c   Section        0  rf_hal.o(i.rf_cmd_tx)
    i.rf_init                                0x08006f2c   Section        0  rf_hal.o(i.rf_init)
    i.rf_io_tx_4                             0x08007214   Section        0  rf_hal.o(i.rf_io_tx_4)
    i.rf_manage                              0x080074c4   Section        0  rf_hal.o(i.rf_manage)
    i.rf_power_off                           0x08007584   Section        0  rf_hal.o(i.rf_power_off)
    i.rf_power_on                            0x0800761c   Section        0  rf_hal.o(i.rf_power_on)
    i.rf_rx                                  0x08007684   Section        0  rf_hal.o(i.rf_rx)
    i.rf_rx_data_handle                      0x0800780c   Section        0  rf.o(i.rf_rx_data_handle)
    i.rf_rx_voerflow_check                   0x08007998   Section        0  rf_hal.o(i.rf_rx_voerflow_check)
    i.rf_send_ack_packet                     0x08007aa0   Section        0  rf.o(i.rf_send_ack_packet)
    i.rf_send_syn_packet                     0x08007c4c   Section        0  rf.o(i.rf_send_syn_packet)
    i.rf_send_updata_packet                  0x08007ec0   Section        0  rf.o(i.rf_send_updata_packet)
    i.rf_set_channel                         0x08007ecc   Section        0  rf_hal.o(i.rf_set_channel)
    i.rf_write_buff                          0x08007ee8   Section        0  rf_hal.o(i.rf_write_buff)
    i.send_gprs_200                          0x08007fc0   Section        0  debug_uart.o(i.send_gprs_200)
    i.send_gprs_200_                         0x08007fe4   Section        0  gprs_comm.o(i.send_gprs_200_)
    i.send_gprs_data                         0x0800800c   Section        0  gprs_comm.o(i.send_gprs_data)
    i.set_rf_mode                            0x08008038   Section        0  debug_uart.o(i.set_rf_mode)
    i.set_rp_ch                              0x080080d4   Section        0  debug_uart.o(i.set_rp_ch)
    i.set_rp_slot                            0x08008124   Section        0  debug_uart.o(i.set_rp_slot)
    i.setrfch                                0x08008178   Section        0  debug_uart.o(i.setrfch)
    i.spi_to_index                           0x08008208   Section        0  rf_hal.o(i.spi_to_index)
    i.sqrt                                   0x08008248   Section        0  sqrt.o(i.sqrt)
    i.start_from_debug_dma_receive           0x080082b8   Section        0  debug_uart.o(i.start_from_debug_dma_receive)
    i.start_from_gprs_dma_receive            0x080082e0   Section        0  gprs_hal.o(i.start_from_gprs_dma_receive)
    i.start_from_n1_dma_receive              0x08008308   Section        0  from_n1.o(i.start_from_n1_dma_receive)
    i.str_to_int                             0x08008340   Section        0  debug_uart.o(i.str_to_int)
    i.to_n1_buff_handle                      0x080083dc   Section        0  to_n1.o(i.to_n1_buff_handle)
    i.uart_form_n1_idle_callback             0x08008484   Section        0  from_n1.o(i.uart_form_n1_idle_callback)
    i.uart_from_debug_idle_callback          0x080084d4   Section        0  debug_uart.o(i.uart_from_debug_idle_callback)
    i.uart_from_gprs_idle_callback           0x08008528   Section        0  gprs_hal.o(i.uart_from_gprs_idle_callback)
    .constdata                               0x0800856c   Section       24  system_stm32f4xx.o(.constdata)
    .constdata                               0x08008584   Section        8  stm32f4xx_hal_dma.o(.constdata)
    flagBitshiftOffset                       0x08008584   Data           8  stm32f4xx_hal_dma.o(.constdata)
    .constdata                               0x0800858c   Section      512  to_n1.o(.constdata)
    .constdata                               0x08008790   Section      136  pow.o(.constdata)
    bp                                       0x08008790   Data          16  pow.o(.constdata)
    dp_h                                     0x080087a0   Data          16  pow.o(.constdata)
    dp_l                                     0x080087b0   Data          16  pow.o(.constdata)
    L                                        0x080087c0   Data          48  pow.o(.constdata)
    P                                        0x080087f0   Data          40  pow.o(.constdata)
    .constdata                               0x08008818   Section        8  qnan.o(.constdata)
    .conststring                             0x08008820   Section      390  debug_uart.o(.conststring)
    .conststring                             0x080089a8   Section      219  gprs_comm.o(.conststring)
    .conststring                             0x08008a84   Section      182  rf_hal.o(.conststring)
    .data                                    0x20000000   Section        4  system_stm32f4xx.o(.data)
    .data                                    0x20000004   Section        4  stm32f4xx_hal.o(.data)
    .data                                    0x20000008   Section       36  main.o(.data)
    .data                                    0x2000002c   Section       80  debug_uart.o(.data)
    .data                                    0x2000007c   Section        4  from_n1.o(.data)
    .data                                    0x20000080   Section       28  to_n1.o(.data)
    packet_seq                               0x20000094   Data           4  to_n1.o(.data)
    Tx_conter                                0x20000098   Data           4  to_n1.o(.data)
    .data                                    0x2000009c   Section      112  gprs_comm.o(.data)
    timeout                                  0x200000fc   Data           4  gprs_comm.o(.data)
    send_cmd_times                           0x20000100   Data           4  gprs_comm.o(.data)
    send_cmd_timeout                         0x20000104   Data           4  gprs_comm.o(.data)
    get_link_stat                            0x20000108   Data           4  gprs_comm.o(.data)
    .data                                    0x2000010c   Section       60  rf_hal.o(.data)
    timeout                                  0x20000144   Data           4  rf_hal.o(.data)
    .data                                    0x20000148   Section       96  rf.o(.data)
    .data                                    0x200001a8   Section        4  errno.o(.data)
    _errno                                   0x200001a8   Data           4  errno.o(.data)
    .bss                                     0x200001ac   Section     1648  main.o(.bss)
    .bss                                     0x2000081c   Section      948  debug_uart.o(.bss)
    .bss                                     0x20000bd0   Section      512  from_n1.o(.bss)
    .bss                                     0x20000dd0   Section    13056  to_n1.o(.bss)
    .bss                                     0x200040d0   Section     1536  gprs_hal.o(.bss)
    .bss                                     0x200046d0   Section     6760  gprs_comm.o(.bss)
    .bss                                     0x20006138   Section     1036  rf_hal.o(.bss)
    .bss                                     0x20006544   Section     1198  rf.o(.bss)
    .bss                                     0x200069f2   Section       41  ap_param.o(.bss)
    STACK                                    0x20006a20   Section     2048  startup_stm32f429xx.o(STACK)

    Global Symbols

    Symbol Name                              Value     Ov Type        Size  Object(Section)

    BuildAttributes$$THM_ISAv4$E$P$D$K$B$S$7EM$VFPi3$EXTD16$VFPS$VFMA$PE$A:L22UL41UL21$X:L11$S22US41US21$IEEE1$IW$USESV6$~STKCKD$USESV7$~SHL$OTIME$ROPI$IEEEX$EBA8$MICROLIB$REQ8$PRES8$EABIv2 0x00000000   Number         0  anon$$obj.o ABSOLUTE
    __ARM_use_no_argv                        0x00000000   Number         0  main.o ABSOLUTE
    _printf_a                                0x00000000   Number         0  stubs.o ABSOLUTE
    _printf_c                                0x00000000   Number         0  stubs.o ABSOLUTE
    _printf_charcount                        0x00000000   Number         0  stubs.o ABSOLUTE
    _printf_d                                0x00000000   Number         0  stubs.o ABSOLUTE
    _printf_e                                0x00000000   Number         0  stubs.o ABSOLUTE
    _printf_f                                0x00000000   Number         0  stubs.o ABSOLUTE
    _printf_flags                            0x00000000   Number         0  stubs.o ABSOLUTE
    _printf_fp_dec                           0x00000000   Number         0  stubs.o ABSOLUTE
    _printf_fp_hex                           0x00000000   Number         0  stubs.o ABSOLUTE
    _printf_g                                0x00000000   Number         0  stubs.o ABSOLUTE
    _printf_i                                0x00000000   Number         0  stubs.o ABSOLUTE
    _printf_int_dec                          0x00000000   Number         0  stubs.o ABSOLUTE
    _printf_l                                0x00000000   Number         0  stubs.o ABSOLUTE
    _printf_lc                               0x00000000   Number         0  stubs.o ABSOLUTE
    _printf_ll                               0x00000000   Number         0  stubs.o ABSOLUTE
    _printf_lld                              0x00000000   Number         0  stubs.o ABSOLUTE
    _printf_lli                              0x00000000   Number         0  stubs.o ABSOLUTE
    _printf_llo                              0x00000000   Number         0  stubs.o ABSOLUTE
    _printf_llu                              0x00000000   Number         0  stubs.o ABSOLUTE
    _printf_llx                              0x00000000   Number         0  stubs.o ABSOLUTE
    _printf_longlong_dec                     0x00000000   Number         0  stubs.o ABSOLUTE
    _printf_longlong_hex                     0x00000000   Number         0  stubs.o ABSOLUTE
    _printf_longlong_oct                     0x00000000   Number         0  stubs.o ABSOLUTE
    _printf_ls                               0x00000000   Number         0  stubs.o ABSOLUTE
    _printf_mbtowc                           0x00000000   Number         0  stubs.o ABSOLUTE
    _printf_n                                0x00000000   Number         0  stubs.o ABSOLUTE
    _printf_o                                0x00000000   Number         0  stubs.o ABSOLUTE
    _printf_p                                0x00000000   Number         0  stubs.o ABSOLUTE
    _printf_percent                          0x00000000   Number         0  stubs.o ABSOLUTE
    _printf_pre_padding                      0x00000000   Number         0  stubs.o ABSOLUTE
    _printf_return_value                     0x00000000   Number         0  stubs.o ABSOLUTE
    _printf_s                                0x00000000   Number         0  stubs.o ABSOLUTE
    _printf_sizespec                         0x00000000   Number         0  stubs.o ABSOLUTE
    _printf_str                              0x00000000   Number         0  stubs.o ABSOLUTE
    _printf_truncate_signed                  0x00000000   Number         0  stubs.o ABSOLUTE
    _printf_truncate_unsigned                0x00000000   Number         0  stubs.o ABSOLUTE
    _printf_u                                0x00000000   Number         0  stubs.o ABSOLUTE
    _printf_wc                               0x00000000   Number         0  stubs.o ABSOLUTE
    _printf_wctomb                           0x00000000   Number         0  stubs.o ABSOLUTE
    _printf_widthprec                        0x00000000   Number         0  stubs.o ABSOLUTE
    _printf_x                                0x00000000   Number         0  stubs.o ABSOLUTE
    __cpp_initialize__aeabi_                  - Undefined Weak Reference
    __cxa_finalize                            - Undefined Weak Reference
    _clock_init                               - Undefined Weak Reference
    _microlib_exit                            - Undefined Weak Reference
    __Vectors_Size                           0x000001ac   Number         0  startup_stm32f429xx.o ABSOLUTE
    __Vectors                                0x08000000   Data           4  startup_stm32f429xx.o(RESET)
    __Vectors_End                            0x080001ac   Data           0  startup_stm32f429xx.o(RESET)
    __main                                   0x080001ad   Thumb Code     0  entry.o(.ARM.Collect$$$$00000000)
    _main_stk                                0x080001ad   Thumb Code     0  entry2.o(.ARM.Collect$$$$00000001)
    _main_scatterload                        0x080001b1   Thumb Code     0  entry5.o(.ARM.Collect$$$$00000004)
    __main_after_scatterload                 0x080001b5   Thumb Code     0  entry5.o(.ARM.Collect$$$$00000004)
    _main_clock                              0x080001b5   Thumb Code     0  entry7b.o(.ARM.Collect$$$$00000008)
    _main_cpp_init                           0x080001b5   Thumb Code     0  entry8b.o(.ARM.Collect$$$$0000000A)
    _main_init                               0x080001b5   Thumb Code     0  entry9a.o(.ARM.Collect$$$$0000000B)
    __rt_final_cpp                           0x080001bd   Thumb Code     0  entry10a.o(.ARM.Collect$$$$0000000D)
    __rt_final_exit                          0x080001bd   Thumb Code     0  entry11a.o(.ARM.Collect$$$$0000000F)
    Reset_Handler                            0x080001c1   Thumb Code     8  startup_stm32f429xx.o(.text)
    ADC_IRQHandler                           0x080001db   Thumb Code     0  startup_stm32f429xx.o(.text)
    CAN1_RX0_IRQHandler                      0x080001db   Thumb Code     0  startup_stm32f429xx.o(.text)
    CAN1_RX1_IRQHandler                      0x080001db   Thumb Code     0  startup_stm32f429xx.o(.text)
    CAN1_SCE_IRQHandler                      0x080001db   Thumb Code     0  startup_stm32f429xx.o(.text)
    CAN1_TX_IRQHandler                       0x080001db   Thumb Code     0  startup_stm32f429xx.o(.text)
    CAN2_RX0_IRQHandler                      0x080001db   Thumb Code     0  startup_stm32f429xx.o(.text)
    CAN2_RX1_IRQHandler                      0x080001db   Thumb Code     0  startup_stm32f429xx.o(.text)
    CAN2_SCE_IRQHandler                      0x080001db   Thumb Code     0  startup_stm32f429xx.o(.text)
    CAN2_TX_IRQHandler                       0x080001db   Thumb Code     0  startup_stm32f429xx.o(.text)
    DCMI_IRQHandler                          0x080001db   Thumb Code     0  startup_stm32f429xx.o(.text)
    DMA1_Stream2_IRQHandler                  0x080001db   Thumb Code     0  startup_stm32f429xx.o(.text)
    DMA1_Stream4_IRQHandler                  0x080001db   Thumb Code     0  startup_stm32f429xx.o(.text)
    DMA1_Stream7_IRQHandler                  0x080001db   Thumb Code     0  startup_stm32f429xx.o(.text)
    DMA2D_IRQHandler                         0x080001db   Thumb Code     0  startup_stm32f429xx.o(.text)
    DMA2_Stream3_IRQHandler                  0x080001db   Thumb Code     0  startup_stm32f429xx.o(.text)
    DMA2_Stream4_IRQHandler                  0x080001db   Thumb Code     0  startup_stm32f429xx.o(.text)
    DMA2_Stream6_IRQHandler                  0x080001db   Thumb Code     0  startup_stm32f429xx.o(.text)
    ETH_IRQHandler                           0x080001db   Thumb Code     0  startup_stm32f429xx.o(.text)
    ETH_WKUP_IRQHandler                      0x080001db   Thumb Code     0  startup_stm32f429xx.o(.text)
    EXTI0_IRQHandler                         0x080001db   Thumb Code     0  startup_stm32f429xx.o(.text)
    EXTI1_IRQHandler                         0x080001db   Thumb Code     0  startup_stm32f429xx.o(.text)
    EXTI3_IRQHandler                         0x080001db   Thumb Code     0  startup_stm32f429xx.o(.text)
    EXTI9_5_IRQHandler                       0x080001db   Thumb Code     0  startup_stm32f429xx.o(.text)
    FLASH_IRQHandler                         0x080001db   Thumb Code     0  startup_stm32f429xx.o(.text)
    FMC_IRQHandler                           0x080001db   Thumb Code     0  startup_stm32f429xx.o(.text)
    FPU_IRQHandler                           0x080001db   Thumb Code     0  startup_stm32f429xx.o(.text)
    HASH_RNG_IRQHandler                      0x080001db   Thumb Code     0  startup_stm32f429xx.o(.text)
    I2C1_ER_IRQHandler                       0x080001db   Thumb Code     0  startup_stm32f429xx.o(.text)
    I2C1_EV_IRQHandler                       0x080001db   Thumb Code     0  startup_stm32f429xx.o(.text)
    I2C2_ER_IRQHandler                       0x080001db   Thumb Code     0  startup_stm32f429xx.o(.text)
    I2C2_EV_IRQHandler                       0x080001db   Thumb Code     0  startup_stm32f429xx.o(.text)
    I2C3_ER_IRQHandler                       0x080001db   Thumb Code     0  startup_stm32f429xx.o(.text)
    I2C3_EV_IRQHandler                       0x080001db   Thumb Code     0  startup_stm32f429xx.o(.text)
    LTDC_ER_IRQHandler                       0x080001db   Thumb Code     0  startup_stm32f429xx.o(.text)
    LTDC_IRQHandler                          0x080001db   Thumb Code     0  startup_stm32f429xx.o(.text)
    OTG_FS_IRQHandler                        0x080001db   Thumb Code     0  startup_stm32f429xx.o(.text)
    OTG_FS_WKUP_IRQHandler                   0x080001db   Thumb Code     0  startup_stm32f429xx.o(.text)
    OTG_HS_EP1_IN_IRQHandler                 0x080001db   Thumb Code     0  startup_stm32f429xx.o(.text)
    OTG_HS_EP1_OUT_IRQHandler                0x080001db   Thumb Code     0  startup_stm32f429xx.o(.text)
    OTG_HS_IRQHandler                        0x080001db   Thumb Code     0  startup_stm32f429xx.o(.text)
    OTG_HS_WKUP_IRQHandler                   0x080001db   Thumb Code     0  startup_stm32f429xx.o(.text)
    PVD_IRQHandler                           0x080001db   Thumb Code     0  startup_stm32f429xx.o(.text)
    RCC_IRQHandler                           0x080001db   Thumb Code     0  startup_stm32f429xx.o(.text)
    RTC_Alarm_IRQHandler                     0x080001db   Thumb Code     0  startup_stm32f429xx.o(.text)
    RTC_WKUP_IRQHandler                      0x080001db   Thumb Code     0  startup_stm32f429xx.o(.text)
    SAI1_IRQHandler                          0x080001db   Thumb Code     0  startup_stm32f429xx.o(.text)
    SDIO_IRQHandler                          0x080001db   Thumb Code     0  startup_stm32f429xx.o(.text)
    SPI1_IRQHandler                          0x080001db   Thumb Code     0  startup_stm32f429xx.o(.text)
    SPI2_IRQHandler                          0x080001db   Thumb Code     0  startup_stm32f429xx.o(.text)
    SPI3_IRQHandler                          0x080001db   Thumb Code     0  startup_stm32f429xx.o(.text)
    SPI4_IRQHandler                          0x080001db   Thumb Code     0  startup_stm32f429xx.o(.text)
    SPI5_IRQHandler                          0x080001db   Thumb Code     0  startup_stm32f429xx.o(.text)
    SPI6_IRQHandler                          0x080001db   Thumb Code     0  startup_stm32f429xx.o(.text)
    TAMP_STAMP_IRQHandler                    0x080001db   Thumb Code     0  startup_stm32f429xx.o(.text)
    TIM1_BRK_TIM9_IRQHandler                 0x080001db   Thumb Code     0  startup_stm32f429xx.o(.text)
    TIM1_CC_IRQHandler                       0x080001db   Thumb Code     0  startup_stm32f429xx.o(.text)
    TIM1_TRG_COM_TIM11_IRQHandler            0x080001db   Thumb Code     0  startup_stm32f429xx.o(.text)
    TIM1_UP_TIM10_IRQHandler                 0x080001db   Thumb Code     0  startup_stm32f429xx.o(.text)
    TIM2_IRQHandler                          0x080001db   Thumb Code     0  startup_stm32f429xx.o(.text)
    TIM3_IRQHandler                          0x080001db   Thumb Code     0  startup_stm32f429xx.o(.text)
    TIM4_IRQHandler                          0x080001db   Thumb Code     0  startup_stm32f429xx.o(.text)
    TIM5_IRQHandler                          0x080001db   Thumb Code     0  startup_stm32f429xx.o(.text)
    TIM6_DAC_IRQHandler                      0x080001db   Thumb Code     0  startup_stm32f429xx.o(.text)
    TIM7_IRQHandler                          0x080001db   Thumb Code     0  startup_stm32f429xx.o(.text)
    TIM8_BRK_TIM12_IRQHandler                0x080001db   Thumb Code     0  startup_stm32f429xx.o(.text)
    TIM8_CC_IRQHandler                       0x080001db   Thumb Code     0  startup_stm32f429xx.o(.text)
    TIM8_TRG_COM_TIM14_IRQHandler            0x080001db   Thumb Code     0  startup_stm32f429xx.o(.text)
    TIM8_UP_TIM13_IRQHandler                 0x080001db   Thumb Code     0  startup_stm32f429xx.o(.text)
    UART4_IRQHandler                         0x080001db   Thumb Code     0  startup_stm32f429xx.o(.text)
    UART5_IRQHandler                         0x080001db   Thumb Code     0  startup_stm32f429xx.o(.text)
    UART7_IRQHandler                         0x080001db   Thumb Code     0  startup_stm32f429xx.o(.text)
    UART8_IRQHandler                         0x080001db   Thumb Code     0  startup_stm32f429xx.o(.text)
    USART1_IRQHandler                        0x080001db   Thumb Code     0  startup_stm32f429xx.o(.text)
    WWDG_IRQHandler                          0x080001db   Thumb Code     0  startup_stm32f429xx.o(.text)
    __aeabi_memcpy                           0x080001e5   Thumb Code    36  memcpya.o(.text)
    __aeabi_memcpy4                          0x080001e5   Thumb Code     0  memcpya.o(.text)
    __aeabi_memcpy8                          0x080001e5   Thumb Code     0  memcpya.o(.text)
    __aeabi_memset                           0x08000209   Thumb Code    14  memseta.o(.text)
    __aeabi_memset4                          0x08000209   Thumb Code     0  memseta.o(.text)
    __aeabi_memset8                          0x08000209   Thumb Code     0  memseta.o(.text)
    __aeabi_memclr                           0x08000217   Thumb Code     4  memseta.o(.text)
    __aeabi_memclr4                          0x08000217   Thumb Code     0  memseta.o(.text)
    __aeabi_memclr8                          0x08000217   Thumb Code     0  memseta.o(.text)
    _memset$wrapper                          0x0800021b   Thumb Code    18  memseta.o(.text)
    strcmp                                   0x0800022d   Thumb Code    28  strcmp.o(.text)
    __aeabi_dadd                             0x08000249   Thumb Code   322  dadd.o(.text)
    __aeabi_dsub                             0x0800038b   Thumb Code     6  dadd.o(.text)
    __aeabi_drsub                            0x08000391   Thumb Code     6  dadd.o(.text)
    __aeabi_dmul                             0x08000397   Thumb Code   228  dmul.o(.text)
    __aeabi_i2d                              0x0800047b   Thumb Code    34  dflti.o(.text)
    __aeabi_d2iz                             0x0800049d   Thumb Code    62  dfixi.o(.text)
    __aeabi_uldivmod                         0x080004db   Thumb Code    98  uldiv.o(.text)
    __aeabi_llsl                             0x0800053d   Thumb Code    30  llshl.o(.text)
    _ll_shift_l                              0x0800053d   Thumb Code     0  llshl.o(.text)
    __aeabi_llsr                             0x0800055b   Thumb Code    32  llushr.o(.text)
    _ll_ushift_r                             0x0800055b   Thumb Code     0  llushr.o(.text)
    __aeabi_lasr                             0x0800057b   Thumb Code    36  llsshr.o(.text)
    _ll_sshift_r                             0x0800057b   Thumb Code     0  llsshr.o(.text)
    __I$use$fp                               0x0800059f   Thumb Code     0  iusefp.o(.text)
    _double_round                            0x0800059f   Thumb Code    30  depilogue.o(.text)
    _double_epilogue                         0x080005bd   Thumb Code   156  depilogue.o(.text)
    __aeabi_ddiv                             0x08000659   Thumb Code   222  ddiv.o(.text)
    __ARM_scalbn                             0x08000737   Thumb Code    46  dscalb.o(.text)
    scalbn                                   0x08000737   Thumb Code     0  dscalb.o(.text)
    __aeabi_cdrcmple                         0x08000765   Thumb Code    48  cdrcmple.o(.text)
    __scatterload                            0x08000795   Thumb Code    28  init.o(.text)
    __scatterload_rt2                        0x08000795   Thumb Code     0  init.o(.text)
    _dsqrt                                   0x080007b9   Thumb Code   162  dsqrt.o(.text)
    __decompress                             0x0800085b   Thumb Code     0  __dczerorl2.o(.text)
    __decompress1                            0x0800085b   Thumb Code    86  __dczerorl2.o(.text)
    ApPacketsetting                          0x080008b1   Thumb Code   402  rf.o(i.ApPacketsetting)
    BusFault_Handler                         0x08000a51   Thumb Code     4  stm32f4xx_it.o(i.BusFault_Handler)
    CC2520_Reg_Init                          0x08000a55   Thumb Code   536  rf_hal.o(i.CC2520_Reg_Init)
    CC2520_get_data                          0x08000c71   Thumb Code   176  rf_hal.o(i.CC2520_get_data)
    CC2520_get_reg                           0x08000d3d   Thumb Code   200  rf_hal.o(i.CC2520_get_reg)
    CC2520_send_cmd                          0x08000e21   Thumb Code   166  rf_hal.o(i.CC2520_send_cmd)
    CC2520_set_reg                           0x08000ee5   Thumb Code   190  rf_hal.o(i.CC2520_set_reg)
    DMA1_Stream0_IRQHandler                  0x08000fc1   Thumb Code    10  stm32f4xx_it.o(i.DMA1_Stream0_IRQHandler)
    DMA1_Stream1_IRQHandler                  0x08000fd1   Thumb Code    10  stm32f4xx_it.o(i.DMA1_Stream1_IRQHandler)
    DMA1_Stream3_IRQHandler                  0x08000fe1   Thumb Code    10  stm32f4xx_it.o(i.DMA1_Stream3_IRQHandler)
    DMA1_Stream5_IRQHandler                  0x08000ff1   Thumb Code    10  stm32f4xx_it.o(i.DMA1_Stream5_IRQHandler)
    DMA1_Stream6_IRQHandler                  0x08001001   Thumb Code    10  stm32f4xx_it.o(i.DMA1_Stream6_IRQHandler)
    DMA2_Stream0_IRQHandler                  0x08001011   Thumb Code    10  stm32f4xx_it.o(i.DMA2_Stream0_IRQHandler)
    DMA2_Stream1_IRQHandler                  0x08001021   Thumb Code    10  stm32f4xx_it.o(i.DMA2_Stream1_IRQHandler)
    DMA2_Stream2_IRQHandler                  0x08001031   Thumb Code    10  stm32f4xx_it.o(i.DMA2_Stream2_IRQHandler)
    DMA2_Stream5_IRQHandler                  0x08001041   Thumb Code    10  stm32f4xx_it.o(i.DMA2_Stream5_IRQHandler)
    DMA2_Stream7_IRQHandler                  0x08001051   Thumb Code    10  stm32f4xx_it.o(i.DMA2_Stream7_IRQHandler)
    DebugMon_Handler                         0x0800116b   Thumb Code     2  stm32f4xx_it.o(i.DebugMon_Handler)
    EXTI15_10_IRQHandler                     0x0800116d   Thumb Code    20  stm32f4xx_it.o(i.EXTI15_10_IRQHandler)
    EXTI2_IRQHandler                         0x08001181   Thumb Code    10  stm32f4xx_it.o(i.EXTI2_IRQHandler)
    EXTI4_IRQHandler                         0x0800118b   Thumb Code    10  stm32f4xx_it.o(i.EXTI4_IRQHandler)
    HAL_CRC_Init                             0x08001195   Thumb Code    36  stm32f4xx_hal_crc.o(i.HAL_CRC_Init)
    HAL_CRC_MspInit                          0x080011b9   Thumb Code    44  stm32f4xx_hal_msp.o(i.HAL_CRC_MspInit)
    HAL_DMA_Abort                            0x080011ed   Thumb Code   170  stm32f4xx_hal_dma.o(i.HAL_DMA_Abort)
    HAL_DMA_Abort_IT                         0x08001297   Thumb Code    40  stm32f4xx_hal_dma.o(i.HAL_DMA_Abort_IT)
    HAL_DMA_IRQHandler                       0x080012c1   Thumb Code   574  stm32f4xx_hal_dma.o(i.HAL_DMA_IRQHandler)
    HAL_DMA_Init                             0x08001509   Thumb Code   232  stm32f4xx_hal_dma.o(i.HAL_DMA_Init)
    HAL_DMA_Start_IT                         0x080015f5   Thumb Code   158  stm32f4xx_hal_dma.o(i.HAL_DMA_Start_IT)
    HAL_GPIO_EXTI_Callback                   0x08001695   Thumb Code   192  rf_hal.o(i.HAL_GPIO_EXTI_Callback)
    HAL_GPIO_EXTI_IRQHandler                 0x08001769   Thumb Code    24  stm32f4xx_hal_gpio.o(i.HAL_GPIO_EXTI_IRQHandler)
    HAL_GPIO_Init                            0x08001785   Thumb Code   486  stm32f4xx_hal_gpio.o(i.HAL_GPIO_Init)
    HAL_GPIO_ReadPin                         0x080019a1   Thumb Code    16  stm32f4xx_hal_gpio.o(i.HAL_GPIO_ReadPin)
    HAL_GPIO_TogglePin                       0x080019b1   Thumb Code     8  stm32f4xx_hal_gpio.o(i.HAL_GPIO_TogglePin)
    HAL_GPIO_WritePin                        0x080019b9   Thumb Code    12  stm32f4xx_hal_gpio.o(i.HAL_GPIO_WritePin)
    HAL_GetTick                              0x080019c5   Thumb Code     6  stm32f4xx_hal.o(i.HAL_GetTick)
    HAL_I2C_Init                             0x080019d1   Thumb Code   286  stm32f4xx_hal_i2c.o(i.HAL_I2C_Init)
    HAL_I2C_MspInit                          0x08001af9   Thumb Code    78  stm32f4xx_hal_msp.o(i.HAL_I2C_MspInit)
    HAL_IncTick                              0x08001b55   Thumb Code    12  stm32f4xx_hal.o(i.HAL_IncTick)
    HAL_Init                                 0x08001b65   Thumb Code    54  stm32f4xx_hal.o(i.HAL_Init)
    HAL_InitTick                             0x08001ba1   Thumb Code    36  stm32f4xx_hal.o(i.HAL_InitTick)
    HAL_MspInit                              0x08001bc9   Thumb Code    86  stm32f4xx_hal_msp.o(i.HAL_MspInit)
    HAL_NVIC_EnableIRQ                       0x08001c1f   Thumb Code    26  stm32f4xx_hal_cortex.o(i.HAL_NVIC_EnableIRQ)
    HAL_NVIC_SetPriority                     0x08001c39   Thumb Code   124  stm32f4xx_hal_cortex.o(i.HAL_NVIC_SetPriority)
    HAL_NVIC_SetPriorityGrouping             0x08001cb5   Thumb Code    32  stm32f4xx_hal_cortex.o(i.HAL_NVIC_SetPriorityGrouping)
    HAL_RCC_ClockConfig                      0x08001cdd   Thumb Code   446  stm32f4xx_hal_rcc.o(i.HAL_RCC_ClockConfig)
    HAL_RCC_GetHCLKFreq                      0x08001ead   Thumb Code     6  stm32f4xx_hal_rcc.o(i.HAL_RCC_GetHCLKFreq)
    HAL_RCC_GetPCLK1Freq                     0x08001eb9   Thumb Code    36  stm32f4xx_hal_rcc.o(i.HAL_RCC_GetPCLK1Freq)
    HAL_RCC_GetPCLK2Freq                     0x08001ee5   Thumb Code    36  stm32f4xx_hal_rcc.o(i.HAL_RCC_GetPCLK2Freq)
    HAL_RCC_GetSysClockFreq                  0x08001f11   Thumb Code   168  stm32f4xx_hal_rcc.o(i.HAL_RCC_GetSysClockFreq)
    HAL_RCC_OscConfig                        0x08001fc5   Thumb Code  1090  stm32f4xx_hal_rcc.o(i.HAL_RCC_OscConfig)
    HAL_SPI_Init                             0x08002411   Thumb Code   140  stm32f4xx_hal_spi.o(i.HAL_SPI_Init)
    HAL_SPI_MspInit                          0x0800249d   Thumb Code   570  stm32f4xx_hal_msp.o(i.HAL_SPI_MspInit)
    HAL_SPI_Receive                          0x08002731   Thumb Code   364  stm32f4xx_hal_spi.o(i.HAL_SPI_Receive)
    HAL_SPI_Transmit                         0x0800289d   Thumb Code   422  stm32f4xx_hal_spi.o(i.HAL_SPI_Transmit)
    HAL_SPI_TransmitReceive                  0x08002a43   Thumb Code   542  stm32f4xx_hal_spi.o(i.HAL_SPI_TransmitReceive)
    HAL_SYSTICK_CLKSourceConfig              0x08002c61   Thumb Code    40  stm32f4xx_hal_cortex.o(i.HAL_SYSTICK_CLKSourceConfig)
    HAL_SYSTICK_Callback                     0x08002c89   Thumb Code   178  rf.o(i.HAL_SYSTICK_Callback)
    HAL_SYSTICK_Config                       0x08002d49   Thumb Code    52  stm32f4xx_hal_cortex.o(i.HAL_SYSTICK_Config)
    HAL_SYSTICK_IRQHandler                   0x08002d7d   Thumb Code     8  stm32f4xx_hal_cortex.o(i.HAL_SYSTICK_IRQHandler)
    HAL_TIMEx_MasterConfigSynchronization    0x08002d85   Thumb Code    98  stm32f4xx_hal_tim_ex.o(i.HAL_TIMEx_MasterConfigSynchronization)
    HAL_TIM_Base_Init                        0x08002de7   Thumb Code    52  stm32f4xx_hal_tim.o(i.HAL_TIM_Base_Init)
    HAL_TIM_Base_MspInit                     0x08002e1d   Thumb Code    44  stm32f4xx_hal_msp.o(i.HAL_TIM_Base_MspInit)
    HAL_TIM_Base_Start                       0x08002e4d   Thumb Code    30  stm32f4xx_hal_tim.o(i.HAL_TIM_Base_Start)
    HAL_TIM_ConfigClockSource                0x08002e6b   Thumb Code   306  stm32f4xx_hal_tim.o(i.HAL_TIM_ConfigClockSource)
    HAL_UART_ErrorCallback                   0x08002f9d   Thumb Code     2  stm32f4xx_hal_uart.o(i.HAL_UART_ErrorCallback)
    HAL_UART_IRQHandler                      0x08002fa1   Thumb Code   326  stm32f4xx_hal_uart.o(i.HAL_UART_IRQHandler)
    HAL_UART_Init                            0x080030ed   Thumb Code   114  stm32f4xx_hal_uart.o(i.HAL_UART_Init)
    HAL_UART_MspInit                         0x08003161   Thumb Code   706  stm32f4xx_hal_msp.o(i.HAL_UART_MspInit)
    HAL_UART_Receive_DMA                     0x08003479   Thumb Code   182  stm32f4xx_hal_uart.o(i.HAL_UART_Receive_DMA)
    HAL_UART_RxCpltCallback                  0x0800353d   Thumb Code     2  stm32f4xx_hal_uart.o(i.HAL_UART_RxCpltCallback)
    HAL_UART_RxHalfCpltCallback              0x0800353f   Thumb Code     2  stm32f4xx_hal_uart.o(i.HAL_UART_RxHalfCpltCallback)
    HAL_UART_Transmit_DMA                    0x08003541   Thumb Code   142  stm32f4xx_hal_uart.o(i.HAL_UART_Transmit_DMA)
    HAL_UART_TxCpltCallback                  0x080035dd   Thumb Code     2  stm32f4xx_hal_uart.o(i.HAL_UART_TxCpltCallback)
    HAL_UART_TxHalfCpltCallback              0x080035df   Thumb Code     2  stm32f4xx_hal_uart.o(i.HAL_UART_TxHalfCpltCallback)
    HardFault_Handler                        0x080035e1   Thumb Code     4  stm32f4xx_it.o(i.HardFault_Handler)
    MemManage_Handler                        0x08003ee1   Thumb Code     4  stm32f4xx_it.o(i.MemManage_Handler)
    NMI_Handler                              0x08003ee5   Thumb Code     2  stm32f4xx_it.o(i.NMI_Handler)
    PendSV_Handler                           0x08003f21   Thumb Code     2  stm32f4xx_it.o(i.PendSV_Handler)
    SVC_Handler                              0x08003ff5   Thumb Code     2  stm32f4xx_it.o(i.SVC_Handler)
    SysTick_Handler                          0x08003ff7   Thumb Code    12  stm32f4xx_it.o(i.SysTick_Handler)
    SystemClock_Config                       0x08004005   Thumb Code   202  main.o(i.SystemClock_Config)
    SystemInit                               0x080040e9   Thumb Code    82  system_stm32f4xx.o(i.SystemInit)
    TIM_Base_SetConfig                       0x0800414d   Thumb Code   184  stm32f4xx_hal_tim.o(i.TIM_Base_SetConfig)
    USART2_IRQHandler                        0x0800486d   Thumb Code    26  stm32f4xx_it.o(i.USART2_IRQHandler)
    USART3_IRQHandler                        0x0800488d   Thumb Code    26  stm32f4xx_it.o(i.USART3_IRQHandler)
    USART6_IRQHandler                        0x080048ad   Thumb Code    26  stm32f4xx_it.o(i.USART6_IRQHandler)
    UsageFault_Handler                       0x080048cd   Thumb Code     4  stm32f4xx_it.o(i.UsageFault_Handler)
    _Error_Handler                           0x080048d1   Thumb Code     4  main.o(i._Error_Handler)
    __0sprintf$8                             0x080048d5   Thumb Code    34  printf8.o(i.__0sprintf$8)
    __1sprintf$8                             0x080048d5   Thumb Code     0  printf8.o(i.__0sprintf$8)
    __2sprintf                               0x080048d5   Thumb Code     0  printf8.o(i.__0sprintf$8)
    __ARM_fpclassify                         0x080048fd   Thumb Code    48  fpclassify.o(i.__ARM_fpclassify)
    __hardfp_pow                             0x08004931   Thumb Code  3072  pow.o(i.__hardfp_pow)
    __kernel_poly                            0x08005581   Thumb Code   248  poly.o(i.__kernel_poly)
    __mathlib_dbl_divzero                    0x08005679   Thumb Code    28  dunder.o(i.__mathlib_dbl_divzero)
    __mathlib_dbl_infnan2                    0x080056a9   Thumb Code    20  dunder.o(i.__mathlib_dbl_infnan2)
    __mathlib_dbl_invalid                    0x080056c1   Thumb Code    24  dunder.o(i.__mathlib_dbl_invalid)
    __mathlib_dbl_overflow                   0x080056e1   Thumb Code    24  dunder.o(i.__mathlib_dbl_overflow)
    __mathlib_dbl_underflow                  0x08005701   Thumb Code    24  dunder.o(i.__mathlib_dbl_underflow)
    __scatterload_copy                       0x08005721   Thumb Code    14  handlers.o(i.__scatterload_copy)
    __scatterload_null                       0x0800572f   Thumb Code     2  handlers.o(i.__scatterload_null)
    __scatterload_zeroinit                   0x08005731   Thumb Code    14  handlers.o(i.__scatterload_zeroinit)
    __set_errno                              0x08005741   Thumb Code     6  errno.o(i.__set_errno)
    check_recode_data_if_repeat              0x08005bb9   Thumb Code    76  rf.o(i.check_recode_data_if_repeat)
    clear_recode                             0x08005c09   Thumb Code    28  rf.o(i.clear_recode)
    close_tcp_conn                           0x08005c29   Thumb Code    32  gprs_comm.o(i.close_tcp_conn)
    crc16                                    0x08005c61   Thumb Code    34  to_n1.o(i.crc16)
    crc16_byte                               0x08005c85   Thumb Code    20  to_n1.o(i.crc16_byte)
    debug_cmd_handle                         0x08005c9d   Thumb Code    30  debug_uart.o(i.debug_cmd_handle)
    debug_uart_send_string                   0x08005cc5   Thumb Code    44  debug_uart.o(i.debug_uart_send_string)
    fabs                                     0x08005cf5   Thumb Code    24  fabs.o(i.fabs)
    from_n1_data_handle                      0x08005d0d   Thumb Code   148  from_n1.o(i.from_n1_data_handle)
    get_cmd                                  0x08005dad   Thumb Code    58  debug_uart.o(i.get_cmd)
    get_from_n1_buff                         0x08005df5   Thumb Code    66  to_n1.o(i.get_from_n1_buff)
    get_gprs_stat                            0x08005e45   Thumb Code    14  debug_uart.o(i.get_gprs_stat)
    get_q_string                             0x08005e55   Thumb Code   144  debug_uart.o(i.get_q_string)
    get_rf_stat                              0x08005ee9   Thumb Code    14  debug_uart.o(i.get_rf_stat)
    get_slot_num                             0x08005ef9   Thumb Code    50  rf.o(i.get_slot_num)
    get_str_param                            0x08005f31   Thumb Code   106  debug_uart.o(i.get_str_param)
    gprs_at_get_CGREG                        0x08005fa1   Thumb Code    10  gprs_comm.o(i.gprs_at_get_CGREG)
    gprs_at_init                             0x08005fb9   Thumb Code    28  gprs_comm.o(i.gprs_at_init)
    gprs_at_tcp_close                        0x08005ff1   Thumb Code    30  gprs_comm.o(i.gprs_at_tcp_close)
    gprs_at_tcp_conn                         0x08006025   Thumb Code    54  gprs_comm.o(i.gprs_at_tcp_conn)
    gprs_data_handle                         0x08006089   Thumb Code   238  gprs_comm.o(i.gprs_data_handle)
    gprs_get_cmd_param                       0x08006185   Thumb Code   252  gprs_comm.o(i.gprs_get_cmd_param)
    gprs_main_call                           0x08006289   Thumb Code   442  gprs_comm.o(i.gprs_main_call)
    gprs_reboot                              0x080064a9   Thumb Code    10  gprs_comm.o(i.gprs_reboot)
    gprs_str_cmd_handle                      0x080064b9   Thumb Code   640  gprs_comm.o(i.gprs_str_cmd_handle)
    gprs_str_copy_to_queue                   0x0800685d   Thumb Code    50  gprs_comm.o(i.gprs_str_copy_to_queue)
    gprs_str_read_queue                      0x08006895   Thumb Code    54  gprs_comm.o(i.gprs_str_read_queue)
    gprs_str_to_int                          0x080068d9   Thumb Code   164  gprs_comm.o(i.gprs_str_to_int)
    gprs_str_write_queue                     0x08006985   Thumb Code    66  gprs_comm.o(i.gprs_str_write_queue)
    gprs_uart_send_string                    0x080069d5   Thumb Code    44  gprs_comm.o(i.gprs_uart_send_string)
    grps_power_off                           0x08006a05   Thumb Code    16  gprs_hal.o(i.grps_power_off)
    grps_power_on                            0x08006a19   Thumb Code    14  gprs_hal.o(i.grps_power_on)
    help                                     0x08006a2d   Thumb Code    12  debug_uart.o(i.help)
    insert_to_n1_buff                        0x08006a3d   Thumb Code   284  to_n1.o(i.insert_to_n1_buff)
    led_1_close                              0x08006b69   Thumb Code    14  gprs_hal.o(i.led_1_close)
    main                                     0x08006b7d   Thumb Code   144  main.o(i.main)
    make_ack                                 0x08006c21   Thumb Code    32  rf.o(i.make_ack)
    make_data_to_n1                          0x08006c45   Thumb Code   130  rf.o(i.make_data_to_n1)
    make_gprs_stat                           0x08006cd5   Thumb Code    32  gprs_comm.o(i.make_gprs_stat)
    make_rf_stat                             0x08006d25   Thumb Code   174  rf_hal.o(i.make_rf_stat)
    n1_get_2g_stat                           0x08006ded   Thumb Code    22  from_n1.o(i.n1_get_2g_stat)
    n1_get_ap_pram                           0x08006e0d   Thumb Code    22  from_n1.o(i.n1_get_ap_pram)
    n1_send_2g_data                          0x08006e2d   Thumb Code    24  from_n1.o(i.n1_send_2g_data)
    n1_send_firmware                         0x08006e49   Thumb Code     2  from_n1.o(i.n1_send_firmware)
    n1_set_ap_pram                           0x08006e4d   Thumb Code   120  from_n1.o(i.n1_set_ap_pram)
    n1_set_rp_param                          0x08006edd   Thumb Code    24  from_n1.o(i.n1_set_rp_param)
    n1_set_s_param                           0x08006efd   Thumb Code    24  from_n1.o(i.n1_set_s_param)
    rf_cmd_tx                                0x08006f1d   Thumb Code    14  rf_hal.o(i.rf_cmd_tx)
    rf_init                                  0x08006f2d   Thumb Code   702  rf_hal.o(i.rf_init)
    rf_io_tx_4                               0x08007215   Thumb Code   650  rf_hal.o(i.rf_io_tx_4)
    rf_manage                                0x080074c5   Thumb Code   180  rf_hal.o(i.rf_manage)
    rf_power_off                             0x08007585   Thumb Code   120  rf_hal.o(i.rf_power_off)
    rf_power_on                              0x0800761d   Thumb Code    76  rf_hal.o(i.rf_power_on)
    rf_rx                                    0x08007685   Thumb Code   352  rf_hal.o(i.rf_rx)
    rf_rx_data_handle                        0x0800780d   Thumb Code   326  rf.o(i.rf_rx_data_handle)
    rf_rx_voerflow_check                     0x08007999   Thumb Code   244  rf_hal.o(i.rf_rx_voerflow_check)
    rf_send_ack_packet                       0x08007aa1   Thumb Code   366  rf.o(i.rf_send_ack_packet)
    rf_send_syn_packet                       0x08007c4d   Thumb Code   584  rf.o(i.rf_send_syn_packet)
    rf_send_updata_packet                    0x08007ec1   Thumb Code     8  rf.o(i.rf_send_updata_packet)
    rf_set_channel                           0x08007ecd   Thumb Code    26  rf_hal.o(i.rf_set_channel)
    rf_write_buff                            0x08007ee9   Thumb Code   188  rf_hal.o(i.rf_write_buff)
    send_gprs_200                            0x08007fc1   Thumb Code    14  debug_uart.o(i.send_gprs_200)
    send_gprs_200_                           0x08007fe5   Thumb Code    30  gprs_comm.o(i.send_gprs_200_)
    send_gprs_data                           0x0800800d   Thumb Code    34  gprs_comm.o(i.send_gprs_data)
    set_rf_mode                              0x08008039   Thumb Code    90  debug_uart.o(i.set_rf_mode)
    set_rp_ch                                0x080080d5   Thumb Code    76  debug_uart.o(i.set_rp_ch)
    set_rp_slot                              0x08008125   Thumb Code    78  debug_uart.o(i.set_rp_slot)
    setrfch                                  0x08008179   Thumb Code    80  debug_uart.o(i.setrfch)
    spi_to_index                             0x08008209   Thumb Code    46  rf_hal.o(i.spi_to_index)
    sqrt                                     0x08008249   Thumb Code   110  sqrt.o(i.sqrt)
    start_from_debug_dma_receive             0x080082b9   Thumb Code    32  debug_uart.o(i.start_from_debug_dma_receive)
    start_from_gprs_dma_receive              0x080082e1   Thumb Code    32  gprs_hal.o(i.start_from_gprs_dma_receive)
    start_from_n1_dma_receive                0x08008309   Thumb Code    44  from_n1.o(i.start_from_n1_dma_receive)
    str_to_int                               0x08008341   Thumb Code   146  debug_uart.o(i.str_to_int)
    to_n1_buff_handle                        0x080083dd   Thumb Code   152  to_n1.o(i.to_n1_buff_handle)
    uart_form_n1_idle_callback               0x08008485   Thumb Code    66  from_n1.o(i.uart_form_n1_idle_callback)
    uart_from_debug_idle_callback            0x080084d5   Thumb Code    68  debug_uart.o(i.uart_from_debug_idle_callback)
    uart_from_gprs_idle_callback             0x08008529   Thumb Code    56  gprs_hal.o(i.uart_from_gprs_idle_callback)
    AHBPrescTable                            0x0800856c   Data          16  system_stm32f4xx.o(.constdata)
    APBPrescTable                            0x0800857c   Data           8  system_stm32f4xx.o(.constdata)
    crc16_table                              0x0800858c   Data         512  to_n1.o(.constdata)
    __mathlib_zero                           0x08008818   Data           8  qnan.o(.constdata)
    Region$$Table$$Base                      0x08008b3c   Number         0  anon$$obj.o(Region$$Table)
    Region$$Table$$Limit                     0x08008b5c   Number         0  anon$$obj.o(Region$$Table)
    SystemCoreClock                          0x20000000   Data           4  system_stm32f4xx.o(.data)
    uwTick                                   0x20000004   Data           4  stm32f4xx_hal.o(.data)
    hcrc                                     0x20000008   Data           8  main.o(.data)
    core_freq                                0x20000010   Data           4  main.o(.data)
    data                                     0x20000014   Data          24  main.o(.data)
    cmd_list                                 0x2000002c   Data          80  debug_uart.o(.data)
    from_n1_data_index                       0x2000007c   Data           4  from_n1.o(.data)
    send_to_n1_ack                           0x20000080   Data          10  to_n1.o(.data)
    to_n1_buff_insert_ptr                    0x2000008c   Data           4  to_n1.o(.data)
    to_n1_buff_get_ptr                       0x20000090   Data           4  to_n1.o(.data)
    gprs_str_queue_write                     0x2000009c   Data           4  gprs_comm.o(.data)
    gprs_str_queue_read                      0x200000a0   Data           4  gprs_comm.o(.data)
    gprs_receive_packet_flag                 0x200000a4   Data           4  gprs_comm.o(.data)
    gprs_cmd_param_num                       0x200000a8   Data           4  gprs_comm.o(.data)
    gprs_sec_flag                            0x200000ac   Data           1  gprs_comm.o(.data)
    gprs_str_cmd                             0x200000b0   Data          76  gprs_comm.o(.data)
    rf_index                                 0x2000010c   Data          16  rf_hal.o(.data)
    rf_sec_flag                              0x2000011c   Data           1  rf_hal.o(.data)
    str_power                                0x20000120   Data          12  rf_hal.o(.data)
    str_init                                 0x2000012c   Data          12  rf_hal.o(.data)
    str_mode                                 0x20000138   Data          12  rf_hal.o(.data)
    systerm_info                             0x20000148   Data           4  rf.o(.data)
    uiIndex                                  0x2000014c   Data           4  rf.o(.data)
    g_sSnnDataMessage                        0x20000150   Data          84  rf.o(.data)
    test                                     0x200001a4   Data           4  rf.o(.data)
    hi2c1                                    0x200001ac   Data          84  main.o(.bss)
    hspi1                                    0x20000200   Data          88  main.o(.bss)
    hspi3                                    0x20000258   Data          88  main.o(.bss)
    hspi4                                    0x200002b0   Data          88  main.o(.bss)
    hspi5                                    0x20000308   Data          88  main.o(.bss)
    hdma_spi1_rx                             0x20000360   Data          96  main.o(.bss)
    hdma_spi3_rx                             0x200003c0   Data          96  main.o(.bss)
    hdma_spi4_rx                             0x20000420   Data          96  main.o(.bss)
    hdma_spi5_rx                             0x20000480   Data          96  main.o(.bss)
    htim2                                    0x200004e0   Data          60  main.o(.bss)
    huart2                                   0x2000051c   Data          64  main.o(.bss)
    huart3                                   0x2000055c   Data          64  main.o(.bss)
    huart6                                   0x2000059c   Data          64  main.o(.bss)
    hdma_usart2_rx                           0x200005dc   Data          96  main.o(.bss)
    hdma_usart2_tx                           0x2000063c   Data          96  main.o(.bss)
    hdma_usart3_rx                           0x2000069c   Data          96  main.o(.bss)
    hdma_usart3_tx                           0x200006fc   Data          96  main.o(.bss)
    hdma_usart6_rx                           0x2000075c   Data          96  main.o(.bss)
    hdma_usart6_tx                           0x200007bc   Data          96  main.o(.bss)
    debug_uart_dma_buff                      0x2000081c   Data         256  debug_uart.o(.bss)
    debug_uart_buff                          0x2000091c   Data         257  debug_uart.o(.bss)
    debug_send_buff                          0x20000a1d   Data         256  debug_uart.o(.bss)
    cmd_param_int                            0x20000b20   Data          44  debug_uart.o(.bss)
    cmd                                      0x20000b4c   Data         100  debug_uart.o(.bss)
    param                                    0x20000bb0   Data          32  debug_uart.o(.bss)
    from_n1_data                             0x20000bd0   Data         512  from_n1.o(.bss)
    send_to_n1_buff                          0x20000dd0   Data       12800  to_n1.o(.bss)
    send_to_n1_data                          0x20003fd0   Data         256  to_n1.o(.bss)
    gprs_receive_dma_buff                    0x200040d0   Data        1536  gprs_hal.o(.bss)
    n1_to_server_data                        0x200046d0   Data         256  gprs_comm.o(.bss)
    gprs_str_queue                           0x200047d0   Data        4096  gprs_comm.o(.bss)
    gprs_data_buff                           0x200057d0   Data        1536  gprs_comm.o(.bss)
    gprs_cmd_param                           0x20005dd0   Data         500  gprs_comm.o(.bss)
    gprs_debug_buff                          0x20005fc4   Data         256  gprs_comm.o(.bss)
    at_cmd_conn                              0x200060c4   Data          50  gprs_comm.o(.bss)
    gprs_stat                                0x200060f8   Data          64  gprs_comm.o(.bss)
    rf_stat                                  0x20006138   Data          12  rf_hal.o(.bss)
    rf_rx_buff                               0x20006144   Data        1024  rf_hal.o(.bss)
    syn_packet                               0x20006544   Data          34  rf.o(.bss)
    ack_packet                               0x20006566   Data          28  rf.o(.bss)
    s_sApAckPacket                           0x20006582   Data         112  rf.o(.bss)
    sensor_rp_data_recode                    0x200065f2   Data        1024  rf.o(.bss)
    ap_param                                 0x200069f2   Data          26  ap_param.o(.bss)
    sensor_rp_param                          0x20006a0c   Data          15  ap_param.o(.bss)
    __initial_sp                             0x20007220   Data           0  startup_stm32f429xx.o(STACK)



==============================================================================

Memory Map of the image

  Image Entry point : 0x080001ad

  Load Region LR_IROM1 (Base: 0x08000000, Size: 0x00008d08, Max: 0x00200000, ABSOLUTE, COMPRESSED[0x00008c20])

    Execution Region ER_IROM1 (Base: 0x08000000, Size: 0x00008b5c, Max: 0x00200000, ABSOLUTE)

    Base Addr    Size         Type   Attr      Idx    E Section Name        Object

    0x08000000   0x000001ac   Data   RO          144    RESET               startup_stm32f429xx.o
    0x080001ac   0x00000000   Code   RO         4508  * .ARM.Collect$$$$00000000  mc_w.l(entry.o)
    0x080001ac   0x00000004   Code   RO         4825    .ARM.Collect$$$$00000001  mc_w.l(entry2.o)
    0x080001b0   0x00000004   Code   RO         4828    .ARM.Collect$$$$00000004  mc_w.l(entry5.o)
    0x080001b4   0x00000000   Code   RO         4830    .ARM.Collect$$$$00000008  mc_w.l(entry7b.o)
    0x080001b4   0x00000000   Code   RO         4832    .ARM.Collect$$$$0000000A  mc_w.l(entry8b.o)
    0x080001b4   0x00000008   Code   RO         4833    .ARM.Collect$$$$0000000B  mc_w.l(entry9a.o)
    0x080001bc   0x00000000   Code   RO         4835    .ARM.Collect$$$$0000000D  mc_w.l(entry10a.o)
    0x080001bc   0x00000000   Code   RO         4837    .ARM.Collect$$$$0000000F  mc_w.l(entry11a.o)
    0x080001bc   0x00000004   Code   RO         4826    .ARM.Collect$$$$00002712  mc_w.l(entry2.o)
    0x080001c0   0x00000024   Code   RO          145    .text               startup_stm32f429xx.o
    0x080001e4   0x00000024   Code   RO         4511    .text               mc_w.l(memcpya.o)
    0x08000208   0x00000024   Code   RO         4513    .text               mc_w.l(memseta.o)
    0x0800022c   0x0000001c   Code   RO         4515    .text               mc_w.l(strcmp.o)
    0x08000248   0x0000014e   Code   RO         4780    .text               mf_w.l(dadd.o)
    0x08000396   0x000000e4   Code   RO         4782    .text               mf_w.l(dmul.o)
    0x0800047a   0x00000022   Code   RO         4784    .text               mf_w.l(dflti.o)
    0x0800049c   0x0000003e   Code   RO         4786    .text               mf_w.l(dfixi.o)
    0x080004da   0x00000062   Code   RO         4844    .text               mc_w.l(uldiv.o)
    0x0800053c   0x0000001e   Code   RO         4846    .text               mc_w.l(llshl.o)
    0x0800055a   0x00000020   Code   RO         4848    .text               mc_w.l(llushr.o)
    0x0800057a   0x00000024   Code   RO         4850    .text               mc_w.l(llsshr.o)
    0x0800059e   0x00000000   Code   RO         4859    .text               mc_w.l(iusefp.o)
    0x0800059e   0x000000ba   Code   RO         4860    .text               mf_w.l(depilogue.o)
    0x08000658   0x000000de   Code   RO         4862    .text               mf_w.l(ddiv.o)
    0x08000736   0x0000002e   Code   RO         4866    .text               mf_w.l(dscalb.o)
    0x08000764   0x00000030   Code   RO         4870    .text               mf_w.l(cdrcmple.o)
    0x08000794   0x00000024   Code   RO         4872    .text               mc_w.l(init.o)
    0x080007b8   0x000000a2   Code   RO         4876    .text               mf_w.l(dsqrt.o)
    0x0800085a   0x00000056   Code   RO         4888    .text               mc_w.l(__dczerorl2.o)
    0x080008b0   0x000001a0   Code   RO         4363    i.ApPacketsetting   rf.o
    0x08000a50   0x00000004   Code   RO         3432    i.BusFault_Handler  stm32f4xx_it.o
    0x08000a54   0x0000021c   Code   RO         4198    i.CC2520_Reg_Init   rf_hal.o
    0x08000c70   0x000000cc   Code   RO         4199    i.CC2520_get_data   rf_hal.o
    0x08000d3c   0x000000e4   Code   RO         4200    i.CC2520_get_reg    rf_hal.o
    0x08000e20   0x000000c4   Code   RO         4201    i.CC2520_send_cmd   rf_hal.o
    0x08000ee4   0x000000dc   Code   RO         4202    i.CC2520_set_reg    rf_hal.o
    0x08000fc0   0x00000010   Code   RO         3433    i.DMA1_Stream0_IRQHandler  stm32f4xx_it.o
    0x08000fd0   0x00000010   Code   RO         3434    i.DMA1_Stream1_IRQHandler  stm32f4xx_it.o
    0x08000fe0   0x00000010   Code   RO         3435    i.DMA1_Stream3_IRQHandler  stm32f4xx_it.o
    0x08000ff0   0x00000010   Code   RO         3436    i.DMA1_Stream5_IRQHandler  stm32f4xx_it.o
    0x08001000   0x00000010   Code   RO         3437    i.DMA1_Stream6_IRQHandler  stm32f4xx_it.o
    0x08001010   0x00000010   Code   RO         3438    i.DMA2_Stream0_IRQHandler  stm32f4xx_it.o
    0x08001020   0x00000010   Code   RO         3439    i.DMA2_Stream1_IRQHandler  stm32f4xx_it.o
    0x08001030   0x00000010   Code   RO         3440    i.DMA2_Stream2_IRQHandler  stm32f4xx_it.o
    0x08001040   0x00000010   Code   RO         3441    i.DMA2_Stream5_IRQHandler  stm32f4xx_it.o
    0x08001050   0x00000010   Code   RO         3442    i.DMA2_Stream7_IRQHandler  stm32f4xx_it.o
    0x08001060   0x00000034   Code   RO         2283    i.DMA_CalcBaseAndBitshift  stm32f4xx_hal_dma.o
    0x08001094   0x000000aa   Code   RO         2284    i.DMA_CheckFifoParam  stm32f4xx_hal_dma.o
    0x0800113e   0x0000002c   Code   RO         2285    i.DMA_SetConfig     stm32f4xx_hal_dma.o
    0x0800116a   0x00000002   Code   RO         3443    i.DebugMon_Handler  stm32f4xx_it.o
    0x0800116c   0x00000014   Code   RO         3444    i.EXTI15_10_IRQHandler  stm32f4xx_it.o
    0x08001180   0x0000000a   Code   RO         3445    i.EXTI2_IRQHandler  stm32f4xx_it.o
    0x0800118a   0x0000000a   Code   RO         3446    i.EXTI4_IRQHandler  stm32f4xx_it.o
    0x08001194   0x00000024   Code   RO         3291    i.HAL_CRC_Init      stm32f4xx_hal_crc.o
    0x080011b8   0x00000034   Code   RO         3348    i.HAL_CRC_MspInit   stm32f4xx_hal_msp.o
    0x080011ec   0x000000aa   Code   RO         2286    i.HAL_DMA_Abort     stm32f4xx_hal_dma.o
    0x08001296   0x00000028   Code   RO         2287    i.HAL_DMA_Abort_IT  stm32f4xx_hal_dma.o
    0x080012be   0x00000002   PAD
    0x080012c0   0x00000248   Code   RO         2291    i.HAL_DMA_IRQHandler  stm32f4xx_hal_dma.o
    0x08001508   0x000000ec   Code   RO         2292    i.HAL_DMA_Init      stm32f4xx_hal_dma.o
    0x080015f4   0x0000009e   Code   RO         2296    i.HAL_DMA_Start_IT  stm32f4xx_hal_dma.o
    0x08001692   0x00000002   PAD
    0x08001694   0x000000d4   Code   RO         4203    i.HAL_GPIO_EXTI_Callback  rf_hal.o
    0x08001768   0x0000001c   Code   RO          530    i.HAL_GPIO_EXTI_IRQHandler  stm32f4xx_hal_gpio.o
    0x08001784   0x0000021c   Code   RO          531    i.HAL_GPIO_Init     stm32f4xx_hal_gpio.o
    0x080019a0   0x00000010   Code   RO          533    i.HAL_GPIO_ReadPin  stm32f4xx_hal_gpio.o
    0x080019b0   0x00000008   Code   RO          534    i.HAL_GPIO_TogglePin  stm32f4xx_hal_gpio.o
    0x080019b8   0x0000000c   Code   RO          535    i.HAL_GPIO_WritePin  stm32f4xx_hal_gpio.o
    0x080019c4   0x0000000c   Code   RO          890    i.HAL_GetTick       stm32f4xx_hal.o
    0x080019d0   0x00000128   Code   RO         2835    i.HAL_I2C_Init      stm32f4xx_hal_i2c.o
    0x08001af8   0x0000005c   Code   RO         3350    i.HAL_I2C_MspInit   stm32f4xx_hal_msp.o
    0x08001b54   0x00000010   Code   RO          892    i.HAL_IncTick       stm32f4xx_hal.o
    0x08001b64   0x0000003c   Code   RO          893    i.HAL_Init          stm32f4xx_hal.o
    0x08001ba0   0x00000028   Code   RO          894    i.HAL_InitTick      stm32f4xx_hal.o
    0x08001bc8   0x00000056   Code   RO         3351    i.HAL_MspInit       stm32f4xx_hal_msp.o
    0x08001c1e   0x0000001a   Code   RO         2148    i.HAL_NVIC_EnableIRQ  stm32f4xx_hal_cortex.o
    0x08001c38   0x0000007c   Code   RO         2154    i.HAL_NVIC_SetPriority  stm32f4xx_hal_cortex.o
    0x08001cb4   0x00000028   Code   RO         2155    i.HAL_NVIC_SetPriorityGrouping  stm32f4xx_hal_cortex.o
    0x08001cdc   0x000001d0   Code   RO         1311    i.HAL_RCC_ClockConfig  stm32f4xx_hal_rcc.o
    0x08001eac   0x0000000c   Code   RO         1316    i.HAL_RCC_GetHCLKFreq  stm32f4xx_hal_rcc.o
    0x08001eb8   0x0000002c   Code   RO         1318    i.HAL_RCC_GetPCLK1Freq  stm32f4xx_hal_rcc.o
    0x08001ee4   0x0000002c   Code   RO         1319    i.HAL_RCC_GetPCLK2Freq  stm32f4xx_hal_rcc.o
    0x08001f10   0x000000b4   Code   RO         1320    i.HAL_RCC_GetSysClockFreq  stm32f4xx_hal_rcc.o
    0x08001fc4   0x0000044c   Code   RO         1323    i.HAL_RCC_OscConfig  stm32f4xx_hal_rcc.o
    0x08002410   0x0000008c   Code   RO         2400    i.HAL_SPI_Init      stm32f4xx_hal_spi.o
    0x0800249c   0x00000294   Code   RO         3353    i.HAL_SPI_MspInit   stm32f4xx_hal_msp.o
    0x08002730   0x0000016c   Code   RO         2403    i.HAL_SPI_Receive   stm32f4xx_hal_spi.o
    0x0800289c   0x000001a6   Code   RO         2408    i.HAL_SPI_Transmit  stm32f4xx_hal_spi.o
    0x08002a42   0x0000021e   Code   RO         2409    i.HAL_SPI_TransmitReceive  stm32f4xx_hal_spi.o
    0x08002c60   0x00000028   Code   RO         2157    i.HAL_SYSTICK_CLKSourceConfig  stm32f4xx_hal_cortex.o
    0x08002c88   0x000000c0   Code   RO         4364    i.HAL_SYSTICK_Callback  rf.o
    0x08002d48   0x00000034   Code   RO         2159    i.HAL_SYSTICK_Config  stm32f4xx_hal_cortex.o
    0x08002d7c   0x00000008   Code   RO         2160    i.HAL_SYSTICK_IRQHandler  stm32f4xx_hal_cortex.o
    0x08002d84   0x00000062   Code   RO          611    i.HAL_TIMEx_MasterConfigSynchronization  stm32f4xx_hal_tim_ex.o
    0x08002de6   0x00000034   Code   RO         1414    i.HAL_TIM_Base_Init  stm32f4xx_hal_tim.o
    0x08002e1a   0x00000002   PAD
    0x08002e1c   0x00000030   Code   RO         3355    i.HAL_TIM_Base_MspInit  stm32f4xx_hal_msp.o
    0x08002e4c   0x0000001e   Code   RO         1417    i.HAL_TIM_Base_Start  stm32f4xx_hal_tim.o
    0x08002e6a   0x00000132   Code   RO         1423    i.HAL_TIM_ConfigClockSource  stm32f4xx_hal_tim.o
    0x08002f9c   0x00000002   Code   RO          218    i.HAL_UART_ErrorCallback  stm32f4xx_hal_uart.o
    0x08002f9e   0x00000002   PAD
    0x08002fa0   0x0000014c   Code   RO          221    i.HAL_UART_IRQHandler  stm32f4xx_hal_uart.o
    0x080030ec   0x00000072   Code   RO          222    i.HAL_UART_Init     stm32f4xx_hal_uart.o
    0x0800315e   0x00000002   PAD
    0x08003160   0x00000318   Code   RO         3357    i.HAL_UART_MspInit  stm32f4xx_hal_msp.o
    0x08003478   0x000000c4   Code   RO          226    i.HAL_UART_Receive_DMA  stm32f4xx_hal_uart.o
    0x0800353c   0x00000002   Code   RO          228    i.HAL_UART_RxCpltCallback  stm32f4xx_hal_uart.o
    0x0800353e   0x00000002   Code   RO          229    i.HAL_UART_RxHalfCpltCallback  stm32f4xx_hal_uart.o
    0x08003540   0x0000009c   Code   RO          231    i.HAL_UART_Transmit_DMA  stm32f4xx_hal_uart.o
    0x080035dc   0x00000002   Code   RO          233    i.HAL_UART_TxCpltCallback  stm32f4xx_hal_uart.o
    0x080035de   0x00000002   Code   RO          234    i.HAL_UART_TxHalfCpltCallback  stm32f4xx_hal_uart.o
    0x080035e0   0x00000004   Code   RO         3447    i.HardFault_Handler  stm32f4xx_it.o
    0x080035e4   0x00000034   Code   RO         3605    i.MX_CRC_Init       main.o
    0x08003618   0x000000e8   Code   RO         3606    i.MX_DMA_Init       main.o
    0x08003700   0x000004b8   Code   RO         3607    i.MX_GPIO_Init      main.o
    0x08003bb8   0x00000054   Code   RO         3608    i.MX_I2C1_Init      main.o
    0x08003c0c   0x0000005c   Code   RO         3609    i.MX_SPI1_Init      main.o
    0x08003c68   0x0000005c   Code   RO         3610    i.MX_SPI3_Init      main.o
    0x08003cc4   0x0000005c   Code   RO         3611    i.MX_SPI4_Init      main.o
    0x08003d20   0x0000005c   Code   RO         3612    i.MX_SPI5_Init      main.o
    0x08003d7c   0x00000080   Code   RO         3613    i.MX_TIM2_Init      main.o
    0x08003dfc   0x0000004c   Code   RO         3614    i.MX_USART2_UART_Init  main.o
    0x08003e48   0x0000004c   Code   RO         3615    i.MX_USART3_UART_Init  main.o
    0x08003e94   0x0000004c   Code   RO         3616    i.MX_USART6_UART_Init  main.o
    0x08003ee0   0x00000004   Code   RO         3448    i.MemManage_Handler  stm32f4xx_it.o
    0x08003ee4   0x00000002   Code   RO         3449    i.NMI_Handler       stm32f4xx_it.o
    0x08003ee6   0x00000002   PAD
    0x08003ee8   0x00000010   Code   RO         2161    i.NVIC_GetPriorityGrouping  stm32f4xx_hal_cortex.o
    0x08003ef8   0x00000028   Code   RO         2162    i.NVIC_SetPriority  stm32f4xx_hal_cortex.o
    0x08003f20   0x00000002   Code   RO         3450    i.PendSV_Handler    stm32f4xx_it.o
    0x08003f22   0x00000028   Code   RO         2424    i.SPI_CheckFlag_BSY  stm32f4xx_hal_spi.o
    0x08003f4a   0x000000aa   Code   RO         2442    i.SPI_WaitFlagStateUntilTimeout  stm32f4xx_hal_spi.o
    0x08003ff4   0x00000002   Code   RO         3451    i.SVC_Handler       stm32f4xx_it.o
    0x08003ff6   0x0000000c   Code   RO         3452    i.SysTick_Handler   stm32f4xx_it.o
    0x08004002   0x00000002   PAD
    0x08004004   0x000000e4   Code   RO         3617    i.SystemClock_Config  main.o
    0x080040e8   0x00000064   Code   RO            5    i.SystemInit        system_stm32f4xx.o
    0x0800414c   0x000000e4   Code   RO         1498    i.TIM_Base_SetConfig  stm32f4xx_hal_tim.o
    0x08004230   0x00000018   Code   RO         1505    i.TIM_ETR_SetConfig  stm32f4xx_hal_tim.o
    0x08004248   0x00000014   Code   RO         1506    i.TIM_ITRx_SetConfig  stm32f4xx_hal_tim.o
    0x0800425c   0x0000002a   Code   RO         1512    i.TIM_TI1_ConfigInputStage  stm32f4xx_hal_tim.o
    0x08004286   0x0000002c   Code   RO         1514    i.TIM_TI2_ConfigInputStage  stm32f4xx_hal_tim.o
    0x080042b2   0x00000014   Code   RO          235    i.UART_DMAAbortOnError  stm32f4xx_hal_uart.o
    0x080042c6   0x00000050   Code   RO          236    i.UART_DMAError     stm32f4xx_hal_uart.o
    0x08004316   0x00000046   Code   RO          237    i.UART_DMAReceiveCplt  stm32f4xx_hal_uart.o
    0x0800435c   0x0000000e   Code   RO          239    i.UART_DMARxHalfCplt  stm32f4xx_hal_uart.o
    0x0800436a   0x00000036   Code   RO          241    i.UART_DMATransmitCplt  stm32f4xx_hal_uart.o
    0x080043a0   0x0000000e   Code   RO          243    i.UART_DMATxHalfCplt  stm32f4xx_hal_uart.o
    0x080043ae   0x00000020   Code   RO          245    i.UART_EndRxTransfer  stm32f4xx_hal_uart.o
    0x080043ce   0x00000020   Code   RO          246    i.UART_EndTransmit_IT  stm32f4xx_hal_uart.o
    0x080043ee   0x00000014   Code   RO          247    i.UART_EndTxTransfer  stm32f4xx_hal_uart.o
    0x08004402   0x0000009a   Code   RO          248    i.UART_Receive_IT   stm32f4xx_hal_uart.o
    0x0800449c   0x00000368   Code   RO          249    i.UART_SetConfig    stm32f4xx_hal_uart.o
    0x08004804   0x00000068   Code   RO          250    i.UART_Transmit_IT  stm32f4xx_hal_uart.o
    0x0800486c   0x00000020   Code   RO         3453    i.USART2_IRQHandler  stm32f4xx_it.o
    0x0800488c   0x00000020   Code   RO         3454    i.USART3_IRQHandler  stm32f4xx_it.o
    0x080048ac   0x00000020   Code   RO         3455    i.USART6_IRQHandler  stm32f4xx_it.o
    0x080048cc   0x00000004   Code   RO         3456    i.UsageFault_Handler  stm32f4xx_it.o
    0x080048d0   0x00000004   Code   RO         3618    i._Error_Handler    main.o
    0x080048d4   0x00000028   Code   RO         4728    i.__0sprintf$8      mc_w.l(printf8.o)
    0x080048fc   0x00000030   Code   RO         4808    i.__ARM_fpclassify  m_wm.l(fpclassify.o)
    0x0800492c   0x00000004   PAD
    0x08004930   0x00000c50   Code   RO         4494    i.__hardfp_pow      m_wm.l(pow.o)
    0x08005580   0x000000f8   Code   RO         4810    i.__kernel_poly     m_wm.l(poly.o)
    0x08005678   0x00000030   Code   RO         4788    i.__mathlib_dbl_divzero  m_wm.l(dunder.o)
    0x080056a8   0x00000014   Code   RO         4790    i.__mathlib_dbl_infnan2  m_wm.l(dunder.o)
    0x080056bc   0x00000004   PAD
    0x080056c0   0x00000020   Code   RO         4791    i.__mathlib_dbl_invalid  m_wm.l(dunder.o)
    0x080056e0   0x00000020   Code   RO         4792    i.__mathlib_dbl_overflow  m_wm.l(dunder.o)
    0x08005700   0x00000020   Code   RO         4794    i.__mathlib_dbl_underflow  m_wm.l(dunder.o)
    0x08005720   0x0000000e   Code   RO         4882    i.__scatterload_copy  mc_w.l(handlers.o)
    0x0800572e   0x00000002   Code   RO         4883    i.__scatterload_null  mc_w.l(handlers.o)
    0x08005730   0x0000000e   Code   RO         4884    i.__scatterload_zeroinit  mc_w.l(handlers.o)
    0x0800573e   0x00000002   PAD
    0x08005740   0x0000000c   Code   RO         4854    i.__set_errno       mc_w.l(errno.o)
    0x0800574c   0x00000410   Code   RO         4733    i._printf_core      mc_w.l(printf8.o)
    0x08005b5c   0x00000024   Code   RO         4734    i._printf_post_padding  mc_w.l(printf8.o)
    0x08005b80   0x0000002e   Code   RO         4735    i._printf_pre_padding  mc_w.l(printf8.o)
    0x08005bae   0x0000000a   Code   RO         4737    i._sputc            mc_w.l(printf8.o)
    0x08005bb8   0x00000050   Code   RO         4365    i.check_recode_data_if_repeat  rf.o
    0x08005c08   0x00000020   Code   RO         4366    i.clear_recode      rf.o
    0x08005c28   0x00000038   Code   RO         4044    i.close_tcp_conn    gprs_comm.o
    0x08005c60   0x00000022   Code   RO         3935    i.crc16             to_n1.o
    0x08005c82   0x00000002   PAD
    0x08005c84   0x00000018   Code   RO         3936    i.crc16_byte        to_n1.o
    0x08005c9c   0x00000028   Code   RO         3716    i.debug_cmd_handle  debug_uart.o
    0x08005cc4   0x00000030   Code   RO         3717    i.debug_uart_send_string  debug_uart.o
    0x08005cf4   0x00000018   Code   RO         4804    i.fabs              m_wm.l(fabs.o)
    0x08005d0c   0x000000a0   Code   RO         3849    i.from_n1_data_handle  from_n1.o
    0x08005dac   0x00000048   Code   RO         3718    i.get_cmd           debug_uart.o
    0x08005df4   0x00000050   Code   RO         3937    i.get_from_n1_buff  to_n1.o
    0x08005e44   0x0000000e   Code   RO         3719    i.get_gprs_stat     debug_uart.o
    0x08005e52   0x00000002   PAD
    0x08005e54   0x00000094   Code   RO         3720    i.get_q_string      debug_uart.o
    0x08005ee8   0x0000000e   Code   RO         3721    i.get_rf_stat       debug_uart.o
    0x08005ef6   0x00000002   PAD
    0x08005ef8   0x00000038   Code   RO         4367    i.get_slot_num      rf.o
    0x08005f30   0x00000070   Code   RO         3722    i.get_str_param     debug_uart.o
    0x08005fa0   0x00000018   Code   RO         4045    i.gprs_at_get_CGREG  gprs_comm.o
    0x08005fb8   0x00000038   Code   RO         4047    i.gprs_at_init      gprs_comm.o
    0x08005ff0   0x00000034   Code   RO         4048    i.gprs_at_tcp_close  gprs_comm.o
    0x08006024   0x00000064   Code   RO         4049    i.gprs_at_tcp_conn  gprs_comm.o
    0x08006088   0x000000fc   Code   RO         4050    i.gprs_data_handle  gprs_comm.o
    0x08006184   0x00000104   Code   RO         4051    i.gprs_get_cmd_param  gprs_comm.o
    0x08006288   0x00000220   Code   RO         4052    i.gprs_main_call    gprs_comm.o
    0x080064a8   0x00000010   Code   RO         4053    i.gprs_reboot       gprs_comm.o
    0x080064b8   0x000003a4   Code   RO         4056    i.gprs_str_cmd_handle  gprs_comm.o
    0x0800685c   0x00000038   Code   RO         4057    i.gprs_str_copy_to_queue  gprs_comm.o
    0x08006894   0x00000044   Code   RO         4058    i.gprs_str_read_queue  gprs_comm.o
    0x080068d8   0x000000ac   Code   RO         4059    i.gprs_str_to_int   gprs_comm.o
    0x08006984   0x00000050   Code   RO         4060    i.gprs_str_write_queue  gprs_comm.o
    0x080069d4   0x00000030   Code   RO         4061    i.gprs_uart_send_string  gprs_comm.o
    0x08006a04   0x00000014   Code   RO         3989    i.grps_power_off    gprs_hal.o
    0x08006a18   0x00000014   Code   RO         3990    i.grps_power_on     gprs_hal.o
    0x08006a2c   0x00000010   Code   RO         3723    i.help              debug_uart.o
    0x08006a3c   0x0000012c   Code   RO         3938    i.insert_to_n1_buff  to_n1.o
    0x08006b68   0x00000014   Code   RO         3991    i.led_1_close       gprs_hal.o
    0x08006b7c   0x000000a4   Code   RO         3619    i.main              main.o
    0x08006c20   0x00000024   Code   RO         4368    i.make_ack          rf.o
    0x08006c44   0x00000090   Code   RO         4369    i.make_data_to_n1   rf.o
    0x08006cd4   0x00000050   Code   RO         4062    i.make_gprs_stat    gprs_comm.o
    0x08006d24   0x000000c8   Code   RO         4205    i.make_rf_stat      rf_hal.o
    0x08006dec   0x00000020   Code   RO         3850    i.n1_get_2g_stat    from_n1.o
    0x08006e0c   0x00000020   Code   RO         3851    i.n1_get_ap_pram    from_n1.o
    0x08006e2c   0x0000001c   Code   RO         3852    i.n1_send_2g_data   from_n1.o
    0x08006e48   0x00000002   Code   RO         3853    i.n1_send_firmware  from_n1.o
    0x08006e4a   0x00000002   PAD
    0x08006e4c   0x00000090   Code   RO         3854    i.n1_set_ap_pram    from_n1.o
    0x08006edc   0x00000020   Code   RO         3855    i.n1_set_rp_param   from_n1.o
    0x08006efc   0x00000020   Code   RO         3856    i.n1_set_s_param    from_n1.o
    0x08006f1c   0x0000000e   Code   RO         4206    i.rf_cmd_tx         rf_hal.o
    0x08006f2a   0x00000002   PAD
    0x08006f2c   0x000002e8   Code   RO         4208    i.rf_init           rf_hal.o
    0x08007214   0x000002b0   Code   RO         4210    i.rf_io_tx_4        rf_hal.o
    0x080074c4   0x000000c0   Code   RO         4211    i.rf_manage         rf_hal.o
    0x08007584   0x00000098   Code   RO         4212    i.rf_power_off      rf_hal.o
    0x0800761c   0x00000068   Code   RO         4213    i.rf_power_on       rf_hal.o
    0x08007684   0x00000188   Code   RO         4215    i.rf_rx             rf_hal.o
    0x0800780c   0x0000018c   Code   RO         4370    i.rf_rx_data_handle  rf.o
    0x08007998   0x00000108   Code   RO         4216    i.rf_rx_voerflow_check  rf_hal.o
    0x08007aa0   0x000001ac   Code   RO         4371    i.rf_send_ack_packet  rf.o
    0x08007c4c   0x00000274   Code   RO         4372    i.rf_send_syn_packet  rf.o
    0x08007ec0   0x0000000c   Code   RO         4373    i.rf_send_updata_packet  rf.o
    0x08007ecc   0x0000001a   Code   RO         4217    i.rf_set_channel    rf_hal.o
    0x08007ee6   0x00000002   PAD
    0x08007ee8   0x000000d8   Code   RO         4219    i.rf_write_buff     rf_hal.o
    0x08007fc0   0x00000024   Code   RO         3724    i.send_gprs_200     debug_uart.o
    0x08007fe4   0x00000028   Code   RO         4063    i.send_gprs_200_    gprs_comm.o
    0x0800800c   0x0000002c   Code   RO         4064    i.send_gprs_data    gprs_comm.o
    0x08008038   0x0000009c   Code   RO         3725    i.set_rf_mode       debug_uart.o
    0x080080d4   0x00000050   Code   RO         3726    i.set_rp_ch         debug_uart.o
    0x08008124   0x00000054   Code   RO         3727    i.set_rp_slot       debug_uart.o
    0x08008178   0x00000090   Code   RO         3728    i.setrfch           debug_uart.o
    0x08008208   0x00000040   Code   RO         4220    i.spi_to_index      rf_hal.o
    0x08008248   0x0000006e   Code   RO         4815    i.sqrt              m_wm.l(sqrt.o)
    0x080082b6   0x00000002   PAD
    0x080082b8   0x00000028   Code   RO         3729    i.start_from_debug_dma_receive  debug_uart.o
    0x080082e0   0x00000028   Code   RO         3992    i.start_from_gprs_dma_receive  gprs_hal.o
    0x08008308   0x00000038   Code   RO         3857    i.start_from_n1_dma_receive  from_n1.o
    0x08008340   0x0000009c   Code   RO         3730    i.str_to_int        debug_uart.o
    0x080083dc   0x000000a8   Code   RO         3939    i.to_n1_buff_handle  to_n1.o
    0x08008484   0x00000050   Code   RO         3858    i.uart_form_n1_idle_callback  from_n1.o
    0x080084d4   0x00000054   Code   RO         3731    i.uart_from_debug_idle_callback  debug_uart.o
    0x08008528   0x00000044   Code   RO         3993    i.uart_from_gprs_idle_callback  gprs_hal.o
    0x0800856c   0x00000018   Data   RO            6    .constdata          system_stm32f4xx.o
    0x08008584   0x00000008   Data   RO         2298    .constdata          stm32f4xx_hal_dma.o
    0x0800858c   0x00000200   Data   RO         3941    .constdata          to_n1.o
    0x0800878c   0x00000004   PAD
    0x08008790   0x00000088   Data   RO         4497    .constdata          m_wm.l(pow.o)
    0x08008818   0x00000008   Data   RO         4812    .constdata          m_wm.l(qnan.o)
    0x08008820   0x00000186   Data   RO         3733    .conststring        debug_uart.o
    0x080089a6   0x00000002   PAD
    0x080089a8   0x000000db   Data   RO         4066    .conststring        gprs_comm.o
    0x08008a83   0x00000001   PAD
    0x08008a84   0x000000b6   Data   RO         4222    .conststring        rf_hal.o
    0x08008b3a   0x00000002   PAD
    0x08008b3c   0x00000020   Data   RO         4880    Region$$Table       anon$$obj.o


    Execution Region RW_IRAM1 (Base: 0x20000000, Size: 0x00007220, Max: 0x00030000, ABSOLUTE, COMPRESSED[0x000000c4])

    Base Addr    Size         Type   Attr      Idx    E Section Name        Object

    0x20000000   0x00000004   Data   RW            7    .data               system_stm32f4xx.o
    0x20000004   0x00000004   Data   RW          899    .data               stm32f4xx_hal.o
    0x20000008   0x00000024   Data   RW         3621    .data               main.o
    0x2000002c   0x00000050   Data   RW         3734    .data               debug_uart.o
    0x2000007c   0x00000004   Data   RW         3860    .data               from_n1.o
    0x20000080   0x0000001c   Data   RW         3942    .data               to_n1.o
    0x2000009c   0x00000070   Data   RW         4067    .data               gprs_comm.o
    0x2000010c   0x0000003c   Data   RW         4223    .data               rf_hal.o
    0x20000148   0x00000060   Data   RW         4375    .data               rf.o
    0x200001a8   0x00000004   Data   RW         4855    .data               mc_w.l(errno.o)
    0x200001ac   0x00000670   Zero   RW         3620    .bss                main.o
    0x2000081c   0x000003b4   Zero   RW         3732    .bss                debug_uart.o
    0x20000bd0   0x00000200   Zero   RW         3859    .bss                from_n1.o
    0x20000dd0   0x00003300   Zero   RW         3940    .bss                to_n1.o
    0x200040d0   0x00000600   Zero   RW         3994    .bss                gprs_hal.o
    0x200046d0   0x00001a68   Zero   RW         4065    .bss                gprs_comm.o
    0x20006138   0x0000040c   Zero   RW         4221    .bss                rf_hal.o
    0x20006544   0x000004ae   Zero   RW         4374    .bss                rf.o
    0x200069f2   0x00000029   Zero   RW         4455    .bss                ap_param.o
    0x20006a1b   0x00000005   PAD
    0x20006a20   0x00000800   Zero   RW          142    STACK               startup_stm32f429xx.o


==============================================================================

Image component sizes


      Code (inc. data)   RO Data    RW Data    ZI Data      Debug   Object Name

         0          0          0          0         41       1199   ap_param.o
      1244        238        390         80        948      11693   debug_uart.o
       598        116          0          4        512       6766   from_n1.o
      2880        690        219        112       6760      14919   gprs_comm.o
       168         36          0          0       1536       3117   gprs_hal.o
      2696        356          0         36       1648      11024   main.o
      2420        240          0         96       1198      17492   rf.o
      4656        424        182         60       1036      13751   rf_hal.o
        36          8        428          0       2048        788   startup_stm32f429xx.o
       128         20          0          4          0       3739   stm32f4xx_hal.o
       346         22          0          0          0      31958   stm32f4xx_hal_cortex.o
        36          0          0          0          0       1011   stm32f4xx_hal_crc.o
      1454         20          8          0          0       6914   stm32f4xx_hal_dma.o
       604         58          0          0          0       4171   stm32f4xx_hal_gpio.o
       296         10          0          0          0       1883   stm32f4xx_hal_i2c.o
      1730        202          0          0          0       5262   stm32f4xx_hal_msp.o
      1844         80          0          0          0       5372   stm32f4xx_hal_rcc.o
      1678          0          0          0          0       6598   stm32f4xx_hal_spi.o
       746         44          0          0          0       6138   stm32f4xx_hal_tim.o
        98          0          0          0          0       1140   stm32f4xx_hal_tim_ex.o
      2274         42          0          0          0      14074   stm32f4xx_hal_uart.o
       332         78          0          0          0      11727   stm32f4xx_it.o
       100         18         24          4          0     748859   system_stm32f4xx.o
       606         50        512         28      13056       4491   to_n1.o

    ----------------------------------------------------------------------
     26996       2752       1804        424      28788     934086   Object Totals
         0          0         32          0          0          0   (incl. Generated)
        26          0          9          0          5          0   (incl. Padding)

    ----------------------------------------------------------------------

      Code (inc. data)   RO Data    RW Data    ZI Data      Debug   Library Member Name

       164         44          0          0          0        620   dunder.o
        24          0          0          0          0        124   fabs.o
        48          0          0          0          0        124   fpclassify.o
       248          0          0          0          0        152   poly.o
      3152        296        136          0          0        352   pow.o
         0          0          8          0          0          0   qnan.o
       110          0          0          0          0        148   sqrt.o
        86          0          0          0          0          0   __dczerorl2.o
         0          0          0          0          0          0   entry.o
         0          0          0          0          0          0   entry10a.o
         0          0          0          0          0          0   entry11a.o
         8          4          0          0          0          0   entry2.o
         4          0          0          0          0          0   entry5.o
         0          0          0          0          0          0   entry7b.o
         0          0          0          0          0          0   entry8b.o
         8          4          0          0          0          0   entry9a.o
        12          6          0          4          0         68   errno.o
        30          0          0          0          0          0   handlers.o
        36          8          0          0          0         68   init.o
         0          0          0          0          0          0   iusefp.o
        30          0          0          0          0         68   llshl.o
        36          0          0          0          0         68   llsshr.o
        32          0          0          0          0         68   llushr.o
        36          0          0          0          0         68   memcpya.o
        36          0          0          0          0        108   memseta.o
      1172         50          0          0          0        420   printf8.o
        28          0          0          0          0         76   strcmp.o
        98          0          0          0          0         92   uldiv.o
        48          0          0          0          0         68   cdrcmple.o
       334          0          0          0          0        148   dadd.o
       222          0          0          0          0        100   ddiv.o
       186          0          0          0          0        176   depilogue.o
        62          0          0          0          0         80   dfixi.o
        34          0          0          0          0         76   dflti.o
       228          0          0          0          0         96   dmul.o
        46          0          0          0          0         80   dscalb.o
       162          0          0          0          0        100   dsqrt.o

    ----------------------------------------------------------------------
      6732        412        144          4          0       3548   Library Totals
        12          0          0          0          0          0   (incl. Padding)

    ----------------------------------------------------------------------

      Code (inc. data)   RO Data    RW Data    ZI Data      Debug   Library Name

      3746        340        144          0          0       1520   m_wm.l
      1652         72          0          4          0       1104   mc_w.l
      1322          0          0          0          0        924   mf_w.l

    ----------------------------------------------------------------------
      6732        412        144          4          0       3548   Library Totals

    ----------------------------------------------------------------------

==============================================================================


      Code (inc. data)   RO Data    RW Data    ZI Data      Debug   

     33728       3164       1948        428      28788     916578   Grand Totals
     33728       3164       1948        196      28788     916578   ELF Image Totals (compressed)
     33728       3164       1948        196          0          0   ROM Totals

==============================================================================

    Total RO  Size (Code + RO Data)                35676 (  34.84kB)
    Total RW  Size (RW Data + ZI Data)             29216 (  28.53kB)
    Total ROM Size (Code + RO Data + RW Data)      35872 (  35.03kB)

==============================================================================

