<html>
<body>
<pre>
<h1>礦ision Build Log</h1>
<h2>Tool Versions:</h2>
IDE-Version: μVision V5.21.1.0
Copyright (C) 2016 ARM Ltd and ARM Germany GmbH. All rights reserved.
License Information: 55 Administrator, 55, LIC=03CX7-EH5ZD-ZWI2V-PP222-AZNPF-I3WIV
 
Tool Versions:
Toolchain:       MDK-ARM Plus  Version: 5.21a
Toolchain Path:  C:\Keil_v5\ARM\ARMCC\Bin
C Compiler:      Armcc.exe V5.06 update 3 (build 300)
Assembler:       Armasm.exe V5.06 update 3 (build 300)
Linker/Locator:  ArmLink.exe V5.06 update 3 (build 300)
Library Manager: ArmAr.exe V5.06 update 3 (build 300)
Hex Converter:   FromElf.exe V5.06 update 3 (build 300)
CPU DLL:         SARMCM3.DLL V5.21a
Dialog DLL:      DCM.DLL V1.13.8.0
Target DLL:      Segger\JL2CM3.dll V2.99.23.0
Dialog DLL:      TCM.DLL V1.14.14.0
 
<h2>Project:</h2>
E:\工作\AP_4RF\AP_RF4_Boot\boot\MDK-ARM\boot.uvprojx
Project File Date:  08/31/2017

<h2>Output:</h2>
*** Using Compiler 'V5.06 update 3 (build 300)', folder: 'C:\Keil_v5\ARM\ARMCC\Bin'
Build target 'boot'
compiling boot.c...
..\boot.c(155): warning:  #177-D: variable "reback" was declared but never referenced
  	uint8_t reback[20];
..\boot.c(200): warning:  #144-D: a value of type "void *" cannot be used to initialize an entity of type "void (*)()"
  	void( *pfunc)() = (void( *))(*((uint32_t *)0x08004004));
..\boot.c(196): warning:  #177-D: variable "i" was declared but never referenced
  	int i;
..\boot.c(200): warning:  #177-D: variable "pfunc" was declared but never referenced
  	void( *pfunc)() = (void( *))(*((uint32_t *)0x08004004));
..\boot.c(279): warning:  #550-D: variable "uiCrcValue" was set but never used
  	int16_t uiCrcValue=0;
..\boot.c: 5 warnings, 0 errors
linking...
Program Size: Code=9868 RO-data=1004 RW-data=68 ZI-data=2044  
FromELF: creating hex file...
"boot\boot.axf" - 0 Error(s), 5 Warning(s).

<h2>Software Packages used:</h2>

Package Vendor: ARM
                http://www.keil.com/pack/ARM.CMSIS.5.0.1.pack
                ARM::CMSIS:CORE:5.0.1
                CMSIS (Cortex Microcontroller Software Interface Standard)
   * Component: CORE Version: 5.0.1

<h2>Collection of Component include folders:</h2>
  E:\工作\AP_4RF\AP_RF4_Boot\boot\MDK-ARM\RTE
  C:\Keil_v5\ARM\PACK\ARM\CMSIS\5.0.1\CMSIS\Include
  C:\Keil_v5\ARM\PACK\Keil\STM32F4xx_DFP\2.11.0\Drivers\CMSIS\Device\ST\STM32F4xx\Include

<h2>Collection of Component Files used:</h2>

   * Component: ARM::CMSIS:CORE:5.0.1
Build Time Elapsed:  00:00:11
</pre>
</body>
</html>
